Archive member included to satisfy reference by file (symbol)

d:/tool/nios2eds/bin/gnu/h-x86_64-mingw32/bin/../lib/gcc/nios2-elf/5.3.0/../../../../../H-x86_64-mingw32/nios2-elf/lib/mno-hw-mul\libsmallc.a(lib_a-printf.o)
                              obj/default/hello_world.o (printf)
d:/tool/nios2eds/bin/gnu/h-x86_64-mingw32/bin/../lib/gcc/nios2-elf/5.3.0/../../../../../H-x86_64-mingw32/nios2-elf/lib/mno-hw-mul\libsmallc.a(lib_a-vfprintf.o)
                              d:/tool/nios2eds/bin/gnu/h-x86_64-mingw32/bin/../lib/gcc/nios2-elf/5.3.0/../../../../../H-x86_64-mingw32/nios2-elf/lib/mno-hw-mul\libsmallc.a(lib_a-printf.o) (___vfprintf_internal_r)
d:/tool/nios2eds/bin/gnu/h-x86_64-mingw32/bin/../lib/gcc/nios2-elf/5.3.0/../../../../../H-x86_64-mingw32/nios2-elf/lib/mno-hw-mul\libsmallc.a(lib_a-fvwrite_small_dev.o)
                              d:/tool/nios2eds/bin/gnu/h-x86_64-mingw32/bin/../lib/gcc/nios2-elf/5.3.0/../../../../../H-x86_64-mingw32/nios2-elf/lib/mno-hw-mul\libsmallc.a(lib_a-printf.o) (__sfvwrite_small_dev)
d:/tool/nios2eds/bin/gnu/h-x86_64-mingw32/bin/../lib/gcc/nios2-elf/5.3.0/../../../../../H-x86_64-mingw32/nios2-elf/lib/mno-hw-mul\libsmallc.a(lib_a-impure.o)
                              d:/tool/nios2eds/bin/gnu/h-x86_64-mingw32/bin/../lib/gcc/nios2-elf/5.3.0/../../../../../H-x86_64-mingw32/nios2-elf/lib/mno-hw-mul\libsmallc.a(lib_a-printf.o) (_impure_ptr)
d:/tool/nios2eds/bin/gnu/h-x86_64-mingw32/bin/../lib/gcc/nios2-elf/5.3.0/../../../../../H-x86_64-mingw32/nios2-elf/lib/mno-hw-mul\libsmallc.a(lib_a-strlen.o)
                              d:/tool/nios2eds/bin/gnu/h-x86_64-mingw32/bin/../lib/gcc/nios2-elf/5.3.0/../../../../../H-x86_64-mingw32/nios2-elf/lib/mno-hw-mul\libsmallc.a(lib_a-vfprintf.o) (strlen)
d:/tool/nios2eds/bin/gnu/h-x86_64-mingw32/bin/../lib/gcc/nios2-elf/5.3.0/../../../../../H-x86_64-mingw32/nios2-elf/lib/mno-hw-mul\libsmallc.a(lib_a-writer.o)
                              d:/tool/nios2eds/bin/gnu/h-x86_64-mingw32/bin/../lib/gcc/nios2-elf/5.3.0/../../../../../H-x86_64-mingw32/nios2-elf/lib/mno-hw-mul\libsmallc.a(lib_a-fvwrite_small_dev.o) (_write_r)
d:/tool/nios2eds/bin/gnu/h-x86_64-mingw32/bin/../lib/gcc/nios2-elf/5.3.0/../../../../../H-x86_64-mingw32/nios2-elf/lib/mno-hw-mul\libsmallc.a(lib_a-int_errno.o)
                              d:/tool/nios2eds/bin/gnu/h-x86_64-mingw32/bin/../lib/gcc/nios2-elf/5.3.0/../../../../../H-x86_64-mingw32/nios2-elf/lib/mno-hw-mul\libsmallc.a(lib_a-writer.o) (errno)
d:/tool/nios2eds/bin/gnu/h-x86_64-mingw32/bin/../lib/gcc/nios2-elf/5.3.0/mno-hw-mul\libgcc.a(lib2-divmod.o)
                              d:/tool/nios2eds/bin/gnu/h-x86_64-mingw32/bin/../lib/gcc/nios2-elf/5.3.0/../../../../../H-x86_64-mingw32/nios2-elf/lib/mno-hw-mul\libsmallc.a(lib_a-vfprintf.o) (__udivsi3)
d:/tool/nios2eds/bin/gnu/h-x86_64-mingw32/bin/../lib/gcc/nios2-elf/5.3.0/mno-hw-mul\libgcc.a(lib2-mul.o)
                              d:/tool/nios2eds/bin/gnu/h-x86_64-mingw32/bin/../lib/gcc/nios2-elf/5.3.0/../../../../../H-x86_64-mingw32/nios2-elf/lib/mno-hw-mul\libsmallc.a(lib_a-vfprintf.o) (__mulsi3)
../bt_bsp/\libhal_bsp.a(alt_load.o)
                              ../bt_bsp//obj/HAL/src/crt0.o (alt_load)
../bt_bsp/\libhal_bsp.a(alt_main.o)
                              ../bt_bsp//obj/HAL/src/crt0.o (alt_main)
../bt_bsp/\libhal_bsp.a(alt_write.o)
                              d:/tool/nios2eds/bin/gnu/h-x86_64-mingw32/bin/../lib/gcc/nios2-elf/5.3.0/../../../../../H-x86_64-mingw32/nios2-elf/lib/mno-hw-mul\libsmallc.a(lib_a-writer.o) (write)
../bt_bsp/\libhal_bsp.a(alt_sys_init.o)
                              ../bt_bsp/\libhal_bsp.a(alt_main.o) (alt_irq_init)
../bt_bsp/\libhal_bsp.a(altera_avalon_jtag_uart_fd.o)
                              ../bt_bsp/\libhal_bsp.a(alt_sys_init.o) (altera_avalon_jtag_uart_read_fd)
../bt_bsp/\libhal_bsp.a(altera_avalon_jtag_uart_read.o)
                              ../bt_bsp/\libhal_bsp.a(altera_avalon_jtag_uart_fd.o) (altera_avalon_jtag_uart_read)
../bt_bsp/\libhal_bsp.a(altera_avalon_jtag_uart_write.o)
                              ../bt_bsp/\libhal_bsp.a(altera_avalon_jtag_uart_fd.o) (altera_avalon_jtag_uart_write)
../bt_bsp/\libhal_bsp.a(alt_close.o)
                              ../bt_bsp/\libhal_bsp.a(alt_main.o) (close)
../bt_bsp/\libhal_bsp.a(alt_dcache_flush_all.o)
                              ../bt_bsp/\libhal_bsp.a(alt_load.o) (alt_dcache_flush_all)
../bt_bsp/\libhal_bsp.a(alt_dev.o)
                              ../bt_bsp/\libhal_bsp.a(alt_sys_init.o) (alt_dev_list)
../bt_bsp/\libhal_bsp.a(alt_dev_llist_insert.o)
                              ../bt_bsp/\libhal_bsp.a(alt_sys_init.o) (alt_dev_llist_insert)
../bt_bsp/\libhal_bsp.a(alt_do_ctors.o)
                              ../bt_bsp/\libhal_bsp.a(alt_main.o) (_do_ctors)
../bt_bsp/\libhal_bsp.a(alt_do_dtors.o)
                              ../bt_bsp/\libhal_bsp.a(alt_main.o) (_do_dtors)
../bt_bsp/\libhal_bsp.a(alt_errno.o)
                              ../bt_bsp/\libhal_bsp.a(alt_write.o) (alt_errno)
../bt_bsp/\libhal_bsp.a(alt_icache_flush_all.o)
                              ../bt_bsp/\libhal_bsp.a(alt_load.o) (alt_icache_flush_all)
../bt_bsp/\libhal_bsp.a(alt_io_redirect.o)
                              ../bt_bsp/\libhal_bsp.a(alt_main.o) (alt_io_redirect)
../bt_bsp/\libhal_bsp.a(alt_open.o)
                              ../bt_bsp/\libhal_bsp.a(alt_io_redirect.o) (open)
../bt_bsp/\libhal_bsp.a(alt_release_fd.o)
                              ../bt_bsp/\libhal_bsp.a(alt_close.o) (alt_release_fd)
../bt_bsp/\libhal_bsp.a(altera_nios2_gen2_irq.o)
                              ../bt_bsp/\libhal_bsp.a(alt_sys_init.o) (altera_nios2_gen2_irq_init)
../bt_bsp/\libhal_bsp.a(alt_find_dev.o)
                              ../bt_bsp/\libhal_bsp.a(alt_open.o) (alt_find_dev)
../bt_bsp/\libhal_bsp.a(alt_find_file.o)
                              ../bt_bsp/\libhal_bsp.a(alt_open.o) (alt_find_file)
../bt_bsp/\libhal_bsp.a(alt_get_fd.o)
                              ../bt_bsp/\libhal_bsp.a(alt_open.o) (alt_get_fd)
d:/tool/nios2eds/bin/gnu/h-x86_64-mingw32/bin/../lib/gcc/nios2-elf/5.3.0/../../../../../H-x86_64-mingw32/nios2-elf/lib/mno-hw-mul\libsmallc.a(lib_a-atexit.o)
                              ../bt_bsp/\libhal_bsp.a(alt_main.o) (atexit)
d:/tool/nios2eds/bin/gnu/h-x86_64-mingw32/bin/../lib/gcc/nios2-elf/5.3.0/../../../../../H-x86_64-mingw32/nios2-elf/lib/mno-hw-mul\libsmallc.a(lib_a-exit.o)
                              ../bt_bsp/\libhal_bsp.a(alt_main.o) (exit)
d:/tool/nios2eds/bin/gnu/h-x86_64-mingw32/bin/../lib/gcc/nios2-elf/5.3.0/../../../../../H-x86_64-mingw32/nios2-elf/lib/mno-hw-mul\libsmallc.a(lib_a-memcmp.o)
                              ../bt_bsp/\libhal_bsp.a(alt_find_dev.o) (memcmp)
d:/tool/nios2eds/bin/gnu/h-x86_64-mingw32/bin/../lib/gcc/nios2-elf/5.3.0/../../../../../H-x86_64-mingw32/nios2-elf/lib/mno-hw-mul\libsmallc.a(lib_a-__atexit.o)
                              d:/tool/nios2eds/bin/gnu/h-x86_64-mingw32/bin/../lib/gcc/nios2-elf/5.3.0/../../../../../H-x86_64-mingw32/nios2-elf/lib/mno-hw-mul\libsmallc.a(lib_a-atexit.o) (__register_exitproc)
d:/tool/nios2eds/bin/gnu/h-x86_64-mingw32/bin/../lib/gcc/nios2-elf/5.3.0/../../../../../H-x86_64-mingw32/nios2-elf/lib/mno-hw-mul\libsmallc.a(lib_a-__call_atexit.o)
                              d:/tool/nios2eds/bin/gnu/h-x86_64-mingw32/bin/../lib/gcc/nios2-elf/5.3.0/../../../../../H-x86_64-mingw32/nios2-elf/lib/mno-hw-mul\libsmallc.a(lib_a-exit.o) (__call_exitprocs)
../bt_bsp/\libhal_bsp.a(alt_exit.o)
                              d:/tool/nios2eds/bin/gnu/h-x86_64-mingw32/bin/../lib/gcc/nios2-elf/5.3.0/../../../../../H-x86_64-mingw32/nios2-elf/lib/mno-hw-mul\libsmallc.a(lib_a-exit.o) (_exit)

Allocating common symbols
Common symbol       size              file

errno               0x4               d:/tool/nios2eds/bin/gnu/h-x86_64-mingw32/bin/../lib/gcc/nios2-elf/5.3.0/../../../../../H-x86_64-mingw32/nios2-elf/lib/mno-hw-mul\libsmallc.a(lib_a-int_errno.o)

Memory Configuration

Name             Origin             Length             Attributes
reset            0x0000000000008000 0x0000000000000020
onchip_memory2_0 0x0000000000008020 0x0000000000007fe0
*default*        0x0000000000000000 0xffffffffffffffff

Linker script and memory map

LOAD ../bt_bsp//obj/HAL/src/crt0.o
LOAD obj/default/hello_world.o
LOAD d:/tool/nios2eds/bin/gnu/h-x86_64-mingw32/bin/../lib/gcc/nios2-elf/5.3.0/../../../../../H-x86_64-mingw32/nios2-elf/lib/mno-hw-mul\libstdc++.a
LOAD d:/tool/nios2eds/bin/gnu/h-x86_64-mingw32/bin/../lib/gcc/nios2-elf/5.3.0/../../../../../H-x86_64-mingw32/nios2-elf/lib/mno-hw-mul\libm.a
LOAD d:/tool/nios2eds/bin/gnu/h-x86_64-mingw32/bin/../lib/gcc/nios2-elf/5.3.0/mno-hw-mul\libgcc.a
START GROUP
LOAD d:/tool/nios2eds/bin/gnu/h-x86_64-mingw32/bin/../lib/gcc/nios2-elf/5.3.0/../../../../../H-x86_64-mingw32/nios2-elf/lib/mno-hw-mul\libsmallc.a
LOAD d:/tool/nios2eds/bin/gnu/h-x86_64-mingw32/bin/../lib/gcc/nios2-elf/5.3.0/mno-hw-mul\libgcc.a
LOAD ../bt_bsp/\libhal_bsp.a
LOAD d:/tool/nios2eds/bin/gnu/h-x86_64-mingw32/bin/../lib/gcc/nios2-elf/5.3.0/../../../../../H-x86_64-mingw32/nios2-elf/lib/mno-hw-mul\libm.a
END GROUP
LOAD d:/tool/nios2eds/bin/gnu/h-x86_64-mingw32/bin/../lib/gcc/nios2-elf/5.3.0/mno-hw-mul\libgcc.a
                0x0000000000008000                __alt_mem_onchip_memory2_0 = 0x8000

.entry          0x0000000000008000       0x20
 *(.entry)
 .entry         0x0000000000008000       0x20 ../bt_bsp//obj/HAL/src/crt0.o
                0x0000000000008000                __reset

.exceptions     0x0000000000008020        0x0
                0x0000000000008020                PROVIDE (__ram_exceptions_start, ABSOLUTE (.))
                0x0000000000008020                . = ALIGN (0x20)
 *(.irq)
 *(.exceptions.entry.label)
 *(.exceptions.entry.user)
 *(.exceptions.entry.ecc_fatal)
 *(.exceptions.entry)
 *(.exceptions.irqtest.user)
 *(.exceptions.irqtest)
 *(.exceptions.irqhandler.user)
 *(.exceptions.irqhandler)
 *(.exceptions.irqreturn.user)
 *(.exceptions.irqreturn)
 *(.exceptions.notirq.label)
 *(.exceptions.notirq.user)
 *(.exceptions.notirq)
 *(.exceptions.soft.user)
 *(.exceptions.soft)
 *(.exceptions.unknown.user)
 *(.exceptions.unknown)
 *(.exceptions.exit.label)
 *(.exceptions.exit.user)
 *(.exceptions.exit)
 *(.exceptions)
                0x0000000000008020                PROVIDE (__ram_exceptions_end, ABSOLUTE (.))
                0x0000000000008020                PROVIDE (__flash_exceptions_start, LOADADDR (.exceptions))

.text           0x0000000000008020     0x1ce8
                [!provide]                        PROVIDE (stext, ABSOLUTE (.))
 *(.interp)
 *(.hash)
 *(.dynsym)
 *(.dynstr)
 *(.gnu.version)
 *(.gnu.version_d)
 *(.gnu.version_r)
 *(.rel.init)
 *(.rela.init)
 *(.rel.text .rel.text.* .rel.gnu.linkonce.t.*)
 *(.rela.text .rela.text.* .rela.gnu.linkonce.t.*)
 *(.rel.fini)
 *(.rela.fini)
 *(.rel.rodata .rel.rodata.* .rel.gnu.linkonce.r.*)
 *(.rela.rodata .rela.rodata.* .rela.gnu.linkonce.r.*)
 *(.rel.data .rel.data.* .rel.gnu.linkonce.d.*)
 *(.rela.data .rela.data.* .rela.gnu.linkonce.d.*)
 *(.rel.tdata .rel.tdata.* .rel.gnu.linkonce.td.*)
 *(.rela.tdata .rela.tdata.* .rela.gnu.linkonce.td.*)
 *(.rel.tbss .rel.tbss.* .rel.gnu.linkonce.tb.*)
 *(.rela.tbss .rela.tbss.* .rela.gnu.linkonce.tb.*)
 *(.rel.ctors)
 *(.rela.ctors)
 *(.rel.dtors)
 *(.rela.dtors)
 *(.rel.got)
 *(.rela.got)
 *(.rel.sdata .rel.sdata.* .rel.gnu.linkonce.s.*)
 *(.rela.sdata .rela.sdata.* .rela.gnu.linkonce.s.*)
 *(.rel.sbss .rel.sbss.* .rel.gnu.linkonce.sb.*)
 *(.rela.sbss .rela.sbss.* .rela.gnu.linkonce.sb.*)
 *(.rel.sdata2 .rel.sdata2.* .rel.gnu.linkonce.s2.*)
 *(.rela.sdata2 .rela.sdata2.* .rela.gnu.linkonce.s2.*)
 *(.rel.sbss2 .rel.sbss2.* .rel.gnu.linkonce.sb2.*)
 *(.rela.sbss2 .rela.sbss2.* .rela.gnu.linkonce.sb2.*)
 *(.rel.bss .rel.bss.* .rel.gnu.linkonce.b.*)
 *(.rela.bss .rela.bss.* .rela.gnu.linkonce.b.*)
 *(.rel.plt)
 *(.rela.plt)
 *(.rel.dyn)
 *(.init)
 *(.plt)
 *(.text .stub .text.* .gnu.linkonce.t.*)
 .text          0x0000000000008020       0x3c ../bt_bsp//obj/HAL/src/crt0.o
                0x0000000000008020                _start
 .text          0x000000000000805c       0x5c obj/default/hello_world.o
                0x000000000000805c                main
 .text          0x00000000000080b8        0x0 d:/tool/nios2eds/bin/gnu/h-x86_64-mingw32/bin/../lib/gcc/nios2-elf/5.3.0/../../../../../H-x86_64-mingw32/nios2-elf/lib/mno-hw-mul\libsmallc.a(lib_a-printf.o)
 .text._printf_r
                0x00000000000080b8       0x3c d:/tool/nios2eds/bin/gnu/h-x86_64-mingw32/bin/../lib/gcc/nios2-elf/5.3.0/../../../../../H-x86_64-mingw32/nios2-elf/lib/mno-hw-mul\libsmallc.a(lib_a-printf.o)
                0x00000000000080b8                _printf_r
 .text.printf   0x00000000000080f4       0x4c d:/tool/nios2eds/bin/gnu/h-x86_64-mingw32/bin/../lib/gcc/nios2-elf/5.3.0/../../../../../H-x86_64-mingw32/nios2-elf/lib/mno-hw-mul\libsmallc.a(lib_a-printf.o)
                0x00000000000080f4                printf
 .text          0x0000000000008140        0x0 d:/tool/nios2eds/bin/gnu/h-x86_64-mingw32/bin/../lib/gcc/nios2-elf/5.3.0/../../../../../H-x86_64-mingw32/nios2-elf/lib/mno-hw-mul\libsmallc.a(lib_a-vfprintf.o)
 .text.print_repeat
                0x0000000000008140       0x6c d:/tool/nios2eds/bin/gnu/h-x86_64-mingw32/bin/../lib/gcc/nios2-elf/5.3.0/../../../../../H-x86_64-mingw32/nios2-elf/lib/mno-hw-mul\libsmallc.a(lib_a-vfprintf.o)
 .text.___vfprintf_internal_r
                0x00000000000081ac      0x52c d:/tool/nios2eds/bin/gnu/h-x86_64-mingw32/bin/../lib/gcc/nios2-elf/5.3.0/../../../../../H-x86_64-mingw32/nios2-elf/lib/mno-hw-mul\libsmallc.a(lib_a-vfprintf.o)
                0x00000000000081ac                ___vfprintf_internal_r
 .text.__vfprintf_internal
                0x00000000000086d8       0x1c d:/tool/nios2eds/bin/gnu/h-x86_64-mingw32/bin/../lib/gcc/nios2-elf/5.3.0/../../../../../H-x86_64-mingw32/nios2-elf/lib/mno-hw-mul\libsmallc.a(lib_a-vfprintf.o)
                0x00000000000086d8                __vfprintf_internal
 .text          0x00000000000086f4        0x0 d:/tool/nios2eds/bin/gnu/h-x86_64-mingw32/bin/../lib/gcc/nios2-elf/5.3.0/../../../../../H-x86_64-mingw32/nios2-elf/lib/mno-hw-mul\libsmallc.a(lib_a-fvwrite_small_dev.o)
 .text.__sfvwrite_small_dev
                0x00000000000086f4       0xb8 d:/tool/nios2eds/bin/gnu/h-x86_64-mingw32/bin/../lib/gcc/nios2-elf/5.3.0/../../../../../H-x86_64-mingw32/nios2-elf/lib/mno-hw-mul\libsmallc.a(lib_a-fvwrite_small_dev.o)
                0x00000000000086f4                __sfvwrite_small_dev
 .text          0x00000000000087ac        0x0 d:/tool/nios2eds/bin/gnu/h-x86_64-mingw32/bin/../lib/gcc/nios2-elf/5.3.0/../../../../../H-x86_64-mingw32/nios2-elf/lib/mno-hw-mul\libsmallc.a(lib_a-impure.o)
 .text          0x00000000000087ac        0x0 d:/tool/nios2eds/bin/gnu/h-x86_64-mingw32/bin/../lib/gcc/nios2-elf/5.3.0/../../../../../H-x86_64-mingw32/nios2-elf/lib/mno-hw-mul\libsmallc.a(lib_a-strlen.o)
 .text.strlen   0x00000000000087ac       0x1c d:/tool/nios2eds/bin/gnu/h-x86_64-mingw32/bin/../lib/gcc/nios2-elf/5.3.0/../../../../../H-x86_64-mingw32/nios2-elf/lib/mno-hw-mul\libsmallc.a(lib_a-strlen.o)
                0x00000000000087ac                strlen
 .text          0x00000000000087c8        0x0 d:/tool/nios2eds/bin/gnu/h-x86_64-mingw32/bin/../lib/gcc/nios2-elf/5.3.0/../../../../../H-x86_64-mingw32/nios2-elf/lib/mno-hw-mul\libsmallc.a(lib_a-writer.o)
 .text._write_r
                0x00000000000087c8       0x58 d:/tool/nios2eds/bin/gnu/h-x86_64-mingw32/bin/../lib/gcc/nios2-elf/5.3.0/../../../../../H-x86_64-mingw32/nios2-elf/lib/mno-hw-mul\libsmallc.a(lib_a-writer.o)
                0x00000000000087c8                _write_r
 .text          0x0000000000008820        0x0 d:/tool/nios2eds/bin/gnu/h-x86_64-mingw32/bin/../lib/gcc/nios2-elf/5.3.0/../../../../../H-x86_64-mingw32/nios2-elf/lib/mno-hw-mul\libsmallc.a(lib_a-int_errno.o)
 .text          0x0000000000008820      0x1b4 d:/tool/nios2eds/bin/gnu/h-x86_64-mingw32/bin/../lib/gcc/nios2-elf/5.3.0/mno-hw-mul\libgcc.a(lib2-divmod.o)
                0x0000000000008820                __divsi3
                0x00000000000088a4                __modsi3
                0x0000000000008918                __udivsi3
                0x000000000000897c                __umodsi3
 .text          0x00000000000089d4       0x28 d:/tool/nios2eds/bin/gnu/h-x86_64-mingw32/bin/../lib/gcc/nios2-elf/5.3.0/mno-hw-mul\libgcc.a(lib2-mul.o)
                0x00000000000089d4                __mulsi3
 .text          0x00000000000089fc       0xec ../bt_bsp/\libhal_bsp.a(alt_load.o)
                0x0000000000008a64                alt_load
 .text          0x0000000000008ae8       0x7c ../bt_bsp/\libhal_bsp.a(alt_main.o)
                0x0000000000008ae8                alt_main
 .text          0x0000000000008b64      0x13c ../bt_bsp/\libhal_bsp.a(alt_write.o)
                0x0000000000008ba0                write
 .text          0x0000000000008ca0       0xa0 ../bt_bsp/\libhal_bsp.a(alt_sys_init.o)
                0x0000000000008cd4                alt_irq_init
                0x0000000000008d0c                alt_sys_init
 .text          0x0000000000008d40       0xc0 ../bt_bsp/\libhal_bsp.a(altera_avalon_jtag_uart_fd.o)
                0x0000000000008d40                altera_avalon_jtag_uart_read_fd
                0x0000000000008da0                altera_avalon_jtag_uart_write_fd
 .text          0x0000000000008e00       0xec ../bt_bsp/\libhal_bsp.a(altera_avalon_jtag_uart_read.o)
                0x0000000000008e00                altera_avalon_jtag_uart_read
 .text          0x0000000000008eec       0x94 ../bt_bsp/\libhal_bsp.a(altera_avalon_jtag_uart_write.o)
                0x0000000000008eec                altera_avalon_jtag_uart_write
 .text          0x0000000000008f80      0x114 ../bt_bsp/\libhal_bsp.a(alt_close.o)
                0x0000000000008fbc                close
 .text          0x0000000000009094       0x20 ../bt_bsp/\libhal_bsp.a(alt_dcache_flush_all.o)
                0x0000000000009094                alt_dcache_flush_all
 .text          0x00000000000090b4       0x2c ../bt_bsp/\libhal_bsp.a(alt_dev.o)
 .text          0x00000000000090e0       0xe0 ../bt_bsp/\libhal_bsp.a(alt_dev_llist_insert.o)
                0x000000000000911c                alt_dev_llist_insert
 .text          0x00000000000091c0       0x60 ../bt_bsp/\libhal_bsp.a(alt_do_ctors.o)
                0x00000000000091c0                _do_ctors
 .text          0x0000000000009220       0x60 ../bt_bsp/\libhal_bsp.a(alt_do_dtors.o)
                0x0000000000009220                _do_dtors
 .text          0x0000000000009280        0x0 ../bt_bsp/\libhal_bsp.a(alt_errno.o)
 .text          0x0000000000009280       0x20 ../bt_bsp/\libhal_bsp.a(alt_icache_flush_all.o)
                0x0000000000009280                alt_icache_flush_all
 .text          0x00000000000092a0      0x160 ../bt_bsp/\libhal_bsp.a(alt_io_redirect.o)
                0x0000000000009384                alt_io_redirect
 .text          0x0000000000009400      0x284 ../bt_bsp/\libhal_bsp.a(alt_open.o)
                0x0000000000009528                open
 .text          0x0000000000009684       0x84 ../bt_bsp/\libhal_bsp.a(alt_release_fd.o)
                0x0000000000009684                alt_release_fd
 .text          0x0000000000009708       0x24 ../bt_bsp/\libhal_bsp.a(altera_nios2_gen2_irq.o)
                0x0000000000009708                altera_nios2_gen2_irq_init
 .text          0x000000000000972c       0x90 ../bt_bsp/\libhal_bsp.a(alt_find_dev.o)
                0x000000000000972c                alt_find_dev
 .text          0x00000000000097bc      0x108 ../bt_bsp/\libhal_bsp.a(alt_find_file.o)
                0x00000000000097bc                alt_find_file
 .text          0x00000000000098c4       0xc4 ../bt_bsp/\libhal_bsp.a(alt_get_fd.o)
                0x00000000000098c4                alt_get_fd
 .text          0x0000000000009988        0x0 d:/tool/nios2eds/bin/gnu/h-x86_64-mingw32/bin/../lib/gcc/nios2-elf/5.3.0/../../../../../H-x86_64-mingw32/nios2-elf/lib/mno-hw-mul\libsmallc.a(lib_a-atexit.o)
 .text.atexit   0x0000000000009988       0x14 d:/tool/nios2eds/bin/gnu/h-x86_64-mingw32/bin/../lib/gcc/nios2-elf/5.3.0/../../../../../H-x86_64-mingw32/nios2-elf/lib/mno-hw-mul\libsmallc.a(lib_a-atexit.o)
                0x0000000000009988                atexit
 .text          0x000000000000999c        0x0 d:/tool/nios2eds/bin/gnu/h-x86_64-mingw32/bin/../lib/gcc/nios2-elf/5.3.0/../../../../../H-x86_64-mingw32/nios2-elf/lib/mno-hw-mul\libsmallc.a(lib_a-exit.o)
 .text.exit     0x000000000000999c       0x20 d:/tool/nios2eds/bin/gnu/h-x86_64-mingw32/bin/../lib/gcc/nios2-elf/5.3.0/../../../../../H-x86_64-mingw32/nios2-elf/lib/mno-hw-mul\libsmallc.a(lib_a-exit.o)
                0x000000000000999c                exit
 .text          0x00000000000099bc        0x0 d:/tool/nios2eds/bin/gnu/h-x86_64-mingw32/bin/../lib/gcc/nios2-elf/5.3.0/../../../../../H-x86_64-mingw32/nios2-elf/lib/mno-hw-mul\libsmallc.a(lib_a-memcmp.o)
 .text.memcmp   0x00000000000099bc       0x30 d:/tool/nios2eds/bin/gnu/h-x86_64-mingw32/bin/../lib/gcc/nios2-elf/5.3.0/../../../../../H-x86_64-mingw32/nios2-elf/lib/mno-hw-mul\libsmallc.a(lib_a-memcmp.o)
                0x00000000000099bc                memcmp
 .text          0x00000000000099ec        0x0 d:/tool/nios2eds/bin/gnu/h-x86_64-mingw32/bin/../lib/gcc/nios2-elf/5.3.0/../../../../../H-x86_64-mingw32/nios2-elf/lib/mno-hw-mul\libsmallc.a(lib_a-__atexit.o)
 .text.__register_exitproc
                0x00000000000099ec      0x158 d:/tool/nios2eds/bin/gnu/h-x86_64-mingw32/bin/../lib/gcc/nios2-elf/5.3.0/../../../../../H-x86_64-mingw32/nios2-elf/lib/mno-hw-mul\libsmallc.a(lib_a-__atexit.o)
                0x00000000000099ec                __register_exitproc
 .text          0x0000000000009b44        0x0 d:/tool/nios2eds/bin/gnu/h-x86_64-mingw32/bin/../lib/gcc/nios2-elf/5.3.0/../../../../../H-x86_64-mingw32/nios2-elf/lib/mno-hw-mul\libsmallc.a(lib_a-__call_atexit.o)
 .text.__call_exitprocs
                0x0000000000009b44      0x190 d:/tool/nios2eds/bin/gnu/h-x86_64-mingw32/bin/../lib/gcc/nios2-elf/5.3.0/../../../../../H-x86_64-mingw32/nios2-elf/lib/mno-hw-mul\libsmallc.a(lib_a-__call_atexit.o)
                0x0000000000009b44                __call_exitprocs
 .text          0x0000000000009cd4       0x34 ../bt_bsp/\libhal_bsp.a(alt_exit.o)
                0x0000000000009cd4                _exit
 *(.gnu.warning.*)
 *(.fini)
                [!provide]                        PROVIDE (__etext, ABSOLUTE (.))
                [!provide]                        PROVIDE (_etext, ABSOLUTE (.))
                [!provide]                        PROVIDE (etext, ABSOLUTE (.))
 *(.eh_frame_hdr)
                0x0000000000009d08                . = ALIGN (0x4)
                [!provide]                        PROVIDE (__preinit_array_start, ABSOLUTE (.))
 *(.preinit_array)
                [!provide]                        PROVIDE (__preinit_array_end, ABSOLUTE (.))
                [!provide]                        PROVIDE (__init_array_start, ABSOLUTE (.))
 *(.init_array)
                [!provide]                        PROVIDE (__init_array_end, ABSOLUTE (.))
                [!provide]                        PROVIDE (__fini_array_start, ABSOLUTE (.))
 *(.fini_array)
                [!provide]                        PROVIDE (__fini_array_end, ABSOLUTE (.))
 *(.eh_frame)
 *(.gcc_except_table .gcc_except_table.*)
 *(.dynamic)
                0x0000000000009d08                PROVIDE (__CTOR_LIST__, ABSOLUTE (.))
 *(.ctors)
 *(SORT(.ctors.*))
                0x0000000000009d08                PROVIDE (__CTOR_END__, ABSOLUTE (.))
                0x0000000000009d08                PROVIDE (__DTOR_LIST__, ABSOLUTE (.))
 *(.dtors)
 *(SORT(.dtors.*))
                0x0000000000009d08                PROVIDE (__DTOR_END__, ABSOLUTE (.))
 *(.jcr)
                0x0000000000009d08                . = ALIGN (0x4)

.rodata         0x0000000000009d08       0x4c
                0x0000000000009d08                PROVIDE (__ram_rodata_start, ABSOLUTE (.))
                0x0000000000009d08                . = ALIGN (0x4)
 *(.rodata .rodata.* .gnu.linkonce.r.*)
 .rodata        0x0000000000009d08       0x16 obj/default/hello_world.o
 *fill*         0x0000000000009d1e        0x2 
 .rodata        0x0000000000009d20       0x11 ../bt_bsp/\libhal_bsp.a(alt_main.o)
 *fill*         0x0000000000009d31        0x3 
 .rodata        0x0000000000009d34       0x11 ../bt_bsp/\libhal_bsp.a(alt_sys_init.o)
 *fill*         0x0000000000009d45        0x3 
 .rodata        0x0000000000009d48        0xa ../bt_bsp/\libhal_bsp.a(alt_dev.o)
 *(.rodata1)
                0x0000000000009d54                . = ALIGN (0x4)
 *fill*         0x0000000000009d52        0x2 
                0x0000000000009d54                PROVIDE (__ram_rodata_end, ABSOLUTE (.))
                0x0000000000009d08                PROVIDE (__flash_rodata_start, LOADADDR (.rodata))

.rwdata         0x0000000000009d54      0x2d4 load address 0x000000000000a028
                0x0000000000009d54                PROVIDE (__ram_rwdata_start, ABSOLUTE (.))
                0x0000000000009d54                . = ALIGN (0x4)
 *(.got.plt)
 *(.got)
 *(.data1)
 *(.data .data.* .gnu.linkonce.d.*)
 .data          0x0000000000009d54        0x0 ../bt_bsp//obj/HAL/src/crt0.o
 .data          0x0000000000009d54        0x0 obj/default/hello_world.o
 .data          0x0000000000009d54        0x0 d:/tool/nios2eds/bin/gnu/h-x86_64-mingw32/bin/../lib/gcc/nios2-elf/5.3.0/../../../../../H-x86_64-mingw32/nios2-elf/lib/mno-hw-mul\libsmallc.a(lib_a-printf.o)
 .data          0x0000000000009d54        0x0 d:/tool/nios2eds/bin/gnu/h-x86_64-mingw32/bin/../lib/gcc/nios2-elf/5.3.0/../../../../../H-x86_64-mingw32/nios2-elf/lib/mno-hw-mul\libsmallc.a(lib_a-vfprintf.o)
 .data          0x0000000000009d54        0x0 d:/tool/nios2eds/bin/gnu/h-x86_64-mingw32/bin/../lib/gcc/nios2-elf/5.3.0/../../../../../H-x86_64-mingw32/nios2-elf/lib/mno-hw-mul\libsmallc.a(lib_a-fvwrite_small_dev.o)
 .data          0x0000000000009d54        0x0 d:/tool/nios2eds/bin/gnu/h-x86_64-mingw32/bin/../lib/gcc/nios2-elf/5.3.0/../../../../../H-x86_64-mingw32/nios2-elf/lib/mno-hw-mul\libsmallc.a(lib_a-impure.o)
 .data.impure_data
                0x0000000000009d54       0xe0 d:/tool/nios2eds/bin/gnu/h-x86_64-mingw32/bin/../lib/gcc/nios2-elf/5.3.0/../../../../../H-x86_64-mingw32/nios2-elf/lib/mno-hw-mul\libsmallc.a(lib_a-impure.o)
 .data          0x0000000000009e34        0x0 d:/tool/nios2eds/bin/gnu/h-x86_64-mingw32/bin/../lib/gcc/nios2-elf/5.3.0/../../../../../H-x86_64-mingw32/nios2-elf/lib/mno-hw-mul\libsmallc.a(lib_a-strlen.o)
 .data          0x0000000000009e34        0x0 d:/tool/nios2eds/bin/gnu/h-x86_64-mingw32/bin/../lib/gcc/nios2-elf/5.3.0/../../../../../H-x86_64-mingw32/nios2-elf/lib/mno-hw-mul\libsmallc.a(lib_a-writer.o)
 .data          0x0000000000009e34        0x0 d:/tool/nios2eds/bin/gnu/h-x86_64-mingw32/bin/../lib/gcc/nios2-elf/5.3.0/../../../../../H-x86_64-mingw32/nios2-elf/lib/mno-hw-mul\libsmallc.a(lib_a-int_errno.o)
 .data          0x0000000000009e34        0x0 d:/tool/nios2eds/bin/gnu/h-x86_64-mingw32/bin/../lib/gcc/nios2-elf/5.3.0/mno-hw-mul\libgcc.a(lib2-divmod.o)
 .data          0x0000000000009e34        0x0 d:/tool/nios2eds/bin/gnu/h-x86_64-mingw32/bin/../lib/gcc/nios2-elf/5.3.0/mno-hw-mul\libgcc.a(lib2-mul.o)
 .data          0x0000000000009e34        0x0 ../bt_bsp/\libhal_bsp.a(alt_load.o)
 .data          0x0000000000009e34        0x0 ../bt_bsp/\libhal_bsp.a(alt_main.o)
 .data          0x0000000000009e34        0x0 ../bt_bsp/\libhal_bsp.a(alt_write.o)
 .data          0x0000000000009e34       0x2c ../bt_bsp/\libhal_bsp.a(alt_sys_init.o)
 .data          0x0000000000009e60        0x0 ../bt_bsp/\libhal_bsp.a(altera_avalon_jtag_uart_fd.o)
 .data          0x0000000000009e60        0x0 ../bt_bsp/\libhal_bsp.a(altera_avalon_jtag_uart_read.o)
 .data          0x0000000000009e60        0x0 ../bt_bsp/\libhal_bsp.a(altera_avalon_jtag_uart_write.o)
 .data          0x0000000000009e60        0x0 ../bt_bsp/\libhal_bsp.a(alt_close.o)
 .data          0x0000000000009e60        0x0 ../bt_bsp/\libhal_bsp.a(alt_dcache_flush_all.o)
 .data          0x0000000000009e60      0x1a8 ../bt_bsp/\libhal_bsp.a(alt_dev.o)
                0x0000000000009e60                alt_dev_null
                0x0000000000009e88                alt_fd_list
 .data          0x000000000000a008        0x0 ../bt_bsp/\libhal_bsp.a(alt_dev_llist_insert.o)
 .data          0x000000000000a008        0x0 ../bt_bsp/\libhal_bsp.a(alt_do_ctors.o)
 .data          0x000000000000a008        0x0 ../bt_bsp/\libhal_bsp.a(alt_do_dtors.o)
 .data          0x000000000000a008        0x0 ../bt_bsp/\libhal_bsp.a(alt_errno.o)
 .data          0x000000000000a008        0x0 ../bt_bsp/\libhal_bsp.a(alt_icache_flush_all.o)
 .data          0x000000000000a008        0x0 ../bt_bsp/\libhal_bsp.a(alt_io_redirect.o)
 .data          0x000000000000a008        0x0 ../bt_bsp/\libhal_bsp.a(alt_open.o)
 .data          0x000000000000a008        0x0 ../bt_bsp/\libhal_bsp.a(alt_release_fd.o)
 .data          0x000000000000a008        0x0 ../bt_bsp/\libhal_bsp.a(altera_nios2_gen2_irq.o)
 .data          0x000000000000a008        0x0 ../bt_bsp/\libhal_bsp.a(alt_find_dev.o)
 .data          0x000000000000a008        0x0 ../bt_bsp/\libhal_bsp.a(alt_find_file.o)
 .data          0x000000000000a008        0x0 ../bt_bsp/\libhal_bsp.a(alt_get_fd.o)
 .data          0x000000000000a008        0x0 d:/tool/nios2eds/bin/gnu/h-x86_64-mingw32/bin/../lib/gcc/nios2-elf/5.3.0/../../../../../H-x86_64-mingw32/nios2-elf/lib/mno-hw-mul\libsmallc.a(lib_a-atexit.o)
 .data          0x000000000000a008        0x0 d:/tool/nios2eds/bin/gnu/h-x86_64-mingw32/bin/../lib/gcc/nios2-elf/5.3.0/../../../../../H-x86_64-mingw32/nios2-elf/lib/mno-hw-mul\libsmallc.a(lib_a-exit.o)
 .data          0x000000000000a008        0x0 d:/tool/nios2eds/bin/gnu/h-x86_64-mingw32/bin/../lib/gcc/nios2-elf/5.3.0/../../../../../H-x86_64-mingw32/nios2-elf/lib/mno-hw-mul\libsmallc.a(lib_a-memcmp.o)
 .data          0x000000000000a008        0x0 d:/tool/nios2eds/bin/gnu/h-x86_64-mingw32/bin/../lib/gcc/nios2-elf/5.3.0/../../../../../H-x86_64-mingw32/nios2-elf/lib/mno-hw-mul\libsmallc.a(lib_a-__atexit.o)
 .data          0x000000000000a008        0x0 d:/tool/nios2eds/bin/gnu/h-x86_64-mingw32/bin/../lib/gcc/nios2-elf/5.3.0/../../../../../H-x86_64-mingw32/nios2-elf/lib/mno-hw-mul\libsmallc.a(lib_a-__call_atexit.o)
 .data          0x000000000000a008        0x0 ../bt_bsp/\libhal_bsp.a(alt_exit.o)
                0x0000000000012008                _gp = ABSOLUTE ((. + 0x8000))
                [!provide]                        PROVIDE (gp, _gp)
 *(.rwdata .rwdata.*)
 *(.sdata .sdata.* .gnu.linkonce.s.*)
 .sdata._global_impure_ptr
                0x000000000000a008        0x4 d:/tool/nios2eds/bin/gnu/h-x86_64-mingw32/bin/../lib/gcc/nios2-elf/5.3.0/../../../../../H-x86_64-mingw32/nios2-elf/lib/mno-hw-mul\libsmallc.a(lib_a-impure.o)
                0x000000000000a008                _global_impure_ptr
 .sdata._impure_ptr
                0x000000000000a00c        0x4 d:/tool/nios2eds/bin/gnu/h-x86_64-mingw32/bin/../lib/gcc/nios2-elf/5.3.0/../../../../../H-x86_64-mingw32/nios2-elf/lib/mno-hw-mul\libsmallc.a(lib_a-impure.o)
                0x000000000000a00c                _impure_ptr
 .sdata         0x000000000000a010       0x14 ../bt_bsp/\libhal_bsp.a(alt_dev.o)
                0x000000000000a010                alt_fs_list
                0x000000000000a018                alt_dev_list
                0x000000000000a020                alt_max_fd
 .sdata         0x000000000000a024        0x4 ../bt_bsp/\libhal_bsp.a(alt_errno.o)
                0x000000000000a024                alt_errno
 *(.sdata2 .sdata2.* .gnu.linkonce.s2.*)
                0x000000000000a028                . = ALIGN (0x4)
                0x000000000000a028                _edata = ABSOLUTE (.)
                [!provide]                        PROVIDE (edata, ABSOLUTE (.))
                0x000000000000a028                PROVIDE (__ram_rwdata_end, ABSOLUTE (.))
                0x000000000000a028                PROVIDE (__flash_rwdata_start, LOADADDR (.rwdata))

.bss            0x000000000000a2fc       0x10
                0x000000000000a2fc                __bss_start = ABSOLUTE (.)
                [!provide]                        PROVIDE (__sbss_start, ABSOLUTE (.))
                [!provide]                        PROVIDE (___sbss_start, ABSOLUTE (.))
 *(.dynsbss)
 *(.sbss .sbss.* .gnu.linkonce.sb.*)
 .sbss          0x000000000000a2fc        0x4 d:/tool/nios2eds/bin/gnu/h-x86_64-mingw32/bin/../lib/gcc/nios2-elf/5.3.0/../../../../../H-x86_64-mingw32/nios2-elf/lib/mno-hw-mul\libsmallc.a(lib_a-int_errno.o)
                0x000000000000a2fc                errno
 .sbss          0x000000000000a300        0xc ../bt_bsp/\libhal_bsp.a(alt_main.o)
                0x000000000000a300                alt_argc
                0x000000000000a304                alt_argv
                0x000000000000a308                alt_envp
 *(.sbss2 .sbss2.* .gnu.linkonce.sb2.*)
 *(.scommon)
                [!provide]                        PROVIDE (__sbss_end, ABSOLUTE (.))
                [!provide]                        PROVIDE (___sbss_end, ABSOLUTE (.))
 *(.dynbss)
 *(.bss .bss.* .gnu.linkonce.b.*)
 .bss           0x000000000000a30c        0x0 ../bt_bsp//obj/HAL/src/crt0.o
 .bss           0x000000000000a30c        0x0 obj/default/hello_world.o
 .bss           0x000000000000a30c        0x0 d:/tool/nios2eds/bin/gnu/h-x86_64-mingw32/bin/../lib/gcc/nios2-elf/5.3.0/../../../../../H-x86_64-mingw32/nios2-elf/lib/mno-hw-mul\libsmallc.a(lib_a-printf.o)
 .bss           0x000000000000a30c        0x0 d:/tool/nios2eds/bin/gnu/h-x86_64-mingw32/bin/../lib/gcc/nios2-elf/5.3.0/../../../../../H-x86_64-mingw32/nios2-elf/lib/mno-hw-mul\libsmallc.a(lib_a-vfprintf.o)
 .bss           0x000000000000a30c        0x0 d:/tool/nios2eds/bin/gnu/h-x86_64-mingw32/bin/../lib/gcc/nios2-elf/5.3.0/../../../../../H-x86_64-mingw32/nios2-elf/lib/mno-hw-mul\libsmallc.a(lib_a-fvwrite_small_dev.o)
 .bss           0x000000000000a30c        0x0 d:/tool/nios2eds/bin/gnu/h-x86_64-mingw32/bin/../lib/gcc/nios2-elf/5.3.0/../../../../../H-x86_64-mingw32/nios2-elf/lib/mno-hw-mul\libsmallc.a(lib_a-impure.o)
 .bss           0x000000000000a30c        0x0 d:/tool/nios2eds/bin/gnu/h-x86_64-mingw32/bin/../lib/gcc/nios2-elf/5.3.0/../../../../../H-x86_64-mingw32/nios2-elf/lib/mno-hw-mul\libsmallc.a(lib_a-strlen.o)
 .bss           0x000000000000a30c        0x0 d:/tool/nios2eds/bin/gnu/h-x86_64-mingw32/bin/../lib/gcc/nios2-elf/5.3.0/../../../../../H-x86_64-mingw32/nios2-elf/lib/mno-hw-mul\libsmallc.a(lib_a-writer.o)
 .bss           0x000000000000a30c        0x0 d:/tool/nios2eds/bin/gnu/h-x86_64-mingw32/bin/../lib/gcc/nios2-elf/5.3.0/../../../../../H-x86_64-mingw32/nios2-elf/lib/mno-hw-mul\libsmallc.a(lib_a-int_errno.o)
 .bss           0x000000000000a30c        0x0 d:/tool/nios2eds/bin/gnu/h-x86_64-mingw32/bin/../lib/gcc/nios2-elf/5.3.0/mno-hw-mul\libgcc.a(lib2-divmod.o)
 .bss           0x000000000000a30c        0x0 d:/tool/nios2eds/bin/gnu/h-x86_64-mingw32/bin/../lib/gcc/nios2-elf/5.3.0/mno-hw-mul\libgcc.a(lib2-mul.o)
 .bss           0x000000000000a30c        0x0 ../bt_bsp/\libhal_bsp.a(alt_load.o)
 .bss           0x000000000000a30c        0x0 ../bt_bsp/\libhal_bsp.a(alt_main.o)
 .bss           0x000000000000a30c        0x0 ../bt_bsp/\libhal_bsp.a(alt_write.o)
 .bss           0x000000000000a30c        0x0 ../bt_bsp/\libhal_bsp.a(alt_sys_init.o)
 .bss           0x000000000000a30c        0x0 ../bt_bsp/\libhal_bsp.a(altera_avalon_jtag_uart_fd.o)
 .bss           0x000000000000a30c        0x0 ../bt_bsp/\libhal_bsp.a(altera_avalon_jtag_uart_read.o)
 .bss           0x000000000000a30c        0x0 ../bt_bsp/\libhal_bsp.a(altera_avalon_jtag_uart_write.o)
 .bss           0x000000000000a30c        0x0 ../bt_bsp/\libhal_bsp.a(alt_close.o)
 .bss           0x000000000000a30c        0x0 ../bt_bsp/\libhal_bsp.a(alt_dcache_flush_all.o)
 .bss           0x000000000000a30c        0x0 ../bt_bsp/\libhal_bsp.a(alt_dev.o)
 .bss           0x000000000000a30c        0x0 ../bt_bsp/\libhal_bsp.a(alt_dev_llist_insert.o)
 .bss           0x000000000000a30c        0x0 ../bt_bsp/\libhal_bsp.a(alt_do_ctors.o)
 .bss           0x000000000000a30c        0x0 ../bt_bsp/\libhal_bsp.a(alt_do_dtors.o)
 .bss           0x000000000000a30c        0x0 ../bt_bsp/\libhal_bsp.a(alt_errno.o)
 .bss           0x000000000000a30c        0x0 ../bt_bsp/\libhal_bsp.a(alt_icache_flush_all.o)
 .bss           0x000000000000a30c        0x0 ../bt_bsp/\libhal_bsp.a(alt_io_redirect.o)
 .bss           0x000000000000a30c        0x0 ../bt_bsp/\libhal_bsp.a(alt_open.o)
 .bss           0x000000000000a30c        0x0 ../bt_bsp/\libhal_bsp.a(alt_release_fd.o)
 .bss           0x000000000000a30c        0x0 ../bt_bsp/\libhal_bsp.a(altera_nios2_gen2_irq.o)
 .bss           0x000000000000a30c        0x0 ../bt_bsp/\libhal_bsp.a(alt_find_dev.o)
 .bss           0x000000000000a30c        0x0 ../bt_bsp/\libhal_bsp.a(alt_find_file.o)
 .bss           0x000000000000a30c        0x0 ../bt_bsp/\libhal_bsp.a(alt_get_fd.o)
 .bss           0x000000000000a30c        0x0 d:/tool/nios2eds/bin/gnu/h-x86_64-mingw32/bin/../lib/gcc/nios2-elf/5.3.0/../../../../../H-x86_64-mingw32/nios2-elf/lib/mno-hw-mul\libsmallc.a(lib_a-atexit.o)
 .bss           0x000000000000a30c        0x0 d:/tool/nios2eds/bin/gnu/h-x86_64-mingw32/bin/../lib/gcc/nios2-elf/5.3.0/../../../../../H-x86_64-mingw32/nios2-elf/lib/mno-hw-mul\libsmallc.a(lib_a-exit.o)
 .bss           0x000000000000a30c        0x0 d:/tool/nios2eds/bin/gnu/h-x86_64-mingw32/bin/../lib/gcc/nios2-elf/5.3.0/../../../../../H-x86_64-mingw32/nios2-elf/lib/mno-hw-mul\libsmallc.a(lib_a-memcmp.o)
 .bss           0x000000000000a30c        0x0 d:/tool/nios2eds/bin/gnu/h-x86_64-mingw32/bin/../lib/gcc/nios2-elf/5.3.0/../../../../../H-x86_64-mingw32/nios2-elf/lib/mno-hw-mul\libsmallc.a(lib_a-__atexit.o)
 .bss           0x000000000000a30c        0x0 d:/tool/nios2eds/bin/gnu/h-x86_64-mingw32/bin/../lib/gcc/nios2-elf/5.3.0/../../../../../H-x86_64-mingw32/nios2-elf/lib/mno-hw-mul\libsmallc.a(lib_a-__call_atexit.o)
 .bss           0x000000000000a30c        0x0 ../bt_bsp/\libhal_bsp.a(alt_exit.o)
 *(COMMON)
                0x000000000000a30c                . = ALIGN (0x4)
                0x000000000000a30c                __bss_end = ABSOLUTE (.)

.onchip_memory2_0
                0x000000000000a30c        0x0
                [!provide]                        PROVIDE (_alt_partition_onchip_memory2_0_start, ABSOLUTE (.))
 *(.onchip_memory2_0 .onchip_memory2_0. onchip_memory2_0.*)
                0x000000000000a30c                . = ALIGN (0x4)
                [!provide]                        PROVIDE (_alt_partition_onchip_memory2_0_end, ABSOLUTE (.))
                0x000000000000a30c                _end = ABSOLUTE (.)
                0x000000000000a30c                end = ABSOLUTE (.)
                0x000000000000a30c                __alt_stack_base = ABSOLUTE (.)
                [!provide]                        PROVIDE (_alt_partition_onchip_memory2_0_load_addr, LOADADDR (.onchip_memory2_0))

.stab
 *(.stab)

.stabstr
 *(.stabstr)

.stab.excl
 *(.stab.excl)

.stab.exclstr
 *(.stab.exclstr)

.stab.index
 *(.stab.index)

.stab.indexstr
 *(.stab.indexstr)

.comment        0x0000000000000000       0x23
 *(.comment)
 .comment       0x0000000000000000       0x23 obj/default/hello_world.o
                                         0x24 (size before relaxing)
 .comment       0x0000000000000023       0x24 d:/tool/nios2eds/bin/gnu/h-x86_64-mingw32/bin/../lib/gcc/nios2-elf/5.3.0/../../../../../H-x86_64-mingw32/nios2-elf/lib/mno-hw-mul\libsmallc.a(lib_a-printf.o)
 .comment       0x0000000000000023       0x24 d:/tool/nios2eds/bin/gnu/h-x86_64-mingw32/bin/../lib/gcc/nios2-elf/5.3.0/../../../../../H-x86_64-mingw32/nios2-elf/lib/mno-hw-mul\libsmallc.a(lib_a-vfprintf.o)
 .comment       0x0000000000000023       0x24 d:/tool/nios2eds/bin/gnu/h-x86_64-mingw32/bin/../lib/gcc/nios2-elf/5.3.0/../../../../../H-x86_64-mingw32/nios2-elf/lib/mno-hw-mul\libsmallc.a(lib_a-fvwrite_small_dev.o)
 .comment       0x0000000000000023       0x24 d:/tool/nios2eds/bin/gnu/h-x86_64-mingw32/bin/../lib/gcc/nios2-elf/5.3.0/../../../../../H-x86_64-mingw32/nios2-elf/lib/mno-hw-mul\libsmallc.a(lib_a-impure.o)
 .comment       0x0000000000000023       0x24 d:/tool/nios2eds/bin/gnu/h-x86_64-mingw32/bin/../lib/gcc/nios2-elf/5.3.0/../../../../../H-x86_64-mingw32/nios2-elf/lib/mno-hw-mul\libsmallc.a(lib_a-strlen.o)
 .comment       0x0000000000000023       0x24 d:/tool/nios2eds/bin/gnu/h-x86_64-mingw32/bin/../lib/gcc/nios2-elf/5.3.0/../../../../../H-x86_64-mingw32/nios2-elf/lib/mno-hw-mul\libsmallc.a(lib_a-writer.o)
 .comment       0x0000000000000023       0x24 d:/tool/nios2eds/bin/gnu/h-x86_64-mingw32/bin/../lib/gcc/nios2-elf/5.3.0/../../../../../H-x86_64-mingw32/nios2-elf/lib/mno-hw-mul\libsmallc.a(lib_a-int_errno.o)
 .comment       0x0000000000000023       0x24 d:/tool/nios2eds/bin/gnu/h-x86_64-mingw32/bin/../lib/gcc/nios2-elf/5.3.0/mno-hw-mul\libgcc.a(lib2-divmod.o)
 .comment       0x0000000000000023       0x24 d:/tool/nios2eds/bin/gnu/h-x86_64-mingw32/bin/../lib/gcc/nios2-elf/5.3.0/mno-hw-mul\libgcc.a(lib2-mul.o)
 .comment       0x0000000000000023       0x24 ../bt_bsp/\libhal_bsp.a(alt_load.o)
 .comment       0x0000000000000023       0x24 ../bt_bsp/\libhal_bsp.a(alt_main.o)
 .comment       0x0000000000000023       0x24 ../bt_bsp/\libhal_bsp.a(alt_write.o)
 .comment       0x0000000000000023       0x24 ../bt_bsp/\libhal_bsp.a(alt_sys_init.o)
 .comment       0x0000000000000023       0x24 ../bt_bsp/\libhal_bsp.a(altera_avalon_jtag_uart_fd.o)
 .comment       0x0000000000000023       0x24 ../bt_bsp/\libhal_bsp.a(altera_avalon_jtag_uart_read.o)
 .comment       0x0000000000000023       0x24 ../bt_bsp/\libhal_bsp.a(altera_avalon_jtag_uart_write.o)
 .comment       0x0000000000000023       0x24 ../bt_bsp/\libhal_bsp.a(alt_close.o)
 .comment       0x0000000000000023       0x24 ../bt_bsp/\libhal_bsp.a(alt_dcache_flush_all.o)
 .comment       0x0000000000000023       0x24 ../bt_bsp/\libhal_bsp.a(alt_dev.o)
 .comment       0x0000000000000023       0x24 ../bt_bsp/\libhal_bsp.a(alt_dev_llist_insert.o)
 .comment       0x0000000000000023       0x24 ../bt_bsp/\libhal_bsp.a(alt_do_ctors.o)
 .comment       0x0000000000000023       0x24 ../bt_bsp/\libhal_bsp.a(alt_do_dtors.o)
 .comment       0x0000000000000023       0x24 ../bt_bsp/\libhal_bsp.a(alt_errno.o)
 .comment       0x0000000000000023       0x24 ../bt_bsp/\libhal_bsp.a(alt_icache_flush_all.o)
 .comment       0x0000000000000023       0x24 ../bt_bsp/\libhal_bsp.a(alt_io_redirect.o)
 .comment       0x0000000000000023       0x24 ../bt_bsp/\libhal_bsp.a(alt_open.o)
 .comment       0x0000000000000023       0x24 ../bt_bsp/\libhal_bsp.a(alt_release_fd.o)
 .comment       0x0000000000000023       0x24 ../bt_bsp/\libhal_bsp.a(altera_nios2_gen2_irq.o)
 .comment       0x0000000000000023       0x24 ../bt_bsp/\libhal_bsp.a(alt_find_dev.o)
 .comment       0x0000000000000023       0x24 ../bt_bsp/\libhal_bsp.a(alt_find_file.o)
 .comment       0x0000000000000023       0x24 ../bt_bsp/\libhal_bsp.a(alt_get_fd.o)
 .comment       0x0000000000000023       0x24 d:/tool/nios2eds/bin/gnu/h-x86_64-mingw32/bin/../lib/gcc/nios2-elf/5.3.0/../../../../../H-x86_64-mingw32/nios2-elf/lib/mno-hw-mul\libsmallc.a(lib_a-atexit.o)
 .comment       0x0000000000000023       0x24 d:/tool/nios2eds/bin/gnu/h-x86_64-mingw32/bin/../lib/gcc/nios2-elf/5.3.0/../../../../../H-x86_64-mingw32/nios2-elf/lib/mno-hw-mul\libsmallc.a(lib_a-exit.o)
 .comment       0x0000000000000023       0x24 d:/tool/nios2eds/bin/gnu/h-x86_64-mingw32/bin/../lib/gcc/nios2-elf/5.3.0/../../../../../H-x86_64-mingw32/nios2-elf/lib/mno-hw-mul\libsmallc.a(lib_a-memcmp.o)
 .comment       0x0000000000000023       0x24 d:/tool/nios2eds/bin/gnu/h-x86_64-mingw32/bin/../lib/gcc/nios2-elf/5.3.0/../../../../../H-x86_64-mingw32/nios2-elf/lib/mno-hw-mul\libsmallc.a(lib_a-__atexit.o)
 .comment       0x0000000000000023       0x24 d:/tool/nios2eds/bin/gnu/h-x86_64-mingw32/bin/../lib/gcc/nios2-elf/5.3.0/../../../../../H-x86_64-mingw32/nios2-elf/lib/mno-hw-mul\libsmallc.a(lib_a-__call_atexit.o)
 .comment       0x0000000000000023       0x24 ../bt_bsp/\libhal_bsp.a(alt_exit.o)

.debug
 *(.debug)

.line
 *(.line)

.debug_srcinfo
 *(.debug_srcinfo)

.debug_sfnames
 *(.debug_sfnames)

.debug_aranges  0x0000000000000000      0x4e8
 *(.debug_aranges)
 .debug_aranges
                0x0000000000000000       0x28 ../bt_bsp//obj/HAL/src/crt0.o
 .debug_aranges
                0x0000000000000028       0x20 obj/default/hello_world.o
 .debug_aranges
                0x0000000000000048       0x28 d:/tool/nios2eds/bin/gnu/h-x86_64-mingw32/bin/../lib/gcc/nios2-elf/5.3.0/../../../../../H-x86_64-mingw32/nios2-elf/lib/mno-hw-mul\libsmallc.a(lib_a-printf.o)
 .debug_aranges
                0x0000000000000070       0x30 d:/tool/nios2eds/bin/gnu/h-x86_64-mingw32/bin/../lib/gcc/nios2-elf/5.3.0/../../../../../H-x86_64-mingw32/nios2-elf/lib/mno-hw-mul\libsmallc.a(lib_a-vfprintf.o)
 .debug_aranges
                0x00000000000000a0       0x20 d:/tool/nios2eds/bin/gnu/h-x86_64-mingw32/bin/../lib/gcc/nios2-elf/5.3.0/../../../../../H-x86_64-mingw32/nios2-elf/lib/mno-hw-mul\libsmallc.a(lib_a-fvwrite_small_dev.o)
 .debug_aranges
                0x00000000000000c0       0x18 d:/tool/nios2eds/bin/gnu/h-x86_64-mingw32/bin/../lib/gcc/nios2-elf/5.3.0/../../../../../H-x86_64-mingw32/nios2-elf/lib/mno-hw-mul\libsmallc.a(lib_a-impure.o)
 .debug_aranges
                0x00000000000000d8       0x20 d:/tool/nios2eds/bin/gnu/h-x86_64-mingw32/bin/../lib/gcc/nios2-elf/5.3.0/../../../../../H-x86_64-mingw32/nios2-elf/lib/mno-hw-mul\libsmallc.a(lib_a-strlen.o)
 .debug_aranges
                0x00000000000000f8       0x20 d:/tool/nios2eds/bin/gnu/h-x86_64-mingw32/bin/../lib/gcc/nios2-elf/5.3.0/../../../../../H-x86_64-mingw32/nios2-elf/lib/mno-hw-mul\libsmallc.a(lib_a-writer.o)
 .debug_aranges
                0x0000000000000118       0x18 d:/tool/nios2eds/bin/gnu/h-x86_64-mingw32/bin/../lib/gcc/nios2-elf/5.3.0/../../../../../H-x86_64-mingw32/nios2-elf/lib/mno-hw-mul\libsmallc.a(lib_a-int_errno.o)
 .debug_aranges
                0x0000000000000130       0x20 d:/tool/nios2eds/bin/gnu/h-x86_64-mingw32/bin/../lib/gcc/nios2-elf/5.3.0/mno-hw-mul\libgcc.a(lib2-divmod.o)
 .debug_aranges
                0x0000000000000150       0x20 d:/tool/nios2eds/bin/gnu/h-x86_64-mingw32/bin/../lib/gcc/nios2-elf/5.3.0/mno-hw-mul\libgcc.a(lib2-mul.o)
 .debug_aranges
                0x0000000000000170       0x20 ../bt_bsp/\libhal_bsp.a(alt_load.o)
 .debug_aranges
                0x0000000000000190       0x20 ../bt_bsp/\libhal_bsp.a(alt_main.o)
 .debug_aranges
                0x00000000000001b0       0x20 ../bt_bsp/\libhal_bsp.a(alt_write.o)
 .debug_aranges
                0x00000000000001d0       0x20 ../bt_bsp/\libhal_bsp.a(alt_sys_init.o)
 .debug_aranges
                0x00000000000001f0       0x20 ../bt_bsp/\libhal_bsp.a(altera_avalon_jtag_uart_fd.o)
 .debug_aranges
                0x0000000000000210       0x20 ../bt_bsp/\libhal_bsp.a(altera_avalon_jtag_uart_read.o)
 .debug_aranges
                0x0000000000000230       0x20 ../bt_bsp/\libhal_bsp.a(altera_avalon_jtag_uart_write.o)
 .debug_aranges
                0x0000000000000250       0x20 ../bt_bsp/\libhal_bsp.a(alt_close.o)
 .debug_aranges
                0x0000000000000270       0x20 ../bt_bsp/\libhal_bsp.a(alt_dcache_flush_all.o)
 .debug_aranges
                0x0000000000000290       0x20 ../bt_bsp/\libhal_bsp.a(alt_dev.o)
 .debug_aranges
                0x00000000000002b0       0x20 ../bt_bsp/\libhal_bsp.a(alt_dev_llist_insert.o)
 .debug_aranges
                0x00000000000002d0       0x20 ../bt_bsp/\libhal_bsp.a(alt_do_ctors.o)
 .debug_aranges
                0x00000000000002f0       0x20 ../bt_bsp/\libhal_bsp.a(alt_do_dtors.o)
 .debug_aranges
                0x0000000000000310       0x18 ../bt_bsp/\libhal_bsp.a(alt_errno.o)
 .debug_aranges
                0x0000000000000328       0x20 ../bt_bsp/\libhal_bsp.a(alt_icache_flush_all.o)
 .debug_aranges
                0x0000000000000348       0x20 ../bt_bsp/\libhal_bsp.a(alt_io_redirect.o)
 .debug_aranges
                0x0000000000000368       0x20 ../bt_bsp/\libhal_bsp.a(alt_open.o)
 .debug_aranges
                0x0000000000000388       0x20 ../bt_bsp/\libhal_bsp.a(alt_release_fd.o)
 .debug_aranges
                0x00000000000003a8       0x20 ../bt_bsp/\libhal_bsp.a(altera_nios2_gen2_irq.o)
 .debug_aranges
                0x00000000000003c8       0x20 ../bt_bsp/\libhal_bsp.a(alt_find_dev.o)
 .debug_aranges
                0x00000000000003e8       0x20 ../bt_bsp/\libhal_bsp.a(alt_find_file.o)
 .debug_aranges
                0x0000000000000408       0x20 ../bt_bsp/\libhal_bsp.a(alt_get_fd.o)
 .debug_aranges
                0x0000000000000428       0x20 d:/tool/nios2eds/bin/gnu/h-x86_64-mingw32/bin/../lib/gcc/nios2-elf/5.3.0/../../../../../H-x86_64-mingw32/nios2-elf/lib/mno-hw-mul\libsmallc.a(lib_a-atexit.o)
 .debug_aranges
                0x0000000000000448       0x20 d:/tool/nios2eds/bin/gnu/h-x86_64-mingw32/bin/../lib/gcc/nios2-elf/5.3.0/../../../../../H-x86_64-mingw32/nios2-elf/lib/mno-hw-mul\libsmallc.a(lib_a-exit.o)
 .debug_aranges
                0x0000000000000468       0x20 d:/tool/nios2eds/bin/gnu/h-x86_64-mingw32/bin/../lib/gcc/nios2-elf/5.3.0/../../../../../H-x86_64-mingw32/nios2-elf/lib/mno-hw-mul\libsmallc.a(lib_a-memcmp.o)
 .debug_aranges
                0x0000000000000488       0x20 d:/tool/nios2eds/bin/gnu/h-x86_64-mingw32/bin/../lib/gcc/nios2-elf/5.3.0/../../../../../H-x86_64-mingw32/nios2-elf/lib/mno-hw-mul\libsmallc.a(lib_a-__atexit.o)
 .debug_aranges
                0x00000000000004a8       0x20 d:/tool/nios2eds/bin/gnu/h-x86_64-mingw32/bin/../lib/gcc/nios2-elf/5.3.0/../../../../../H-x86_64-mingw32/nios2-elf/lib/mno-hw-mul\libsmallc.a(lib_a-__call_atexit.o)
 .debug_aranges
                0x00000000000004c8       0x20 ../bt_bsp/\libhal_bsp.a(alt_exit.o)

.debug_pubnames
 *(.debug_pubnames)

.debug_info     0x0000000000000000     0x6cd8
 *(.debug_info .gnu.linkonce.wi.*)
 .debug_info    0x0000000000000000       0x4d ../bt_bsp//obj/HAL/src/crt0.o
 .debug_info    0x000000000000004d       0xd3 obj/default/hello_world.o
 .debug_info    0x0000000000000120      0x699 d:/tool/nios2eds/bin/gnu/h-x86_64-mingw32/bin/../lib/gcc/nios2-elf/5.3.0/../../../../../H-x86_64-mingw32/nios2-elf/lib/mno-hw-mul\libsmallc.a(lib_a-printf.o)
 .debug_info    0x00000000000007b9      0xb2b d:/tool/nios2eds/bin/gnu/h-x86_64-mingw32/bin/../lib/gcc/nios2-elf/5.3.0/../../../../../H-x86_64-mingw32/nios2-elf/lib/mno-hw-mul\libsmallc.a(lib_a-vfprintf.o)
 .debug_info    0x00000000000012e4      0x62b d:/tool/nios2eds/bin/gnu/h-x86_64-mingw32/bin/../lib/gcc/nios2-elf/5.3.0/../../../../../H-x86_64-mingw32/nios2-elf/lib/mno-hw-mul\libsmallc.a(lib_a-fvwrite_small_dev.o)
 .debug_info    0x000000000000190f      0x5a9 d:/tool/nios2eds/bin/gnu/h-x86_64-mingw32/bin/../lib/gcc/nios2-elf/5.3.0/../../../../../H-x86_64-mingw32/nios2-elf/lib/mno-hw-mul\libsmallc.a(lib_a-impure.o)
 .debug_info    0x0000000000001eb8       0xc9 d:/tool/nios2eds/bin/gnu/h-x86_64-mingw32/bin/../lib/gcc/nios2-elf/5.3.0/../../../../../H-x86_64-mingw32/nios2-elf/lib/mno-hw-mul\libsmallc.a(lib_a-strlen.o)
 .debug_info    0x0000000000001f81      0x630 d:/tool/nios2eds/bin/gnu/h-x86_64-mingw32/bin/../lib/gcc/nios2-elf/5.3.0/../../../../../H-x86_64-mingw32/nios2-elf/lib/mno-hw-mul\libsmallc.a(lib_a-writer.o)
 .debug_info    0x00000000000025b1       0x8a d:/tool/nios2eds/bin/gnu/h-x86_64-mingw32/bin/../lib/gcc/nios2-elf/5.3.0/../../../../../H-x86_64-mingw32/nios2-elf/lib/mno-hw-mul\libsmallc.a(lib_a-int_errno.o)
 .debug_info    0x000000000000263b      0x2c6 d:/tool/nios2eds/bin/gnu/h-x86_64-mingw32/bin/../lib/gcc/nios2-elf/5.3.0/mno-hw-mul\libgcc.a(lib2-divmod.o)
 .debug_info    0x0000000000002901       0xb4 d:/tool/nios2eds/bin/gnu/h-x86_64-mingw32/bin/../lib/gcc/nios2-elf/5.3.0/mno-hw-mul\libgcc.a(lib2-mul.o)
 .debug_info    0x00000000000029b5      0x145 ../bt_bsp/\libhal_bsp.a(alt_load.o)
 .debug_info    0x0000000000002afa      0x131 ../bt_bsp/\libhal_bsp.a(alt_main.o)
 .debug_info    0x0000000000002c2b      0x4b7 ../bt_bsp/\libhal_bsp.a(alt_write.o)
 .debug_info    0x00000000000030e2      0x3c9 ../bt_bsp/\libhal_bsp.a(alt_sys_init.o)
 .debug_info    0x00000000000034ab      0x3a7 ../bt_bsp/\libhal_bsp.a(altera_avalon_jtag_uart_fd.o)
 .debug_info    0x0000000000003852      0x1b2 ../bt_bsp/\libhal_bsp.a(altera_avalon_jtag_uart_read.o)
 .debug_info    0x0000000000003a04      0x195 ../bt_bsp/\libhal_bsp.a(altera_avalon_jtag_uart_write.o)
 .debug_info    0x0000000000003b99      0x321 ../bt_bsp/\libhal_bsp.a(alt_close.o)
 .debug_info    0x0000000000003eba       0x92 ../bt_bsp/\libhal_bsp.a(alt_dcache_flush_all.o)
 .debug_info    0x0000000000003f4c      0x49c ../bt_bsp/\libhal_bsp.a(alt_dev.o)
 .debug_info    0x00000000000043e8      0x1a9 ../bt_bsp/\libhal_bsp.a(alt_dev_llist_insert.o)
 .debug_info    0x0000000000004591       0x83 ../bt_bsp/\libhal_bsp.a(alt_do_ctors.o)
 .debug_info    0x0000000000004614       0x83 ../bt_bsp/\libhal_bsp.a(alt_do_dtors.o)
 .debug_info    0x0000000000004697       0xa6 ../bt_bsp/\libhal_bsp.a(alt_errno.o)
 .debug_info    0x000000000000473d       0x92 ../bt_bsp/\libhal_bsp.a(alt_icache_flush_all.o)
 .debug_info    0x00000000000047cf      0x4a5 ../bt_bsp/\libhal_bsp.a(alt_io_redirect.o)
 .debug_info    0x0000000000004c74      0x3bb ../bt_bsp/\libhal_bsp.a(alt_open.o)
 .debug_info    0x000000000000502f      0x2b0 ../bt_bsp/\libhal_bsp.a(alt_release_fd.o)
 .debug_info    0x00000000000052df       0x92 ../bt_bsp/\libhal_bsp.a(altera_nios2_gen2_irq.o)
 .debug_info    0x0000000000005371      0x2e9 ../bt_bsp/\libhal_bsp.a(alt_find_dev.o)
 .debug_info    0x000000000000565a      0x2e6 ../bt_bsp/\libhal_bsp.a(alt_find_file.o)
 .debug_info    0x0000000000005940      0x310 ../bt_bsp/\libhal_bsp.a(alt_get_fd.o)
 .debug_info    0x0000000000005c50       0xfe d:/tool/nios2eds/bin/gnu/h-x86_64-mingw32/bin/../lib/gcc/nios2-elf/5.3.0/../../../../../H-x86_64-mingw32/nios2-elf/lib/mno-hw-mul\libsmallc.a(lib_a-atexit.o)
 .debug_info    0x0000000000005d4e       0xe5 d:/tool/nios2eds/bin/gnu/h-x86_64-mingw32/bin/../lib/gcc/nios2-elf/5.3.0/../../../../../H-x86_64-mingw32/nios2-elf/lib/mno-hw-mul\libsmallc.a(lib_a-exit.o)
 .debug_info    0x0000000000005e33       0xf4 d:/tool/nios2eds/bin/gnu/h-x86_64-mingw32/bin/../lib/gcc/nios2-elf/5.3.0/../../../../../H-x86_64-mingw32/nios2-elf/lib/mno-hw-mul\libsmallc.a(lib_a-memcmp.o)
 .debug_info    0x0000000000005f27      0x64a d:/tool/nios2eds/bin/gnu/h-x86_64-mingw32/bin/../lib/gcc/nios2-elf/5.3.0/../../../../../H-x86_64-mingw32/nios2-elf/lib/mno-hw-mul\libsmallc.a(lib_a-__atexit.o)
 .debug_info    0x0000000000006571      0x67b d:/tool/nios2eds/bin/gnu/h-x86_64-mingw32/bin/../lib/gcc/nios2-elf/5.3.0/../../../../../H-x86_64-mingw32/nios2-elf/lib/mno-hw-mul\libsmallc.a(lib_a-__call_atexit.o)
 .debug_info    0x0000000000006bec       0xec ../bt_bsp/\libhal_bsp.a(alt_exit.o)

.debug_abbrev   0x0000000000000000     0x23eb
 *(.debug_abbrev)
 .debug_abbrev  0x0000000000000000       0x12 ../bt_bsp//obj/HAL/src/crt0.o
 .debug_abbrev  0x0000000000000012       0x69 obj/default/hello_world.o
 .debug_abbrev  0x000000000000007b      0x1ee d:/tool/nios2eds/bin/gnu/h-x86_64-mingw32/bin/../lib/gcc/nios2-elf/5.3.0/../../../../../H-x86_64-mingw32/nios2-elf/lib/mno-hw-mul\libsmallc.a(lib_a-printf.o)
 .debug_abbrev  0x0000000000000269      0x2a1 d:/tool/nios2eds/bin/gnu/h-x86_64-mingw32/bin/../lib/gcc/nios2-elf/5.3.0/../../../../../H-x86_64-mingw32/nios2-elf/lib/mno-hw-mul\libsmallc.a(lib_a-vfprintf.o)
 .debug_abbrev  0x000000000000050a      0x1bc d:/tool/nios2eds/bin/gnu/h-x86_64-mingw32/bin/../lib/gcc/nios2-elf/5.3.0/../../../../../H-x86_64-mingw32/nios2-elf/lib/mno-hw-mul\libsmallc.a(lib_a-fvwrite_small_dev.o)
 .debug_abbrev  0x00000000000006c6      0x14a d:/tool/nios2eds/bin/gnu/h-x86_64-mingw32/bin/../lib/gcc/nios2-elf/5.3.0/../../../../../H-x86_64-mingw32/nios2-elf/lib/mno-hw-mul\libsmallc.a(lib_a-impure.o)
 .debug_abbrev  0x0000000000000810       0x7f d:/tool/nios2eds/bin/gnu/h-x86_64-mingw32/bin/../lib/gcc/nios2-elf/5.3.0/../../../../../H-x86_64-mingw32/nios2-elf/lib/mno-hw-mul\libsmallc.a(lib_a-strlen.o)
 .debug_abbrev  0x000000000000088f      0x1a6 d:/tool/nios2eds/bin/gnu/h-x86_64-mingw32/bin/../lib/gcc/nios2-elf/5.3.0/../../../../../H-x86_64-mingw32/nios2-elf/lib/mno-hw-mul\libsmallc.a(lib_a-writer.o)
 .debug_abbrev  0x0000000000000a35       0x37 d:/tool/nios2eds/bin/gnu/h-x86_64-mingw32/bin/../lib/gcc/nios2-elf/5.3.0/../../../../../H-x86_64-mingw32/nios2-elf/lib/mno-hw-mul\libsmallc.a(lib_a-int_errno.o)
 .debug_abbrev  0x0000000000000a6c      0x10e d:/tool/nios2eds/bin/gnu/h-x86_64-mingw32/bin/../lib/gcc/nios2-elf/5.3.0/mno-hw-mul\libgcc.a(lib2-divmod.o)
 .debug_abbrev  0x0000000000000b7a       0x6f d:/tool/nios2eds/bin/gnu/h-x86_64-mingw32/bin/../lib/gcc/nios2-elf/5.3.0/mno-hw-mul\libgcc.a(lib2-mul.o)
 .debug_abbrev  0x0000000000000be9       0x9f ../bt_bsp/\libhal_bsp.a(alt_load.o)
 .debug_abbrev  0x0000000000000c88       0xba ../bt_bsp/\libhal_bsp.a(alt_main.o)
 .debug_abbrev  0x0000000000000d42      0x133 ../bt_bsp/\libhal_bsp.a(alt_write.o)
 .debug_abbrev  0x0000000000000e75      0x157 ../bt_bsp/\libhal_bsp.a(alt_sys_init.o)
 .debug_abbrev  0x0000000000000fcc       0xf7 ../bt_bsp/\libhal_bsp.a(altera_avalon_jtag_uart_fd.o)
 .debug_abbrev  0x00000000000010c3       0xd5 ../bt_bsp/\libhal_bsp.a(altera_avalon_jtag_uart_read.o)
 .debug_abbrev  0x0000000000001198       0xd5 ../bt_bsp/\libhal_bsp.a(altera_avalon_jtag_uart_write.o)
 .debug_abbrev  0x000000000000126d      0x11f ../bt_bsp/\libhal_bsp.a(alt_close.o)
 .debug_abbrev  0x000000000000138c       0x42 ../bt_bsp/\libhal_bsp.a(alt_dcache_flush_all.o)
 .debug_abbrev  0x00000000000013ce       0xd9 ../bt_bsp/\libhal_bsp.a(alt_dev.o)
 .debug_abbrev  0x00000000000014a7      0x114 ../bt_bsp/\libhal_bsp.a(alt_dev_llist_insert.o)
 .debug_abbrev  0x00000000000015bb       0x79 ../bt_bsp/\libhal_bsp.a(alt_do_ctors.o)
 .debug_abbrev  0x0000000000001634       0x79 ../bt_bsp/\libhal_bsp.a(alt_do_dtors.o)
 .debug_abbrev  0x00000000000016ad       0x5a ../bt_bsp/\libhal_bsp.a(alt_errno.o)
 .debug_abbrev  0x0000000000001707       0x42 ../bt_bsp/\libhal_bsp.a(alt_icache_flush_all.o)
 .debug_abbrev  0x0000000000001749      0x114 ../bt_bsp/\libhal_bsp.a(alt_io_redirect.o)
 .debug_abbrev  0x000000000000185d      0x148 ../bt_bsp/\libhal_bsp.a(alt_open.o)
 .debug_abbrev  0x00000000000019a5       0xde ../bt_bsp/\libhal_bsp.a(alt_release_fd.o)
 .debug_abbrev  0x0000000000001a83       0x42 ../bt_bsp/\libhal_bsp.a(altera_nios2_gen2_irq.o)
 .debug_abbrev  0x0000000000001ac5       0xf0 ../bt_bsp/\libhal_bsp.a(alt_find_dev.o)
 .debug_abbrev  0x0000000000001bb5       0xf0 ../bt_bsp/\libhal_bsp.a(alt_find_file.o)
 .debug_abbrev  0x0000000000001ca5      0x10d ../bt_bsp/\libhal_bsp.a(alt_get_fd.o)
 .debug_abbrev  0x0000000000001db2       0xaa d:/tool/nios2eds/bin/gnu/h-x86_64-mingw32/bin/../lib/gcc/nios2-elf/5.3.0/../../../../../H-x86_64-mingw32/nios2-elf/lib/mno-hw-mul\libsmallc.a(lib_a-atexit.o)
 .debug_abbrev  0x0000000000001e5c       0x8b d:/tool/nios2eds/bin/gnu/h-x86_64-mingw32/bin/../lib/gcc/nios2-elf/5.3.0/../../../../../H-x86_64-mingw32/nios2-elf/lib/mno-hw-mul\libsmallc.a(lib_a-exit.o)
 .debug_abbrev  0x0000000000001ee7       0x7f d:/tool/nios2eds/bin/gnu/h-x86_64-mingw32/bin/../lib/gcc/nios2-elf/5.3.0/../../../../../H-x86_64-mingw32/nios2-elf/lib/mno-hw-mul\libsmallc.a(lib_a-memcmp.o)
 .debug_abbrev  0x0000000000001f66      0x1e6 d:/tool/nios2eds/bin/gnu/h-x86_64-mingw32/bin/../lib/gcc/nios2-elf/5.3.0/../../../../../H-x86_64-mingw32/nios2-elf/lib/mno-hw-mul\libsmallc.a(lib_a-__atexit.o)
 .debug_abbrev  0x000000000000214c      0x1f6 d:/tool/nios2eds/bin/gnu/h-x86_64-mingw32/bin/../lib/gcc/nios2-elf/5.3.0/../../../../../H-x86_64-mingw32/nios2-elf/lib/mno-hw-mul\libsmallc.a(lib_a-__call_atexit.o)
 .debug_abbrev  0x0000000000002342       0xa9 ../bt_bsp/\libhal_bsp.a(alt_exit.o)

.debug_line     0x0000000000000000     0x28d6
 *(.debug_line)
 .debug_line    0x0000000000000000       0x66 ../bt_bsp//obj/HAL/src/crt0.o
 .debug_line    0x0000000000000066       0xe1 obj/default/hello_world.o
 .debug_line    0x0000000000000147      0x203 d:/tool/nios2eds/bin/gnu/h-x86_64-mingw32/bin/../lib/gcc/nios2-elf/5.3.0/../../../../../H-x86_64-mingw32/nios2-elf/lib/mno-hw-mul\libsmallc.a(lib_a-printf.o)
 .debug_line    0x000000000000034a      0x351 d:/tool/nios2eds/bin/gnu/h-x86_64-mingw32/bin/../lib/gcc/nios2-elf/5.3.0/../../../../../H-x86_64-mingw32/nios2-elf/lib/mno-hw-mul\libsmallc.a(lib_a-vfprintf.o)
 .debug_line    0x000000000000069b      0x1f0 d:/tool/nios2eds/bin/gnu/h-x86_64-mingw32/bin/../lib/gcc/nios2-elf/5.3.0/../../../../../H-x86_64-mingw32/nios2-elf/lib/mno-hw-mul\libsmallc.a(lib_a-fvwrite_small_dev.o)
 .debug_line    0x000000000000088b      0x156 d:/tool/nios2eds/bin/gnu/h-x86_64-mingw32/bin/../lib/gcc/nios2-elf/5.3.0/../../../../../H-x86_64-mingw32/nios2-elf/lib/mno-hw-mul\libsmallc.a(lib_a-impure.o)
 .debug_line    0x00000000000009e1      0x15c d:/tool/nios2eds/bin/gnu/h-x86_64-mingw32/bin/../lib/gcc/nios2-elf/5.3.0/../../../../../H-x86_64-mingw32/nios2-elf/lib/mno-hw-mul\libsmallc.a(lib_a-strlen.o)
 .debug_line    0x0000000000000b3d      0x1ed d:/tool/nios2eds/bin/gnu/h-x86_64-mingw32/bin/../lib/gcc/nios2-elf/5.3.0/../../../../../H-x86_64-mingw32/nios2-elf/lib/mno-hw-mul\libsmallc.a(lib_a-writer.o)
 .debug_line    0x0000000000000d2a       0x5f d:/tool/nios2eds/bin/gnu/h-x86_64-mingw32/bin/../lib/gcc/nios2-elf/5.3.0/../../../../../H-x86_64-mingw32/nios2-elf/lib/mno-hw-mul\libsmallc.a(lib_a-int_errno.o)
 .debug_line    0x0000000000000d89      0x105 d:/tool/nios2eds/bin/gnu/h-x86_64-mingw32/bin/../lib/gcc/nios2-elf/5.3.0/mno-hw-mul\libgcc.a(lib2-divmod.o)
 .debug_line    0x0000000000000e8e       0x80 d:/tool/nios2eds/bin/gnu/h-x86_64-mingw32/bin/../lib/gcc/nios2-elf/5.3.0/mno-hw-mul\libgcc.a(lib2-mul.o)
 .debug_line    0x0000000000000f0e       0x8e ../bt_bsp/\libhal_bsp.a(alt_load.o)
 .debug_line    0x0000000000000f9c       0xa4 ../bt_bsp/\libhal_bsp.a(alt_main.o)
 .debug_line    0x0000000000001040      0x1bd ../bt_bsp/\libhal_bsp.a(alt_write.o)
 .debug_line    0x00000000000011fd      0x126 ../bt_bsp/\libhal_bsp.a(alt_sys_init.o)
 .debug_line    0x0000000000001323      0x112 ../bt_bsp/\libhal_bsp.a(altera_avalon_jtag_uart_fd.o)
 .debug_line    0x0000000000001435       0xfd ../bt_bsp/\libhal_bsp.a(altera_avalon_jtag_uart_read.o)
 .debug_line    0x0000000000001532       0xf4 ../bt_bsp/\libhal_bsp.a(altera_avalon_jtag_uart_write.o)
 .debug_line    0x0000000000001626      0x156 ../bt_bsp/\libhal_bsp.a(alt_close.o)
 .debug_line    0x000000000000177c       0x51 ../bt_bsp/\libhal_bsp.a(alt_dcache_flush_all.o)
 .debug_line    0x00000000000017cd       0xe9 ../bt_bsp/\libhal_bsp.a(alt_dev.o)
 .debug_line    0x00000000000018b6       0xcf ../bt_bsp/\libhal_bsp.a(alt_dev_llist_insert.o)
 .debug_line    0x0000000000001985       0x59 ../bt_bsp/\libhal_bsp.a(alt_do_ctors.o)
 .debug_line    0x00000000000019de       0x59 ../bt_bsp/\libhal_bsp.a(alt_do_dtors.o)
 .debug_line    0x0000000000001a37       0x51 ../bt_bsp/\libhal_bsp.a(alt_errno.o)
 .debug_line    0x0000000000001a88       0x4f ../bt_bsp/\libhal_bsp.a(alt_icache_flush_all.o)
 .debug_line    0x0000000000001ad7      0x126 ../bt_bsp/\libhal_bsp.a(alt_io_redirect.o)
 .debug_line    0x0000000000001bfd      0x12b ../bt_bsp/\libhal_bsp.a(alt_open.o)
 .debug_line    0x0000000000001d28       0xb0 ../bt_bsp/\libhal_bsp.a(alt_release_fd.o)
 .debug_line    0x0000000000001dd8       0x51 ../bt_bsp/\libhal_bsp.a(altera_nios2_gen2_irq.o)
 .debug_line    0x0000000000001e29       0xb5 ../bt_bsp/\libhal_bsp.a(alt_find_dev.o)
 .debug_line    0x0000000000001ede       0xd1 ../bt_bsp/\libhal_bsp.a(alt_find_file.o)
 .debug_line    0x0000000000001faf       0xd7 ../bt_bsp/\libhal_bsp.a(alt_get_fd.o)
 .debug_line    0x0000000000002086       0xe7 d:/tool/nios2eds/bin/gnu/h-x86_64-mingw32/bin/../lib/gcc/nios2-elf/5.3.0/../../../../../H-x86_64-mingw32/nios2-elf/lib/mno-hw-mul\libsmallc.a(lib_a-atexit.o)
 .debug_line    0x000000000000216d      0x159 d:/tool/nios2eds/bin/gnu/h-x86_64-mingw32/bin/../lib/gcc/nios2-elf/5.3.0/../../../../../H-x86_64-mingw32/nios2-elf/lib/mno-hw-mul\libsmallc.a(lib_a-exit.o)
 .debug_line    0x00000000000022c6      0x160 d:/tool/nios2eds/bin/gnu/h-x86_64-mingw32/bin/../lib/gcc/nios2-elf/5.3.0/../../../../../H-x86_64-mingw32/nios2-elf/lib/mno-hw-mul\libsmallc.a(lib_a-memcmp.o)
 .debug_line    0x0000000000002426      0x20d d:/tool/nios2eds/bin/gnu/h-x86_64-mingw32/bin/../lib/gcc/nios2-elf/5.3.0/../../../../../H-x86_64-mingw32/nios2-elf/lib/mno-hw-mul\libsmallc.a(lib_a-__atexit.o)
 .debug_line    0x0000000000002633      0x232 d:/tool/nios2eds/bin/gnu/h-x86_64-mingw32/bin/../lib/gcc/nios2-elf/5.3.0/../../../../../H-x86_64-mingw32/nios2-elf/lib/mno-hw-mul\libsmallc.a(lib_a-__call_atexit.o)
 .debug_line    0x0000000000002865       0x71 ../bt_bsp/\libhal_bsp.a(alt_exit.o)

.debug_frame    0x0000000000000000      0x96c
 *(.debug_frame)
 .debug_frame   0x0000000000000000       0x38 obj/default/hello_world.o
 .debug_frame   0x0000000000000038       0x48 d:/tool/nios2eds/bin/gnu/h-x86_64-mingw32/bin/../lib/gcc/nios2-elf/5.3.0/../../../../../H-x86_64-mingw32/nios2-elf/lib/mno-hw-mul\libsmallc.a(lib_a-printf.o)
 .debug_frame   0x0000000000000080       0x8c d:/tool/nios2eds/bin/gnu/h-x86_64-mingw32/bin/../lib/gcc/nios2-elf/5.3.0/../../../../../H-x86_64-mingw32/nios2-elf/lib/mno-hw-mul\libsmallc.a(lib_a-vfprintf.o)
 .debug_frame   0x000000000000010c       0x58 d:/tool/nios2eds/bin/gnu/h-x86_64-mingw32/bin/../lib/gcc/nios2-elf/5.3.0/../../../../../H-x86_64-mingw32/nios2-elf/lib/mno-hw-mul\libsmallc.a(lib_a-fvwrite_small_dev.o)
 .debug_frame   0x0000000000000164       0x20 d:/tool/nios2eds/bin/gnu/h-x86_64-mingw32/bin/../lib/gcc/nios2-elf/5.3.0/../../../../../H-x86_64-mingw32/nios2-elf/lib/mno-hw-mul\libsmallc.a(lib_a-strlen.o)
 .debug_frame   0x0000000000000184       0x38 d:/tool/nios2eds/bin/gnu/h-x86_64-mingw32/bin/../lib/gcc/nios2-elf/5.3.0/../../../../../H-x86_64-mingw32/nios2-elf/lib/mno-hw-mul\libsmallc.a(lib_a-writer.o)
 .debug_frame   0x00000000000001bc       0x50 d:/tool/nios2eds/bin/gnu/h-x86_64-mingw32/bin/../lib/gcc/nios2-elf/5.3.0/mno-hw-mul\libgcc.a(lib2-divmod.o)
 .debug_frame   0x000000000000020c       0x20 d:/tool/nios2eds/bin/gnu/h-x86_64-mingw32/bin/../lib/gcc/nios2-elf/5.3.0/mno-hw-mul\libgcc.a(lib2-mul.o)
 .debug_frame   0x000000000000022c       0x5c ../bt_bsp/\libhal_bsp.a(alt_load.o)
 .debug_frame   0x0000000000000288       0x2c ../bt_bsp/\libhal_bsp.a(alt_main.o)
 .debug_frame   0x00000000000002b4       0x60 ../bt_bsp/\libhal_bsp.a(alt_write.o)
 .debug_frame   0x0000000000000314       0x88 ../bt_bsp/\libhal_bsp.a(alt_sys_init.o)
 .debug_frame   0x000000000000039c       0x60 ../bt_bsp/\libhal_bsp.a(altera_avalon_jtag_uart_fd.o)
 .debug_frame   0x00000000000003fc       0x34 ../bt_bsp/\libhal_bsp.a(altera_avalon_jtag_uart_read.o)
 .debug_frame   0x0000000000000430       0x34 ../bt_bsp/\libhal_bsp.a(altera_avalon_jtag_uart_write.o)
 .debug_frame   0x0000000000000464       0x60 ../bt_bsp/\libhal_bsp.a(alt_close.o)
 .debug_frame   0x00000000000004c4       0x34 ../bt_bsp/\libhal_bsp.a(alt_dcache_flush_all.o)
 .debug_frame   0x00000000000004f8       0x34 ../bt_bsp/\libhal_bsp.a(alt_dev.o)
 .debug_frame   0x000000000000052c       0x60 ../bt_bsp/\libhal_bsp.a(alt_dev_llist_insert.o)
 .debug_frame   0x000000000000058c       0x38 ../bt_bsp/\libhal_bsp.a(alt_do_ctors.o)
 .debug_frame   0x00000000000005c4       0x38 ../bt_bsp/\libhal_bsp.a(alt_do_dtors.o)
 .debug_frame   0x00000000000005fc       0x34 ../bt_bsp/\libhal_bsp.a(alt_icache_flush_all.o)
 .debug_frame   0x0000000000000630       0x64 ../bt_bsp/\libhal_bsp.a(alt_io_redirect.o)
 .debug_frame   0x0000000000000694       0x8c ../bt_bsp/\libhal_bsp.a(alt_open.o)
 .debug_frame   0x0000000000000720       0x3c ../bt_bsp/\libhal_bsp.a(alt_release_fd.o)
 .debug_frame   0x000000000000075c       0x34 ../bt_bsp/\libhal_bsp.a(altera_nios2_gen2_irq.o)
 .debug_frame   0x0000000000000790       0x38 ../bt_bsp/\libhal_bsp.a(alt_find_dev.o)
 .debug_frame   0x00000000000007c8       0x38 ../bt_bsp/\libhal_bsp.a(alt_find_file.o)
 .debug_frame   0x0000000000000800       0x3c ../bt_bsp/\libhal_bsp.a(alt_get_fd.o)
 .debug_frame   0x000000000000083c       0x20 d:/tool/nios2eds/bin/gnu/h-x86_64-mingw32/bin/../lib/gcc/nios2-elf/5.3.0/../../../../../H-x86_64-mingw32/nios2-elf/lib/mno-hw-mul\libsmallc.a(lib_a-atexit.o)
 .debug_frame   0x000000000000085c       0x28 d:/tool/nios2eds/bin/gnu/h-x86_64-mingw32/bin/../lib/gcc/nios2-elf/5.3.0/../../../../../H-x86_64-mingw32/nios2-elf/lib/mno-hw-mul\libsmallc.a(lib_a-exit.o)
 .debug_frame   0x0000000000000884       0x20 d:/tool/nios2eds/bin/gnu/h-x86_64-mingw32/bin/../lib/gcc/nios2-elf/5.3.0/../../../../../H-x86_64-mingw32/nios2-elf/lib/mno-hw-mul\libsmallc.a(lib_a-memcmp.o)
 .debug_frame   0x00000000000008a4       0x48 d:/tool/nios2eds/bin/gnu/h-x86_64-mingw32/bin/../lib/gcc/nios2-elf/5.3.0/../../../../../H-x86_64-mingw32/nios2-elf/lib/mno-hw-mul\libsmallc.a(lib_a-__atexit.o)
 .debug_frame   0x00000000000008ec       0x54 d:/tool/nios2eds/bin/gnu/h-x86_64-mingw32/bin/../lib/gcc/nios2-elf/5.3.0/../../../../../H-x86_64-mingw32/nios2-elf/lib/mno-hw-mul\libsmallc.a(lib_a-__call_atexit.o)
 .debug_frame   0x0000000000000940       0x2c ../bt_bsp/\libhal_bsp.a(alt_exit.o)

.debug_str      0x0000000000000000     0x162b
 *(.debug_str)
 .debug_str     0x0000000000000000       0xe7 obj/default/hello_world.o
                                        0x12e (size before relaxing)
 .debug_str     0x00000000000000e7      0x429 d:/tool/nios2eds/bin/gnu/h-x86_64-mingw32/bin/../lib/gcc/nios2-elf/5.3.0/../../../../../H-x86_64-mingw32/nios2-elf/lib/mno-hw-mul\libsmallc.a(lib_a-printf.o)
                                        0x504 (size before relaxing)
 .debug_str     0x0000000000000510      0x1ff d:/tool/nios2eds/bin/gnu/h-x86_64-mingw32/bin/../lib/gcc/nios2-elf/5.3.0/../../../../../H-x86_64-mingw32/nios2-elf/lib/mno-hw-mul\libsmallc.a(lib_a-vfprintf.o)
                                        0x67f (size before relaxing)
 .debug_str     0x000000000000070f       0x78 d:/tool/nios2eds/bin/gnu/h-x86_64-mingw32/bin/../lib/gcc/nios2-elf/5.3.0/../../../../../H-x86_64-mingw32/nios2-elf/lib/mno-hw-mul\libsmallc.a(lib_a-fvwrite_small_dev.o)
                                        0x4d4 (size before relaxing)
 .debug_str     0x0000000000000787       0xef d:/tool/nios2eds/bin/gnu/h-x86_64-mingw32/bin/../lib/gcc/nios2-elf/5.3.0/../../../../../H-x86_64-mingw32/nios2-elf/lib/mno-hw-mul\libsmallc.a(lib_a-impure.o)
                                        0x4be (size before relaxing)
 .debug_str     0x0000000000000876       0xd2 d:/tool/nios2eds/bin/gnu/h-x86_64-mingw32/bin/../lib/gcc/nios2-elf/5.3.0/../../../../../H-x86_64-mingw32/nios2-elf/lib/mno-hw-mul\libsmallc.a(lib_a-strlen.o)
                                        0x1e5 (size before relaxing)
 .debug_str     0x0000000000000948       0x45 d:/tool/nios2eds/bin/gnu/h-x86_64-mingw32/bin/../lib/gcc/nios2-elf/5.3.0/../../../../../H-x86_64-mingw32/nios2-elf/lib/mno-hw-mul\libsmallc.a(lib_a-writer.o)
                                        0x4b8 (size before relaxing)
 .debug_str     0x000000000000098d       0x3f d:/tool/nios2eds/bin/gnu/h-x86_64-mingw32/bin/../lib/gcc/nios2-elf/5.3.0/../../../../../H-x86_64-mingw32/nios2-elf/lib/mno-hw-mul\libsmallc.a(lib_a-int_errno.o)
                                        0x1d8 (size before relaxing)
 .debug_str     0x00000000000009cc      0x187 d:/tool/nios2eds/bin/gnu/h-x86_64-mingw32/bin/../lib/gcc/nios2-elf/5.3.0/mno-hw-mul\libgcc.a(lib2-divmod.o)
                                        0x1d2 (size before relaxing)
 .debug_str     0x0000000000000b53       0x40 d:/tool/nios2eds/bin/gnu/h-x86_64-mingw32/bin/../lib/gcc/nios2-elf/5.3.0/mno-hw-mul\libgcc.a(lib2-mul.o)
                                        0x193 (size before relaxing)
 .debug_str     0x0000000000000b93      0x10a ../bt_bsp/\libhal_bsp.a(alt_load.o)
                                        0x1f1 (size before relaxing)
 .debug_str     0x0000000000000c9d       0x70 ../bt_bsp/\libhal_bsp.a(alt_main.o)
                                        0x17c (size before relaxing)
 .debug_str     0x0000000000000d0d      0x166 ../bt_bsp/\libhal_bsp.a(alt_write.o)
                                        0x2d7 (size before relaxing)
 .debug_str     0x0000000000000e73      0x105 ../bt_bsp/\libhal_bsp.a(alt_sys_init.o)
                                        0x2b3 (size before relaxing)
 .debug_str     0x0000000000000f78       0x77 ../bt_bsp/\libhal_bsp.a(altera_avalon_jtag_uart_fd.o)
                                        0x2b4 (size before relaxing)
 .debug_str     0x0000000000000fef       0x48 ../bt_bsp/\libhal_bsp.a(altera_avalon_jtag_uart_read.o)
                                        0x1fe (size before relaxing)
 .debug_str     0x0000000000001037       0x4a ../bt_bsp/\libhal_bsp.a(altera_avalon_jtag_uart_write.o)
                                        0x1f4 (size before relaxing)
 .debug_str     0x0000000000001081       0x1b ../bt_bsp/\libhal_bsp.a(alt_close.o)
                                        0x1ea (size before relaxing)
 .debug_str     0x000000000000109c       0x34 ../bt_bsp/\libhal_bsp.a(alt_dcache_flush_all.o)
                                        0x134 (size before relaxing)
 .debug_str     0x00000000000010d0       0x50 ../bt_bsp/\libhal_bsp.a(alt_dev.o)
                                        0x2e4 (size before relaxing)
 .debug_str     0x0000000000001120       0x4b ../bt_bsp/\libhal_bsp.a(alt_dev_llist_insert.o)
                                        0x1ab (size before relaxing)
 .debug_str     0x000000000000116b       0x48 ../bt_bsp/\libhal_bsp.a(alt_do_ctors.o)
                                         0xaf (size before relaxing)
 .debug_str     0x00000000000011b3       0x4c ../bt_bsp/\libhal_bsp.a(alt_do_dtors.o)
                                         0xae (size before relaxing)
 .debug_str     0x00000000000011ff       0x14 ../bt_bsp/\libhal_bsp.a(alt_errno.o)
                                        0x124 (size before relaxing)
 .debug_str     0x0000000000001213       0x34 ../bt_bsp/\libhal_bsp.a(alt_icache_flush_all.o)
                                        0x134 (size before relaxing)
 .debug_str     0x0000000000001247       0x56 ../bt_bsp/\libhal_bsp.a(alt_io_redirect.o)
                                        0x2f5 (size before relaxing)
 .debug_str     0x000000000000129d       0x36 ../bt_bsp/\libhal_bsp.a(alt_open.o)
                                        0x22a (size before relaxing)
 .debug_str     0x00000000000012d3       0x28 ../bt_bsp/\libhal_bsp.a(alt_release_fd.o)
                                        0x1b2 (size before relaxing)
 .debug_str     0x00000000000012fb       0x3b ../bt_bsp/\libhal_bsp.a(altera_nios2_gen2_irq.o)
                                        0x13b (size before relaxing)
 .debug_str     0x0000000000001336       0x24 ../bt_bsp/\libhal_bsp.a(alt_find_dev.o)
                                        0x1cb (size before relaxing)
 .debug_str     0x000000000000135a       0x26 ../bt_bsp/\libhal_bsp.a(alt_find_file.o)
                                        0x1d9 (size before relaxing)
 .debug_str     0x0000000000001380       0x30 ../bt_bsp/\libhal_bsp.a(alt_get_fd.o)
                                        0x1fb (size before relaxing)
 .debug_str     0x00000000000013b0      0x116 d:/tool/nios2eds/bin/gnu/h-x86_64-mingw32/bin/../lib/gcc/nios2-elf/5.3.0/../../../../../H-x86_64-mingw32/nios2-elf/lib/mno-hw-mul\libsmallc.a(lib_a-atexit.o)
                                        0x21c (size before relaxing)
 .debug_str     0x00000000000014c6       0x4c d:/tool/nios2eds/bin/gnu/h-x86_64-mingw32/bin/../lib/gcc/nios2-elf/5.3.0/../../../../../H-x86_64-mingw32/nios2-elf/lib/mno-hw-mul\libsmallc.a(lib_a-exit.o)
                                        0x1f0 (size before relaxing)
 .debug_str     0x0000000000001512       0x44 d:/tool/nios2eds/bin/gnu/h-x86_64-mingw32/bin/../lib/gcc/nios2-elf/5.3.0/../../../../../H-x86_64-mingw32/nios2-elf/lib/mno-hw-mul\libsmallc.a(lib_a-memcmp.o)
                                        0x1df (size before relaxing)
 .debug_str     0x0000000000001556       0x46 d:/tool/nios2eds/bin/gnu/h-x86_64-mingw32/bin/../lib/gcc/nios2-elf/5.3.0/../../../../../H-x86_64-mingw32/nios2-elf/lib/mno-hw-mul\libsmallc.a(lib_a-__atexit.o)
                                        0x4ff (size before relaxing)
 .debug_str     0x000000000000159c       0x65 d:/tool/nios2eds/bin/gnu/h-x86_64-mingw32/bin/../lib/gcc/nios2-elf/5.3.0/../../../../../H-x86_64-mingw32/nios2-elf/lib/mno-hw-mul\libsmallc.a(lib_a-__call_atexit.o)
                                        0x4eb (size before relaxing)
 .debug_str     0x0000000000001601       0x2a ../bt_bsp/\libhal_bsp.a(alt_exit.o)
                                        0x130 (size before relaxing)

.debug_loc      0x0000000000000000     0x1543
 *(.debug_loc)
 .debug_loc     0x0000000000000000       0xc6 d:/tool/nios2eds/bin/gnu/h-x86_64-mingw32/bin/../lib/gcc/nios2-elf/5.3.0/../../../../../H-x86_64-mingw32/nios2-elf/lib/mno-hw-mul\libsmallc.a(lib_a-printf.o)
 .debug_loc     0x00000000000000c6      0x954 d:/tool/nios2eds/bin/gnu/h-x86_64-mingw32/bin/../lib/gcc/nios2-elf/5.3.0/../../../../../H-x86_64-mingw32/nios2-elf/lib/mno-hw-mul\libsmallc.a(lib_a-vfprintf.o)
 .debug_loc     0x0000000000000a1a      0x110 d:/tool/nios2eds/bin/gnu/h-x86_64-mingw32/bin/../lib/gcc/nios2-elf/5.3.0/../../../../../H-x86_64-mingw32/nios2-elf/lib/mno-hw-mul\libsmallc.a(lib_a-fvwrite_small_dev.o)
 .debug_loc     0x0000000000000b2a       0x1e d:/tool/nios2eds/bin/gnu/h-x86_64-mingw32/bin/../lib/gcc/nios2-elf/5.3.0/../../../../../H-x86_64-mingw32/nios2-elf/lib/mno-hw-mul\libsmallc.a(lib_a-strlen.o)
 .debug_loc     0x0000000000000b48       0xa5 d:/tool/nios2eds/bin/gnu/h-x86_64-mingw32/bin/../lib/gcc/nios2-elf/5.3.0/../../../../../H-x86_64-mingw32/nios2-elf/lib/mno-hw-mul\libsmallc.a(lib_a-writer.o)
 .debug_loc     0x0000000000000bed      0x4ce d:/tool/nios2eds/bin/gnu/h-x86_64-mingw32/bin/../lib/gcc/nios2-elf/5.3.0/mno-hw-mul\libgcc.a(lib2-divmod.o)
 .debug_loc     0x00000000000010bb       0x93 d:/tool/nios2eds/bin/gnu/h-x86_64-mingw32/bin/../lib/gcc/nios2-elf/5.3.0/mno-hw-mul\libgcc.a(lib2-mul.o)
 .debug_loc     0x000000000000114e       0x2c d:/tool/nios2eds/bin/gnu/h-x86_64-mingw32/bin/../lib/gcc/nios2-elf/5.3.0/../../../../../H-x86_64-mingw32/nios2-elf/lib/mno-hw-mul\libsmallc.a(lib_a-atexit.o)
 .debug_loc     0x000000000000117a       0x1e d:/tool/nios2eds/bin/gnu/h-x86_64-mingw32/bin/../lib/gcc/nios2-elf/5.3.0/../../../../../H-x86_64-mingw32/nios2-elf/lib/mno-hw-mul\libsmallc.a(lib_a-exit.o)
 .debug_loc     0x0000000000001198       0x94 d:/tool/nios2eds/bin/gnu/h-x86_64-mingw32/bin/../lib/gcc/nios2-elf/5.3.0/../../../../../H-x86_64-mingw32/nios2-elf/lib/mno-hw-mul\libsmallc.a(lib_a-memcmp.o)
 .debug_loc     0x000000000000122c      0x1c0 d:/tool/nios2eds/bin/gnu/h-x86_64-mingw32/bin/../lib/gcc/nios2-elf/5.3.0/../../../../../H-x86_64-mingw32/nios2-elf/lib/mno-hw-mul\libsmallc.a(lib_a-__atexit.o)
 .debug_loc     0x00000000000013ec      0x157 d:/tool/nios2eds/bin/gnu/h-x86_64-mingw32/bin/../lib/gcc/nios2-elf/5.3.0/../../../../../H-x86_64-mingw32/nios2-elf/lib/mno-hw-mul\libsmallc.a(lib_a-__call_atexit.o)

.debug_macinfo
 *(.debug_macinfo)

.debug_weaknames
 *(.debug_weaknames)

.debug_funcnames
 *(.debug_funcnames)

.debug_typenames
 *(.debug_typenames)

.debug_varnames
 *(.debug_varnames)

.debug_alt_sim_info
                0x0000000000000000       0x10
 *(.debug_alt_sim_info)
 .debug_alt_sim_info
                0x0000000000000000       0x10 ../bt_bsp//obj/HAL/src/crt0.o
                0x0000000000010000                __alt_data_end = 0x10000
                0x0000000000010000                PROVIDE (__alt_stack_pointer, __alt_data_end)
                [!provide]                        PROVIDE (__alt_stack_limit, __alt_stack_base)
                [!provide]                        PROVIDE (__alt_heap_start, end)
                [!provide]                        PROVIDE (__alt_heap_limit, 0x10000)
OUTPUT(bt.elf elf32-littlenios2)

.debug_ranges   0x0000000000000000      0x228
 .debug_ranges  0x0000000000000000       0x20 ../bt_bsp//obj/HAL/src/crt0.o
 .debug_ranges  0x0000000000000020       0x18 d:/tool/nios2eds/bin/gnu/h-x86_64-mingw32/bin/../lib/gcc/nios2-elf/5.3.0/../../../../../H-x86_64-mingw32/nios2-elf/lib/mno-hw-mul\libsmallc.a(lib_a-printf.o)
 .debug_ranges  0x0000000000000038       0xc8 d:/tool/nios2eds/bin/gnu/h-x86_64-mingw32/bin/../lib/gcc/nios2-elf/5.3.0/../../../../../H-x86_64-mingw32/nios2-elf/lib/mno-hw-mul\libsmallc.a(lib_a-vfprintf.o)
 .debug_ranges  0x0000000000000100       0x28 d:/tool/nios2eds/bin/gnu/h-x86_64-mingw32/bin/../lib/gcc/nios2-elf/5.3.0/../../../../../H-x86_64-mingw32/nios2-elf/lib/mno-hw-mul\libsmallc.a(lib_a-fvwrite_small_dev.o)
 .debug_ranges  0x0000000000000128       0x10 d:/tool/nios2eds/bin/gnu/h-x86_64-mingw32/bin/../lib/gcc/nios2-elf/5.3.0/../../../../../H-x86_64-mingw32/nios2-elf/lib/mno-hw-mul\libsmallc.a(lib_a-strlen.o)
 .debug_ranges  0x0000000000000138       0x10 d:/tool/nios2eds/bin/gnu/h-x86_64-mingw32/bin/../lib/gcc/nios2-elf/5.3.0/../../../../../H-x86_64-mingw32/nios2-elf/lib/mno-hw-mul\libsmallc.a(lib_a-writer.o)
 .debug_ranges  0x0000000000000148       0x60 d:/tool/nios2eds/bin/gnu/h-x86_64-mingw32/bin/../lib/gcc/nios2-elf/5.3.0/mno-hw-mul\libgcc.a(lib2-divmod.o)
 .debug_ranges  0x00000000000001a8       0x18 ../bt_bsp/\libhal_bsp.a(altera_avalon_jtag_uart_read.o)
 .debug_ranges  0x00000000000001c0       0x10 d:/tool/nios2eds/bin/gnu/h-x86_64-mingw32/bin/../lib/gcc/nios2-elf/5.3.0/../../../../../H-x86_64-mingw32/nios2-elf/lib/mno-hw-mul\libsmallc.a(lib_a-atexit.o)
 .debug_ranges  0x00000000000001d0       0x10 d:/tool/nios2eds/bin/gnu/h-x86_64-mingw32/bin/../lib/gcc/nios2-elf/5.3.0/../../../../../H-x86_64-mingw32/nios2-elf/lib/mno-hw-mul\libsmallc.a(lib_a-exit.o)
 .debug_ranges  0x00000000000001e0       0x10 d:/tool/nios2eds/bin/gnu/h-x86_64-mingw32/bin/../lib/gcc/nios2-elf/5.3.0/../../../../../H-x86_64-mingw32/nios2-elf/lib/mno-hw-mul\libsmallc.a(lib_a-memcmp.o)
 .debug_ranges  0x00000000000001f0       0x10 d:/tool/nios2eds/bin/gnu/h-x86_64-mingw32/bin/../lib/gcc/nios2-elf/5.3.0/../../../../../H-x86_64-mingw32/nios2-elf/lib/mno-hw-mul\libsmallc.a(lib_a-__atexit.o)
 .debug_ranges  0x0000000000000200       0x28 d:/tool/nios2eds/bin/gnu/h-x86_64-mingw32/bin/../lib/gcc/nios2-elf/5.3.0/../../../../../H-x86_64-mingw32/nios2-elf/lib/mno-hw-mul\libsmallc.a(lib_a-__call_atexit.o)
