Archive member included to satisfy reference by file (symbol)

../hoang_bsp/\libhal_bsp.a(alt_load.o)
                              ../hoang_bsp//obj/HAL/src/crt0.o (alt_load)
../hoang_bsp/\libhal_bsp.a(alt_main.o)
                              ../hoang_bsp//obj/HAL/src/crt0.o (alt_main)
../hoang_bsp/\libhal_bsp.a(alt_usleep.o)
                              obj/default/source.o (usleep)
../hoang_bsp/\libhal_bsp.a(alt_sys_init.o)
                              ../hoang_bsp/\libhal_bsp.a(alt_main.o) (alt_irq_init)
../hoang_bsp/\libhal_bsp.a(altera_avalon_jtag_uart_fd.o)
                              ../hoang_bsp/\libhal_bsp.a(alt_sys_init.o) (altera_avalon_jtag_uart_read_fd)
../hoang_bsp/\libhal_bsp.a(altera_avalon_jtag_uart_read.o)
                              ../hoang_bsp/\libhal_bsp.a(altera_avalon_jtag_uart_fd.o) (altera_avalon_jtag_uart_read)
../hoang_bsp/\libhal_bsp.a(altera_avalon_jtag_uart_write.o)
                              ../hoang_bsp/\libhal_bsp.a(altera_avalon_jtag_uart_fd.o) (altera_avalon_jtag_uart_write)
../hoang_bsp/\libhal_bsp.a(alt_busy_sleep.o)
                              ../hoang_bsp/\libhal_bsp.a(alt_usleep.o) (alt_busy_sleep)
../hoang_bsp/\libhal_bsp.a(alt_close.o)
                              ../hoang_bsp/\libhal_bsp.a(alt_main.o) (close)
../hoang_bsp/\libhal_bsp.a(alt_dcache_flush_all.o)
                              ../hoang_bsp/\libhal_bsp.a(alt_load.o) (alt_dcache_flush_all)
../hoang_bsp/\libhal_bsp.a(alt_dev.o)
                              ../hoang_bsp/\libhal_bsp.a(alt_sys_init.o) (alt_dev_list)
../hoang_bsp/\libhal_bsp.a(alt_dev_llist_insert.o)
                              ../hoang_bsp/\libhal_bsp.a(alt_sys_init.o) (alt_dev_llist_insert)
../hoang_bsp/\libhal_bsp.a(alt_do_ctors.o)
                              ../hoang_bsp/\libhal_bsp.a(alt_main.o) (_do_ctors)
../hoang_bsp/\libhal_bsp.a(alt_do_dtors.o)
                              ../hoang_bsp/\libhal_bsp.a(alt_main.o) (_do_dtors)
../hoang_bsp/\libhal_bsp.a(alt_errno.o)
                              ../hoang_bsp/\libhal_bsp.a(alt_close.o) (alt_errno)
../hoang_bsp/\libhal_bsp.a(alt_icache_flush_all.o)
                              ../hoang_bsp/\libhal_bsp.a(alt_load.o) (alt_icache_flush_all)
../hoang_bsp/\libhal_bsp.a(alt_io_redirect.o)
                              ../hoang_bsp/\libhal_bsp.a(alt_main.o) (alt_io_redirect)
../hoang_bsp/\libhal_bsp.a(alt_open.o)
                              ../hoang_bsp/\libhal_bsp.a(alt_io_redirect.o) (open)
../hoang_bsp/\libhal_bsp.a(alt_release_fd.o)
                              ../hoang_bsp/\libhal_bsp.a(alt_close.o) (alt_release_fd)
../hoang_bsp/\libhal_bsp.a(altera_nios2_gen2_irq.o)
                              ../hoang_bsp/\libhal_bsp.a(alt_sys_init.o) (altera_nios2_gen2_irq_init)
../hoang_bsp/\libhal_bsp.a(alt_find_dev.o)
                              ../hoang_bsp/\libhal_bsp.a(alt_open.o) (alt_find_dev)
../hoang_bsp/\libhal_bsp.a(alt_find_file.o)
                              ../hoang_bsp/\libhal_bsp.a(alt_open.o) (alt_find_file)
../hoang_bsp/\libhal_bsp.a(alt_get_fd.o)
                              ../hoang_bsp/\libhal_bsp.a(alt_open.o) (alt_get_fd)
d:/tool/nios2eds/bin/gnu/h-x86_64-mingw32/bin/../lib/gcc/nios2-elf/5.3.0/../../../../../H-x86_64-mingw32/nios2-elf/lib/mno-hw-mul\libsmallc.a(lib_a-atexit.o)
                              ../hoang_bsp/\libhal_bsp.a(alt_main.o) (atexit)
d:/tool/nios2eds/bin/gnu/h-x86_64-mingw32/bin/../lib/gcc/nios2-elf/5.3.0/../../../../../H-x86_64-mingw32/nios2-elf/lib/mno-hw-mul\libsmallc.a(lib_a-exit.o)
                              ../hoang_bsp/\libhal_bsp.a(alt_main.o) (exit)
d:/tool/nios2eds/bin/gnu/h-x86_64-mingw32/bin/../lib/gcc/nios2-elf/5.3.0/../../../../../H-x86_64-mingw32/nios2-elf/lib/mno-hw-mul\libsmallc.a(lib_a-int_errno.o)
                              ../hoang_bsp/\libhal_bsp.a(alt_close.o) (errno)
d:/tool/nios2eds/bin/gnu/h-x86_64-mingw32/bin/../lib/gcc/nios2-elf/5.3.0/../../../../../H-x86_64-mingw32/nios2-elf/lib/mno-hw-mul\libsmallc.a(lib_a-memcmp.o)
                              ../hoang_bsp/\libhal_bsp.a(alt_find_dev.o) (memcmp)
d:/tool/nios2eds/bin/gnu/h-x86_64-mingw32/bin/../lib/gcc/nios2-elf/5.3.0/../../../../../H-x86_64-mingw32/nios2-elf/lib/mno-hw-mul\libsmallc.a(lib_a-strlen.o)
                              ../hoang_bsp/\libhal_bsp.a(alt_find_dev.o) (strlen)
d:/tool/nios2eds/bin/gnu/h-x86_64-mingw32/bin/../lib/gcc/nios2-elf/5.3.0/../../../../../H-x86_64-mingw32/nios2-elf/lib/mno-hw-mul\libsmallc.a(lib_a-__atexit.o)
                              d:/tool/nios2eds/bin/gnu/h-x86_64-mingw32/bin/../lib/gcc/nios2-elf/5.3.0/../../../../../H-x86_64-mingw32/nios2-elf/lib/mno-hw-mul\libsmallc.a(lib_a-atexit.o) (__register_exitproc)
d:/tool/nios2eds/bin/gnu/h-x86_64-mingw32/bin/../lib/gcc/nios2-elf/5.3.0/../../../../../H-x86_64-mingw32/nios2-elf/lib/mno-hw-mul\libsmallc.a(lib_a-__call_atexit.o)
                              d:/tool/nios2eds/bin/gnu/h-x86_64-mingw32/bin/../lib/gcc/nios2-elf/5.3.0/../../../../../H-x86_64-mingw32/nios2-elf/lib/mno-hw-mul\libsmallc.a(lib_a-exit.o) (__call_exitprocs)
d:/tool/nios2eds/bin/gnu/h-x86_64-mingw32/bin/../lib/gcc/nios2-elf/5.3.0/../../../../../H-x86_64-mingw32/nios2-elf/lib/mno-hw-mul\libsmallc.a(lib_a-impure.o)
                              d:/tool/nios2eds/bin/gnu/h-x86_64-mingw32/bin/../lib/gcc/nios2-elf/5.3.0/../../../../../H-x86_64-mingw32/nios2-elf/lib/mno-hw-mul\libsmallc.a(lib_a-__atexit.o) (_global_impure_ptr)
d:/tool/nios2eds/bin/gnu/h-x86_64-mingw32/bin/../lib/gcc/nios2-elf/5.3.0/mno-hw-mul\libgcc.a(lib2-divmod.o)
                              ../hoang_bsp/\libhal_bsp.a(alt_busy_sleep.o) (__udivsi3)
d:/tool/nios2eds/bin/gnu/h-x86_64-mingw32/bin/../lib/gcc/nios2-elf/5.3.0/mno-hw-mul\libgcc.a(lib2-mul.o)
                              ../hoang_bsp/\libhal_bsp.a(alt_busy_sleep.o) (__mulsi3)
../hoang_bsp/\libhal_bsp.a(alt_exit.o)
                              d:/tool/nios2eds/bin/gnu/h-x86_64-mingw32/bin/../lib/gcc/nios2-elf/5.3.0/../../../../../H-x86_64-mingw32/nios2-elf/lib/mno-hw-mul\libsmallc.a(lib_a-exit.o) (_exit)

Allocating common symbols
Common symbol       size              file

errno               0x4               d:/tool/nios2eds/bin/gnu/h-x86_64-mingw32/bin/../lib/gcc/nios2-elf/5.3.0/../../../../../H-x86_64-mingw32/nios2-elf/lib/mno-hw-mul\libsmallc.a(lib_a-int_errno.o)

Memory Configuration

Name             Origin             Length             Attributes
reset            0x0000000000008000 0x0000000000000020
onchip_memory2_0 0x0000000000008020 0x0000000000007fe0
*default*        0x0000000000000000 0xffffffffffffffff

Linker script and memory map

LOAD ../hoang_bsp//obj/HAL/src/crt0.o
LOAD obj/default/source.o
LOAD d:/tool/nios2eds/bin/gnu/h-x86_64-mingw32/bin/../lib/gcc/nios2-elf/5.3.0/../../../../../H-x86_64-mingw32/nios2-elf/lib/mno-hw-mul\libstdc++.a
LOAD d:/tool/nios2eds/bin/gnu/h-x86_64-mingw32/bin/../lib/gcc/nios2-elf/5.3.0/../../../../../H-x86_64-mingw32/nios2-elf/lib/mno-hw-mul\libm.a
LOAD d:/tool/nios2eds/bin/gnu/h-x86_64-mingw32/bin/../lib/gcc/nios2-elf/5.3.0/mno-hw-mul\libgcc.a
START GROUP
LOAD d:/tool/nios2eds/bin/gnu/h-x86_64-mingw32/bin/../lib/gcc/nios2-elf/5.3.0/../../../../../H-x86_64-mingw32/nios2-elf/lib/mno-hw-mul\libsmallc.a
LOAD d:/tool/nios2eds/bin/gnu/h-x86_64-mingw32/bin/../lib/gcc/nios2-elf/5.3.0/mno-hw-mul\libgcc.a
LOAD ../hoang_bsp/\libhal_bsp.a
LOAD d:/tool/nios2eds/bin/gnu/h-x86_64-mingw32/bin/../lib/gcc/nios2-elf/5.3.0/../../../../../H-x86_64-mingw32/nios2-elf/lib/mno-hw-mul\libm.a
END GROUP
LOAD d:/tool/nios2eds/bin/gnu/h-x86_64-mingw32/bin/../lib/gcc/nios2-elf/5.3.0/mno-hw-mul\libgcc.a
                0x0000000000008000                __alt_mem_onchip_memory2_0 = 0x8000

.entry          0x0000000000008000       0x20
 *(.entry)
 .entry         0x0000000000008000       0x20 ../hoang_bsp//obj/HAL/src/crt0.o
                0x0000000000008000                __reset

.exceptions     0x0000000000008020        0x0
                0x0000000000008020                PROVIDE (__ram_exceptions_start, ABSOLUTE (.))
                0x0000000000008020                . = ALIGN (0x20)
 *(.irq)
 *(.exceptions.entry.label)
 *(.exceptions.entry.user)
 *(.exceptions.entry.ecc_fatal)
 *(.exceptions.entry)
 *(.exceptions.irqtest.user)
 *(.exceptions.irqtest)
 *(.exceptions.irqhandler.user)
 *(.exceptions.irqhandler)
 *(.exceptions.irqreturn.user)
 *(.exceptions.irqreturn)
 *(.exceptions.notirq.label)
 *(.exceptions.notirq.user)
 *(.exceptions.notirq)
 *(.exceptions.soft.user)
 *(.exceptions.soft)
 *(.exceptions.unknown.user)
 *(.exceptions.unknown)
 *(.exceptions.exit.label)
 *(.exceptions.exit.user)
 *(.exceptions.exit)
 *(.exceptions)
                0x0000000000008020                PROVIDE (__ram_exceptions_end, ABSOLUTE (.))
                0x0000000000008020                PROVIDE (__flash_exceptions_start, LOADADDR (.exceptions))

.text           0x0000000000008020     0x15dc
                [!provide]                        PROVIDE (stext, ABSOLUTE (.))
 *(.interp)
 *(.hash)
 *(.dynsym)
 *(.dynstr)
 *(.gnu.version)
 *(.gnu.version_d)
 *(.gnu.version_r)
 *(.rel.init)
 *(.rela.init)
 *(.rel.text .rel.text.* .rel.gnu.linkonce.t.*)
 *(.rela.text .rela.text.* .rela.gnu.linkonce.t.*)
 *(.rel.fini)
 *(.rela.fini)
 *(.rel.rodata .rel.rodata.* .rel.gnu.linkonce.r.*)
 *(.rela.rodata .rela.rodata.* .rela.gnu.linkonce.r.*)
 *(.rel.data .rel.data.* .rel.gnu.linkonce.d.*)
 *(.rela.data .rela.data.* .rela.gnu.linkonce.d.*)
 *(.rel.tdata .rel.tdata.* .rel.gnu.linkonce.td.*)
 *(.rela.tdata .rela.tdata.* .rela.gnu.linkonce.td.*)
 *(.rel.tbss .rel.tbss.* .rel.gnu.linkonce.tb.*)
 *(.rela.tbss .rela.tbss.* .rela.gnu.linkonce.tb.*)
 *(.rel.ctors)
 *(.rela.ctors)
 *(.rel.dtors)
 *(.rela.dtors)
 *(.rel.got)
 *(.rela.got)
 *(.rel.sdata .rel.sdata.* .rel.gnu.linkonce.s.*)
 *(.rela.sdata .rela.sdata.* .rela.gnu.linkonce.s.*)
 *(.rel.sbss .rel.sbss.* .rel.gnu.linkonce.sb.*)
 *(.rela.sbss .rela.sbss.* .rela.gnu.linkonce.sb.*)
 *(.rel.sdata2 .rel.sdata2.* .rel.gnu.linkonce.s2.*)
 *(.rela.sdata2 .rela.sdata2.* .rela.gnu.linkonce.s2.*)
 *(.rel.sbss2 .rel.sbss2.* .rel.gnu.linkonce.sb2.*)
 *(.rela.sbss2 .rela.sbss2.* .rela.gnu.linkonce.sb2.*)
 *(.rel.bss .rel.bss.* .rel.gnu.linkonce.b.*)
 *(.rela.bss .rela.bss.* .rela.gnu.linkonce.b.*)
 *(.rel.plt)
 *(.rela.plt)
 *(.rel.dyn)
 *(.init)
 *(.plt)
 *(.text .stub .text.* .gnu.linkonce.t.*)
 .text          0x0000000000008020       0x3c ../hoang_bsp//obj/HAL/src/crt0.o
                0x0000000000008020                _start
 .text          0x000000000000805c       0x50 obj/default/source.o
                0x000000000000805c                main
 .text          0x00000000000080ac       0xec ../hoang_bsp/\libhal_bsp.a(alt_load.o)
                0x0000000000008114                alt_load
 .text          0x0000000000008198       0x7c ../hoang_bsp/\libhal_bsp.a(alt_main.o)
                0x0000000000008198                alt_main
 .text          0x0000000000008214       0x30 ../hoang_bsp/\libhal_bsp.a(alt_usleep.o)
                0x0000000000008214                usleep
 .text          0x0000000000008244       0xa0 ../hoang_bsp/\libhal_bsp.a(alt_sys_init.o)
                0x0000000000008278                alt_irq_init
                0x00000000000082b0                alt_sys_init
 .text          0x00000000000082e4       0xc0 ../hoang_bsp/\libhal_bsp.a(altera_avalon_jtag_uart_fd.o)
                0x00000000000082e4                altera_avalon_jtag_uart_read_fd
                0x0000000000008344                altera_avalon_jtag_uart_write_fd
 .text          0x00000000000083a4       0xec ../hoang_bsp/\libhal_bsp.a(altera_avalon_jtag_uart_read.o)
                0x00000000000083a4                altera_avalon_jtag_uart_read
 .text          0x0000000000008490       0x94 ../hoang_bsp/\libhal_bsp.a(altera_avalon_jtag_uart_write.o)
                0x0000000000008490                altera_avalon_jtag_uart_write
 .text          0x0000000000008524      0x158 ../hoang_bsp/\libhal_bsp.a(alt_busy_sleep.o)
                0x0000000000008524                alt_busy_sleep
 .text          0x000000000000867c      0x114 ../hoang_bsp/\libhal_bsp.a(alt_close.o)
                0x00000000000086b8                close
 .text          0x0000000000008790       0x20 ../hoang_bsp/\libhal_bsp.a(alt_dcache_flush_all.o)
                0x0000000000008790                alt_dcache_flush_all
 .text          0x00000000000087b0       0x2c ../hoang_bsp/\libhal_bsp.a(alt_dev.o)
 .text          0x00000000000087dc       0xe0 ../hoang_bsp/\libhal_bsp.a(alt_dev_llist_insert.o)
                0x0000000000008818                alt_dev_llist_insert
 .text          0x00000000000088bc       0x60 ../hoang_bsp/\libhal_bsp.a(alt_do_ctors.o)
                0x00000000000088bc                _do_ctors
 .text          0x000000000000891c       0x60 ../hoang_bsp/\libhal_bsp.a(alt_do_dtors.o)
                0x000000000000891c                _do_dtors
 .text          0x000000000000897c        0x0 ../hoang_bsp/\libhal_bsp.a(alt_errno.o)
 .text          0x000000000000897c       0x20 ../hoang_bsp/\libhal_bsp.a(alt_icache_flush_all.o)
                0x000000000000897c                alt_icache_flush_all
 .text          0x000000000000899c      0x160 ../hoang_bsp/\libhal_bsp.a(alt_io_redirect.o)
                0x0000000000008a80                alt_io_redirect
 .text          0x0000000000008afc      0x284 ../hoang_bsp/\libhal_bsp.a(alt_open.o)
                0x0000000000008c24                open
 .text          0x0000000000008d80       0x84 ../hoang_bsp/\libhal_bsp.a(alt_release_fd.o)
                0x0000000000008d80                alt_release_fd
 .text          0x0000000000008e04       0x24 ../hoang_bsp/\libhal_bsp.a(altera_nios2_gen2_irq.o)
                0x0000000000008e04                altera_nios2_gen2_irq_init
 .text          0x0000000000008e28       0x90 ../hoang_bsp/\libhal_bsp.a(alt_find_dev.o)
                0x0000000000008e28                alt_find_dev
 .text          0x0000000000008eb8      0x108 ../hoang_bsp/\libhal_bsp.a(alt_find_file.o)
                0x0000000000008eb8                alt_find_file
 .text          0x0000000000008fc0       0xc4 ../hoang_bsp/\libhal_bsp.a(alt_get_fd.o)
                0x0000000000008fc0                alt_get_fd
 .text          0x0000000000009084        0x0 d:/tool/nios2eds/bin/gnu/h-x86_64-mingw32/bin/../lib/gcc/nios2-elf/5.3.0/../../../../../H-x86_64-mingw32/nios2-elf/lib/mno-hw-mul\libsmallc.a(lib_a-atexit.o)
 .text.atexit   0x0000000000009084       0x14 d:/tool/nios2eds/bin/gnu/h-x86_64-mingw32/bin/../lib/gcc/nios2-elf/5.3.0/../../../../../H-x86_64-mingw32/nios2-elf/lib/mno-hw-mul\libsmallc.a(lib_a-atexit.o)
                0x0000000000009084                atexit
 .text          0x0000000000009098        0x0 d:/tool/nios2eds/bin/gnu/h-x86_64-mingw32/bin/../lib/gcc/nios2-elf/5.3.0/../../../../../H-x86_64-mingw32/nios2-elf/lib/mno-hw-mul\libsmallc.a(lib_a-exit.o)
 .text.exit     0x0000000000009098       0x20 d:/tool/nios2eds/bin/gnu/h-x86_64-mingw32/bin/../lib/gcc/nios2-elf/5.3.0/../../../../../H-x86_64-mingw32/nios2-elf/lib/mno-hw-mul\libsmallc.a(lib_a-exit.o)
                0x0000000000009098                exit
 .text          0x00000000000090b8        0x0 d:/tool/nios2eds/bin/gnu/h-x86_64-mingw32/bin/../lib/gcc/nios2-elf/5.3.0/../../../../../H-x86_64-mingw32/nios2-elf/lib/mno-hw-mul\libsmallc.a(lib_a-int_errno.o)
 .text          0x00000000000090b8        0x0 d:/tool/nios2eds/bin/gnu/h-x86_64-mingw32/bin/../lib/gcc/nios2-elf/5.3.0/../../../../../H-x86_64-mingw32/nios2-elf/lib/mno-hw-mul\libsmallc.a(lib_a-memcmp.o)
 .text.memcmp   0x00000000000090b8       0x30 d:/tool/nios2eds/bin/gnu/h-x86_64-mingw32/bin/../lib/gcc/nios2-elf/5.3.0/../../../../../H-x86_64-mingw32/nios2-elf/lib/mno-hw-mul\libsmallc.a(lib_a-memcmp.o)
                0x00000000000090b8                memcmp
 .text          0x00000000000090e8        0x0 d:/tool/nios2eds/bin/gnu/h-x86_64-mingw32/bin/../lib/gcc/nios2-elf/5.3.0/../../../../../H-x86_64-mingw32/nios2-elf/lib/mno-hw-mul\libsmallc.a(lib_a-strlen.o)
 .text.strlen   0x00000000000090e8       0x1c d:/tool/nios2eds/bin/gnu/h-x86_64-mingw32/bin/../lib/gcc/nios2-elf/5.3.0/../../../../../H-x86_64-mingw32/nios2-elf/lib/mno-hw-mul\libsmallc.a(lib_a-strlen.o)
                0x00000000000090e8                strlen
 .text          0x0000000000009104        0x0 d:/tool/nios2eds/bin/gnu/h-x86_64-mingw32/bin/../lib/gcc/nios2-elf/5.3.0/../../../../../H-x86_64-mingw32/nios2-elf/lib/mno-hw-mul\libsmallc.a(lib_a-__atexit.o)
 .text.__register_exitproc
                0x0000000000009104      0x158 d:/tool/nios2eds/bin/gnu/h-x86_64-mingw32/bin/../lib/gcc/nios2-elf/5.3.0/../../../../../H-x86_64-mingw32/nios2-elf/lib/mno-hw-mul\libsmallc.a(lib_a-__atexit.o)
                0x0000000000009104                __register_exitproc
 .text          0x000000000000925c        0x0 d:/tool/nios2eds/bin/gnu/h-x86_64-mingw32/bin/../lib/gcc/nios2-elf/5.3.0/../../../../../H-x86_64-mingw32/nios2-elf/lib/mno-hw-mul\libsmallc.a(lib_a-__call_atexit.o)
 .text.__call_exitprocs
                0x000000000000925c      0x190 d:/tool/nios2eds/bin/gnu/h-x86_64-mingw32/bin/../lib/gcc/nios2-elf/5.3.0/../../../../../H-x86_64-mingw32/nios2-elf/lib/mno-hw-mul\libsmallc.a(lib_a-__call_atexit.o)
                0x000000000000925c                __call_exitprocs
 .text          0x00000000000093ec        0x0 d:/tool/nios2eds/bin/gnu/h-x86_64-mingw32/bin/../lib/gcc/nios2-elf/5.3.0/../../../../../H-x86_64-mingw32/nios2-elf/lib/mno-hw-mul\libsmallc.a(lib_a-impure.o)
 .text          0x00000000000093ec      0x1b4 d:/tool/nios2eds/bin/gnu/h-x86_64-mingw32/bin/../lib/gcc/nios2-elf/5.3.0/mno-hw-mul\libgcc.a(lib2-divmod.o)
                0x00000000000093ec                __divsi3
                0x0000000000009470                __modsi3
                0x00000000000094e4                __udivsi3
                0x0000000000009548                __umodsi3
 .text          0x00000000000095a0       0x28 d:/tool/nios2eds/bin/gnu/h-x86_64-mingw32/bin/../lib/gcc/nios2-elf/5.3.0/mno-hw-mul\libgcc.a(lib2-mul.o)
                0x00000000000095a0                __mulsi3
 .text          0x00000000000095c8       0x34 ../hoang_bsp/\libhal_bsp.a(alt_exit.o)
                0x00000000000095c8                _exit
 *(.gnu.warning.*)
 *(.fini)
                [!provide]                        PROVIDE (__etext, ABSOLUTE (.))
                [!provide]                        PROVIDE (_etext, ABSOLUTE (.))
                [!provide]                        PROVIDE (etext, ABSOLUTE (.))
 *(.eh_frame_hdr)
                0x00000000000095fc                . = ALIGN (0x4)
                [!provide]                        PROVIDE (__preinit_array_start, ABSOLUTE (.))
 *(.preinit_array)
                [!provide]                        PROVIDE (__preinit_array_end, ABSOLUTE (.))
                [!provide]                        PROVIDE (__init_array_start, ABSOLUTE (.))
 *(.init_array)
                [!provide]                        PROVIDE (__init_array_end, ABSOLUTE (.))
                [!provide]                        PROVIDE (__fini_array_start, ABSOLUTE (.))
 *(.fini_array)
                [!provide]                        PROVIDE (__fini_array_end, ABSOLUTE (.))
 *(.eh_frame)
 *(.gcc_except_table .gcc_except_table.*)
 *(.dynamic)
                0x00000000000095fc                PROVIDE (__CTOR_LIST__, ABSOLUTE (.))
 *(.ctors)
 *(SORT(.ctors.*))
                0x00000000000095fc                PROVIDE (__CTOR_END__, ABSOLUTE (.))
                0x00000000000095fc                PROVIDE (__DTOR_LIST__, ABSOLUTE (.))
 *(.dtors)
 *(SORT(.dtors.*))
                0x00000000000095fc                PROVIDE (__DTOR_END__, ABSOLUTE (.))
 *(.jcr)
                0x00000000000095fc                . = ALIGN (0x4)

.rodata         0x00000000000095fc       0x34
                0x00000000000095fc                PROVIDE (__ram_rodata_start, ABSOLUTE (.))
                0x00000000000095fc                . = ALIGN (0x4)
 *(.rodata .rodata.* .gnu.linkonce.r.*)
 .rodata        0x00000000000095fc       0x11 ../hoang_bsp/\libhal_bsp.a(alt_main.o)
 *fill*         0x000000000000960d        0x3 
 .rodata        0x0000000000009610       0x11 ../hoang_bsp/\libhal_bsp.a(alt_sys_init.o)
 *fill*         0x0000000000009621        0x3 
 .rodata        0x0000000000009624        0xa ../hoang_bsp/\libhal_bsp.a(alt_dev.o)
 *(.rodata1)
                0x0000000000009630                . = ALIGN (0x4)
 *fill*         0x000000000000962e        0x2 
                0x0000000000009630                PROVIDE (__ram_rodata_end, ABSOLUTE (.))
                0x00000000000095fc                PROVIDE (__flash_rodata_start, LOADADDR (.rodata))

.rwdata         0x0000000000009630      0x2dc load address 0x000000000000990c
                0x0000000000009630                PROVIDE (__ram_rwdata_start, ABSOLUTE (.))
                0x0000000000009630                . = ALIGN (0x4)
 *(.got.plt)
 *(.got)
 *(.data1)
 *(.data .data.* .gnu.linkonce.d.*)
 .data          0x0000000000009630        0x0 ../hoang_bsp//obj/HAL/src/crt0.o
 .data          0x0000000000009630        0x0 obj/default/source.o
 .data          0x0000000000009630        0x0 ../hoang_bsp/\libhal_bsp.a(alt_load.o)
 .data          0x0000000000009630        0x0 ../hoang_bsp/\libhal_bsp.a(alt_main.o)
 .data          0x0000000000009630        0x0 ../hoang_bsp/\libhal_bsp.a(alt_usleep.o)
 .data          0x0000000000009630       0x2c ../hoang_bsp/\libhal_bsp.a(alt_sys_init.o)
 .data          0x000000000000965c        0x0 ../hoang_bsp/\libhal_bsp.a(altera_avalon_jtag_uart_fd.o)
 .data          0x000000000000965c        0x0 ../hoang_bsp/\libhal_bsp.a(altera_avalon_jtag_uart_read.o)
 .data          0x000000000000965c        0x0 ../hoang_bsp/\libhal_bsp.a(altera_avalon_jtag_uart_write.o)
 .data          0x000000000000965c        0x0 ../hoang_bsp/\libhal_bsp.a(alt_busy_sleep.o)
 .data          0x000000000000965c        0x0 ../hoang_bsp/\libhal_bsp.a(alt_close.o)
 .data          0x000000000000965c        0x0 ../hoang_bsp/\libhal_bsp.a(alt_dcache_flush_all.o)
 .data          0x000000000000965c      0x1a8 ../hoang_bsp/\libhal_bsp.a(alt_dev.o)
                0x000000000000965c                alt_dev_null
                0x0000000000009684                alt_fd_list
 .data          0x0000000000009804        0x0 ../hoang_bsp/\libhal_bsp.a(alt_dev_llist_insert.o)
 .data          0x0000000000009804        0x0 ../hoang_bsp/\libhal_bsp.a(alt_do_ctors.o)
 .data          0x0000000000009804        0x0 ../hoang_bsp/\libhal_bsp.a(alt_do_dtors.o)
 .data          0x0000000000009804        0x0 ../hoang_bsp/\libhal_bsp.a(alt_errno.o)
 .data          0x0000000000009804        0x0 ../hoang_bsp/\libhal_bsp.a(alt_icache_flush_all.o)
 .data          0x0000000000009804        0x0 ../hoang_bsp/\libhal_bsp.a(alt_io_redirect.o)
 .data          0x0000000000009804        0x0 ../hoang_bsp/\libhal_bsp.a(alt_open.o)
 .data          0x0000000000009804        0x0 ../hoang_bsp/\libhal_bsp.a(alt_release_fd.o)
 .data          0x0000000000009804        0x0 ../hoang_bsp/\libhal_bsp.a(altera_nios2_gen2_irq.o)
 .data          0x0000000000009804        0x0 ../hoang_bsp/\libhal_bsp.a(alt_find_dev.o)
 .data          0x0000000000009804        0x0 ../hoang_bsp/\libhal_bsp.a(alt_find_file.o)
 .data          0x0000000000009804        0x0 ../hoang_bsp/\libhal_bsp.a(alt_get_fd.o)
 .data          0x0000000000009804        0x0 d:/tool/nios2eds/bin/gnu/h-x86_64-mingw32/bin/../lib/gcc/nios2-elf/5.3.0/../../../../../H-x86_64-mingw32/nios2-elf/lib/mno-hw-mul\libsmallc.a(lib_a-atexit.o)
 .data          0x0000000000009804        0x0 d:/tool/nios2eds/bin/gnu/h-x86_64-mingw32/bin/../lib/gcc/nios2-elf/5.3.0/../../../../../H-x86_64-mingw32/nios2-elf/lib/mno-hw-mul\libsmallc.a(lib_a-exit.o)
 .data          0x0000000000009804        0x0 d:/tool/nios2eds/bin/gnu/h-x86_64-mingw32/bin/../lib/gcc/nios2-elf/5.3.0/../../../../../H-x86_64-mingw32/nios2-elf/lib/mno-hw-mul\libsmallc.a(lib_a-int_errno.o)
 .data          0x0000000000009804        0x0 d:/tool/nios2eds/bin/gnu/h-x86_64-mingw32/bin/../lib/gcc/nios2-elf/5.3.0/../../../../../H-x86_64-mingw32/nios2-elf/lib/mno-hw-mul\libsmallc.a(lib_a-memcmp.o)
 .data          0x0000000000009804        0x0 d:/tool/nios2eds/bin/gnu/h-x86_64-mingw32/bin/../lib/gcc/nios2-elf/5.3.0/../../../../../H-x86_64-mingw32/nios2-elf/lib/mno-hw-mul\libsmallc.a(lib_a-strlen.o)
 .data          0x0000000000009804        0x0 d:/tool/nios2eds/bin/gnu/h-x86_64-mingw32/bin/../lib/gcc/nios2-elf/5.3.0/../../../../../H-x86_64-mingw32/nios2-elf/lib/mno-hw-mul\libsmallc.a(lib_a-__atexit.o)
 .data          0x0000000000009804        0x0 d:/tool/nios2eds/bin/gnu/h-x86_64-mingw32/bin/../lib/gcc/nios2-elf/5.3.0/../../../../../H-x86_64-mingw32/nios2-elf/lib/mno-hw-mul\libsmallc.a(lib_a-__call_atexit.o)
 .data          0x0000000000009804        0x0 d:/tool/nios2eds/bin/gnu/h-x86_64-mingw32/bin/../lib/gcc/nios2-elf/5.3.0/../../../../../H-x86_64-mingw32/nios2-elf/lib/mno-hw-mul\libsmallc.a(lib_a-impure.o)
 .data.impure_data
                0x0000000000009804       0xe0 d:/tool/nios2eds/bin/gnu/h-x86_64-mingw32/bin/../lib/gcc/nios2-elf/5.3.0/../../../../../H-x86_64-mingw32/nios2-elf/lib/mno-hw-mul\libsmallc.a(lib_a-impure.o)
 .data          0x00000000000098e4        0x0 d:/tool/nios2eds/bin/gnu/h-x86_64-mingw32/bin/../lib/gcc/nios2-elf/5.3.0/mno-hw-mul\libgcc.a(lib2-divmod.o)
 .data          0x00000000000098e4        0x0 d:/tool/nios2eds/bin/gnu/h-x86_64-mingw32/bin/../lib/gcc/nios2-elf/5.3.0/mno-hw-mul\libgcc.a(lib2-mul.o)
 .data          0x00000000000098e4        0x0 ../hoang_bsp/\libhal_bsp.a(alt_exit.o)
                0x00000000000118e4                _gp = ABSOLUTE ((. + 0x8000))
                [!provide]                        PROVIDE (gp, _gp)
 *(.rwdata .rwdata.*)
 *(.sdata .sdata.* .gnu.linkonce.s.*)
 .sdata         0x00000000000098e4        0x8 obj/default/source.o
                0x00000000000098e4                sonic
                0x00000000000098e8                hex0
 .sdata         0x00000000000098ec       0x14 ../hoang_bsp/\libhal_bsp.a(alt_dev.o)
                0x00000000000098ec                alt_fs_list
                0x00000000000098f4                alt_dev_list
                0x00000000000098fc                alt_max_fd
 .sdata         0x0000000000009900        0x4 ../hoang_bsp/\libhal_bsp.a(alt_errno.o)
                0x0000000000009900                alt_errno
 .sdata._global_impure_ptr
                0x0000000000009904        0x4 d:/tool/nios2eds/bin/gnu/h-x86_64-mingw32/bin/../lib/gcc/nios2-elf/5.3.0/../../../../../H-x86_64-mingw32/nios2-elf/lib/mno-hw-mul\libsmallc.a(lib_a-impure.o)
                0x0000000000009904                _global_impure_ptr
 .sdata._impure_ptr
                0x0000000000009908        0x4 d:/tool/nios2eds/bin/gnu/h-x86_64-mingw32/bin/../lib/gcc/nios2-elf/5.3.0/../../../../../H-x86_64-mingw32/nios2-elf/lib/mno-hw-mul\libsmallc.a(lib_a-impure.o)
                0x0000000000009908                _impure_ptr
 *(.sdata2 .sdata2.* .gnu.linkonce.s2.*)
                0x000000000000990c                . = ALIGN (0x4)
                0x000000000000990c                _edata = ABSOLUTE (.)
                [!provide]                        PROVIDE (edata, ABSOLUTE (.))
                0x000000000000990c                PROVIDE (__ram_rwdata_end, ABSOLUTE (.))
                0x000000000000990c                PROVIDE (__flash_rwdata_start, LOADADDR (.rwdata))

.bss            0x0000000000009be8       0x10
                0x0000000000009be8                __bss_start = ABSOLUTE (.)
                [!provide]                        PROVIDE (__sbss_start, ABSOLUTE (.))
                [!provide]                        PROVIDE (___sbss_start, ABSOLUTE (.))
 *(.dynsbss)
 *(.sbss .sbss.* .gnu.linkonce.sb.*)
 .sbss          0x0000000000009be8        0xc ../hoang_bsp/\libhal_bsp.a(alt_main.o)
                0x0000000000009be8                alt_argc
                0x0000000000009bec                alt_argv
                0x0000000000009bf0                alt_envp
 .sbss          0x0000000000009bf4        0x4 d:/tool/nios2eds/bin/gnu/h-x86_64-mingw32/bin/../lib/gcc/nios2-elf/5.3.0/../../../../../H-x86_64-mingw32/nios2-elf/lib/mno-hw-mul\libsmallc.a(lib_a-int_errno.o)
                0x0000000000009bf4                errno
 *(.sbss2 .sbss2.* .gnu.linkonce.sb2.*)
 *(.scommon)
                [!provide]                        PROVIDE (__sbss_end, ABSOLUTE (.))
                [!provide]                        PROVIDE (___sbss_end, ABSOLUTE (.))
 *(.dynbss)
 *(.bss .bss.* .gnu.linkonce.b.*)
 .bss           0x0000000000009bf8        0x0 ../hoang_bsp//obj/HAL/src/crt0.o
 .bss           0x0000000000009bf8        0x0 obj/default/source.o
 .bss           0x0000000000009bf8        0x0 ../hoang_bsp/\libhal_bsp.a(alt_load.o)
 .bss           0x0000000000009bf8        0x0 ../hoang_bsp/\libhal_bsp.a(alt_main.o)
 .bss           0x0000000000009bf8        0x0 ../hoang_bsp/\libhal_bsp.a(alt_usleep.o)
 .bss           0x0000000000009bf8        0x0 ../hoang_bsp/\libhal_bsp.a(alt_sys_init.o)
 .bss           0x0000000000009bf8        0x0 ../hoang_bsp/\libhal_bsp.a(altera_avalon_jtag_uart_fd.o)
 .bss           0x0000000000009bf8        0x0 ../hoang_bsp/\libhal_bsp.a(altera_avalon_jtag_uart_read.o)
 .bss           0x0000000000009bf8        0x0 ../hoang_bsp/\libhal_bsp.a(altera_avalon_jtag_uart_write.o)
 .bss           0x0000000000009bf8        0x0 ../hoang_bsp/\libhal_bsp.a(alt_busy_sleep.o)
 .bss           0x0000000000009bf8        0x0 ../hoang_bsp/\libhal_bsp.a(alt_close.o)
 .bss           0x0000000000009bf8        0x0 ../hoang_bsp/\libhal_bsp.a(alt_dcache_flush_all.o)
 .bss           0x0000000000009bf8        0x0 ../hoang_bsp/\libhal_bsp.a(alt_dev.o)
 .bss           0x0000000000009bf8        0x0 ../hoang_bsp/\libhal_bsp.a(alt_dev_llist_insert.o)
 .bss           0x0000000000009bf8        0x0 ../hoang_bsp/\libhal_bsp.a(alt_do_ctors.o)
 .bss           0x0000000000009bf8        0x0 ../hoang_bsp/\libhal_bsp.a(alt_do_dtors.o)
 .bss           0x0000000000009bf8        0x0 ../hoang_bsp/\libhal_bsp.a(alt_errno.o)
 .bss           0x0000000000009bf8        0x0 ../hoang_bsp/\libhal_bsp.a(alt_icache_flush_all.o)
 .bss           0x0000000000009bf8        0x0 ../hoang_bsp/\libhal_bsp.a(alt_io_redirect.o)
 .bss           0x0000000000009bf8        0x0 ../hoang_bsp/\libhal_bsp.a(alt_open.o)
 .bss           0x0000000000009bf8        0x0 ../hoang_bsp/\libhal_bsp.a(alt_release_fd.o)
 .bss           0x0000000000009bf8        0x0 ../hoang_bsp/\libhal_bsp.a(altera_nios2_gen2_irq.o)
 .bss           0x0000000000009bf8        0x0 ../hoang_bsp/\libhal_bsp.a(alt_find_dev.o)
 .bss           0x0000000000009bf8        0x0 ../hoang_bsp/\libhal_bsp.a(alt_find_file.o)
 .bss           0x0000000000009bf8        0x0 ../hoang_bsp/\libhal_bsp.a(alt_get_fd.o)
 .bss           0x0000000000009bf8        0x0 d:/tool/nios2eds/bin/gnu/h-x86_64-mingw32/bin/../lib/gcc/nios2-elf/5.3.0/../../../../../H-x86_64-mingw32/nios2-elf/lib/mno-hw-mul\libsmallc.a(lib_a-atexit.o)
 .bss           0x0000000000009bf8        0x0 d:/tool/nios2eds/bin/gnu/h-x86_64-mingw32/bin/../lib/gcc/nios2-elf/5.3.0/../../../../../H-x86_64-mingw32/nios2-elf/lib/mno-hw-mul\libsmallc.a(lib_a-exit.o)
 .bss           0x0000000000009bf8        0x0 d:/tool/nios2eds/bin/gnu/h-x86_64-mingw32/bin/../lib/gcc/nios2-elf/5.3.0/../../../../../H-x86_64-mingw32/nios2-elf/lib/mno-hw-mul\libsmallc.a(lib_a-int_errno.o)
 .bss           0x0000000000009bf8        0x0 d:/tool/nios2eds/bin/gnu/h-x86_64-mingw32/bin/../lib/gcc/nios2-elf/5.3.0/../../../../../H-x86_64-mingw32/nios2-elf/lib/mno-hw-mul\libsmallc.a(lib_a-memcmp.o)
 .bss           0x0000000000009bf8        0x0 d:/tool/nios2eds/bin/gnu/h-x86_64-mingw32/bin/../lib/gcc/nios2-elf/5.3.0/../../../../../H-x86_64-mingw32/nios2-elf/lib/mno-hw-mul\libsmallc.a(lib_a-strlen.o)
 .bss           0x0000000000009bf8        0x0 d:/tool/nios2eds/bin/gnu/h-x86_64-mingw32/bin/../lib/gcc/nios2-elf/5.3.0/../../../../../H-x86_64-mingw32/nios2-elf/lib/mno-hw-mul\libsmallc.a(lib_a-__atexit.o)
 .bss           0x0000000000009bf8        0x0 d:/tool/nios2eds/bin/gnu/h-x86_64-mingw32/bin/../lib/gcc/nios2-elf/5.3.0/../../../../../H-x86_64-mingw32/nios2-elf/lib/mno-hw-mul\libsmallc.a(lib_a-__call_atexit.o)
 .bss           0x0000000000009bf8        0x0 d:/tool/nios2eds/bin/gnu/h-x86_64-mingw32/bin/../lib/gcc/nios2-elf/5.3.0/../../../../../H-x86_64-mingw32/nios2-elf/lib/mno-hw-mul\libsmallc.a(lib_a-impure.o)
 .bss           0x0000000000009bf8        0x0 d:/tool/nios2eds/bin/gnu/h-x86_64-mingw32/bin/../lib/gcc/nios2-elf/5.3.0/mno-hw-mul\libgcc.a(lib2-divmod.o)
 .bss           0x0000000000009bf8        0x0 d:/tool/nios2eds/bin/gnu/h-x86_64-mingw32/bin/../lib/gcc/nios2-elf/5.3.0/mno-hw-mul\libgcc.a(lib2-mul.o)
 .bss           0x0000000000009bf8        0x0 ../hoang_bsp/\libhal_bsp.a(alt_exit.o)
 *(COMMON)
                0x0000000000009bf8                . = ALIGN (0x4)
                0x0000000000009bf8                __bss_end = ABSOLUTE (.)

.onchip_memory2_0
                0x0000000000009bf8        0x0
                [!provide]                        PROVIDE (_alt_partition_onchip_memory2_0_start, ABSOLUTE (.))
 *(.onchip_memory2_0 .onchip_memory2_0. onchip_memory2_0.*)
                0x0000000000009bf8                . = ALIGN (0x4)
                [!provide]                        PROVIDE (_alt_partition_onchip_memory2_0_end, ABSOLUTE (.))
                0x0000000000009bf8                _end = ABSOLUTE (.)
                0x0000000000009bf8                end = ABSOLUTE (.)
                0x0000000000009bf8                __alt_stack_base = ABSOLUTE (.)
                [!provide]                        PROVIDE (_alt_partition_onchip_memory2_0_load_addr, LOADADDR (.onchip_memory2_0))

.stab
 *(.stab)

.stabstr
 *(.stabstr)

.stab.excl
 *(.stab.excl)

.stab.exclstr
 *(.stab.exclstr)

.stab.index
 *(.stab.index)

.stab.indexstr
 *(.stab.indexstr)

.comment        0x0000000000000000       0x23
 *(.comment)
 .comment       0x0000000000000000       0x23 obj/default/source.o
                                         0x24 (size before relaxing)
 .comment       0x0000000000000023       0x24 ../hoang_bsp/\libhal_bsp.a(alt_load.o)
 .comment       0x0000000000000023       0x24 ../hoang_bsp/\libhal_bsp.a(alt_main.o)
 .comment       0x0000000000000023       0x24 ../hoang_bsp/\libhal_bsp.a(alt_usleep.o)
 .comment       0x0000000000000023       0x24 ../hoang_bsp/\libhal_bsp.a(alt_sys_init.o)
 .comment       0x0000000000000023       0x24 ../hoang_bsp/\libhal_bsp.a(altera_avalon_jtag_uart_fd.o)
 .comment       0x0000000000000023       0x24 ../hoang_bsp/\libhal_bsp.a(altera_avalon_jtag_uart_read.o)
 .comment       0x0000000000000023       0x24 ../hoang_bsp/\libhal_bsp.a(altera_avalon_jtag_uart_write.o)
 .comment       0x0000000000000023       0x24 ../hoang_bsp/\libhal_bsp.a(alt_busy_sleep.o)
 .comment       0x0000000000000023       0x24 ../hoang_bsp/\libhal_bsp.a(alt_close.o)
 .comment       0x0000000000000023       0x24 ../hoang_bsp/\libhal_bsp.a(alt_dcache_flush_all.o)
 .comment       0x0000000000000023       0x24 ../hoang_bsp/\libhal_bsp.a(alt_dev.o)
 .comment       0x0000000000000023       0x24 ../hoang_bsp/\libhal_bsp.a(alt_dev_llist_insert.o)
 .comment       0x0000000000000023       0x24 ../hoang_bsp/\libhal_bsp.a(alt_do_ctors.o)
 .comment       0x0000000000000023       0x24 ../hoang_bsp/\libhal_bsp.a(alt_do_dtors.o)
 .comment       0x0000000000000023       0x24 ../hoang_bsp/\libhal_bsp.a(alt_errno.o)
 .comment       0x0000000000000023       0x24 ../hoang_bsp/\libhal_bsp.a(alt_icache_flush_all.o)
 .comment       0x0000000000000023       0x24 ../hoang_bsp/\libhal_bsp.a(alt_io_redirect.o)
 .comment       0x0000000000000023       0x24 ../hoang_bsp/\libhal_bsp.a(alt_open.o)
 .comment       0x0000000000000023       0x24 ../hoang_bsp/\libhal_bsp.a(alt_release_fd.o)
 .comment       0x0000000000000023       0x24 ../hoang_bsp/\libhal_bsp.a(altera_nios2_gen2_irq.o)
 .comment       0x0000000000000023       0x24 ../hoang_bsp/\libhal_bsp.a(alt_find_dev.o)
 .comment       0x0000000000000023       0x24 ../hoang_bsp/\libhal_bsp.a(alt_find_file.o)
 .comment       0x0000000000000023       0x24 ../hoang_bsp/\libhal_bsp.a(alt_get_fd.o)
 .comment       0x0000000000000023       0x24 d:/tool/nios2eds/bin/gnu/h-x86_64-mingw32/bin/../lib/gcc/nios2-elf/5.3.0/../../../../../H-x86_64-mingw32/nios2-elf/lib/mno-hw-mul\libsmallc.a(lib_a-atexit.o)
 .comment       0x0000000000000023       0x24 d:/tool/nios2eds/bin/gnu/h-x86_64-mingw32/bin/../lib/gcc/nios2-elf/5.3.0/../../../../../H-x86_64-mingw32/nios2-elf/lib/mno-hw-mul\libsmallc.a(lib_a-exit.o)
 .comment       0x0000000000000023       0x24 d:/tool/nios2eds/bin/gnu/h-x86_64-mingw32/bin/../lib/gcc/nios2-elf/5.3.0/../../../../../H-x86_64-mingw32/nios2-elf/lib/mno-hw-mul\libsmallc.a(lib_a-int_errno.o)
 .comment       0x0000000000000023       0x24 d:/tool/nios2eds/bin/gnu/h-x86_64-mingw32/bin/../lib/gcc/nios2-elf/5.3.0/../../../../../H-x86_64-mingw32/nios2-elf/lib/mno-hw-mul\libsmallc.a(lib_a-memcmp.o)
 .comment       0x0000000000000023       0x24 d:/tool/nios2eds/bin/gnu/h-x86_64-mingw32/bin/../lib/gcc/nios2-elf/5.3.0/../../../../../H-x86_64-mingw32/nios2-elf/lib/mno-hw-mul\libsmallc.a(lib_a-strlen.o)
 .comment       0x0000000000000023       0x24 d:/tool/nios2eds/bin/gnu/h-x86_64-mingw32/bin/../lib/gcc/nios2-elf/5.3.0/../../../../../H-x86_64-mingw32/nios2-elf/lib/mno-hw-mul\libsmallc.a(lib_a-__atexit.o)
 .comment       0x0000000000000023       0x24 d:/tool/nios2eds/bin/gnu/h-x86_64-mingw32/bin/../lib/gcc/nios2-elf/5.3.0/../../../../../H-x86_64-mingw32/nios2-elf/lib/mno-hw-mul\libsmallc.a(lib_a-__call_atexit.o)
 .comment       0x0000000000000023       0x24 d:/tool/nios2eds/bin/gnu/h-x86_64-mingw32/bin/../lib/gcc/nios2-elf/5.3.0/../../../../../H-x86_64-mingw32/nios2-elf/lib/mno-hw-mul\libsmallc.a(lib_a-impure.o)
 .comment       0x0000000000000023       0x24 d:/tool/nios2eds/bin/gnu/h-x86_64-mingw32/bin/../lib/gcc/nios2-elf/5.3.0/mno-hw-mul\libgcc.a(lib2-divmod.o)
 .comment       0x0000000000000023       0x24 d:/tool/nios2eds/bin/gnu/h-x86_64-mingw32/bin/../lib/gcc/nios2-elf/5.3.0/mno-hw-mul\libgcc.a(lib2-mul.o)
 .comment       0x0000000000000023       0x24 ../hoang_bsp/\libhal_bsp.a(alt_exit.o)

.debug
 *(.debug)

.line
 *(.line)

.debug_srcinfo
 *(.debug_srcinfo)

.debug_sfnames
 *(.debug_sfnames)

.debug_aranges  0x0000000000000000      0x470
 *(.debug_aranges)
 .debug_aranges
                0x0000000000000000       0x28 ../hoang_bsp//obj/HAL/src/crt0.o
 .debug_aranges
                0x0000000000000028       0x20 obj/default/source.o
 .debug_aranges
                0x0000000000000048       0x20 ../hoang_bsp/\libhal_bsp.a(alt_load.o)
 .debug_aranges
                0x0000000000000068       0x20 ../hoang_bsp/\libhal_bsp.a(alt_main.o)
 .debug_aranges
                0x0000000000000088       0x20 ../hoang_bsp/\libhal_bsp.a(alt_usleep.o)
 .debug_aranges
                0x00000000000000a8       0x20 ../hoang_bsp/\libhal_bsp.a(alt_sys_init.o)
 .debug_aranges
                0x00000000000000c8       0x20 ../hoang_bsp/\libhal_bsp.a(altera_avalon_jtag_uart_fd.o)
 .debug_aranges
                0x00000000000000e8       0x20 ../hoang_bsp/\libhal_bsp.a(altera_avalon_jtag_uart_read.o)
 .debug_aranges
                0x0000000000000108       0x20 ../hoang_bsp/\libhal_bsp.a(altera_avalon_jtag_uart_write.o)
 .debug_aranges
                0x0000000000000128       0x20 ../hoang_bsp/\libhal_bsp.a(alt_busy_sleep.o)
 .debug_aranges
                0x0000000000000148       0x20 ../hoang_bsp/\libhal_bsp.a(alt_close.o)
 .debug_aranges
                0x0000000000000168       0x20 ../hoang_bsp/\libhal_bsp.a(alt_dcache_flush_all.o)
 .debug_aranges
                0x0000000000000188       0x20 ../hoang_bsp/\libhal_bsp.a(alt_dev.o)
 .debug_aranges
                0x00000000000001a8       0x20 ../hoang_bsp/\libhal_bsp.a(alt_dev_llist_insert.o)
 .debug_aranges
                0x00000000000001c8       0x20 ../hoang_bsp/\libhal_bsp.a(alt_do_ctors.o)
 .debug_aranges
                0x00000000000001e8       0x20 ../hoang_bsp/\libhal_bsp.a(alt_do_dtors.o)
 .debug_aranges
                0x0000000000000208       0x18 ../hoang_bsp/\libhal_bsp.a(alt_errno.o)
 .debug_aranges
                0x0000000000000220       0x20 ../hoang_bsp/\libhal_bsp.a(alt_icache_flush_all.o)
 .debug_aranges
                0x0000000000000240       0x20 ../hoang_bsp/\libhal_bsp.a(alt_io_redirect.o)
 .debug_aranges
                0x0000000000000260       0x20 ../hoang_bsp/\libhal_bsp.a(alt_open.o)
 .debug_aranges
                0x0000000000000280       0x20 ../hoang_bsp/\libhal_bsp.a(alt_release_fd.o)
 .debug_aranges
                0x00000000000002a0       0x20 ../hoang_bsp/\libhal_bsp.a(altera_nios2_gen2_irq.o)
 .debug_aranges
                0x00000000000002c0       0x20 ../hoang_bsp/\libhal_bsp.a(alt_find_dev.o)
 .debug_aranges
                0x00000000000002e0       0x20 ../hoang_bsp/\libhal_bsp.a(alt_find_file.o)
 .debug_aranges
                0x0000000000000300       0x20 ../hoang_bsp/\libhal_bsp.a(alt_get_fd.o)
 .debug_aranges
                0x0000000000000320       0x20 d:/tool/nios2eds/bin/gnu/h-x86_64-mingw32/bin/../lib/gcc/nios2-elf/5.3.0/../../../../../H-x86_64-mingw32/nios2-elf/lib/mno-hw-mul\libsmallc.a(lib_a-atexit.o)
 .debug_aranges
                0x0000000000000340       0x20 d:/tool/nios2eds/bin/gnu/h-x86_64-mingw32/bin/../lib/gcc/nios2-elf/5.3.0/../../../../../H-x86_64-mingw32/nios2-elf/lib/mno-hw-mul\libsmallc.a(lib_a-exit.o)
 .debug_aranges
                0x0000000000000360       0x18 d:/tool/nios2eds/bin/gnu/h-x86_64-mingw32/bin/../lib/gcc/nios2-elf/5.3.0/../../../../../H-x86_64-mingw32/nios2-elf/lib/mno-hw-mul\libsmallc.a(lib_a-int_errno.o)
 .debug_aranges
                0x0000000000000378       0x20 d:/tool/nios2eds/bin/gnu/h-x86_64-mingw32/bin/../lib/gcc/nios2-elf/5.3.0/../../../../../H-x86_64-mingw32/nios2-elf/lib/mno-hw-mul\libsmallc.a(lib_a-memcmp.o)
 .debug_aranges
                0x0000000000000398       0x20 d:/tool/nios2eds/bin/gnu/h-x86_64-mingw32/bin/../lib/gcc/nios2-elf/5.3.0/../../../../../H-x86_64-mingw32/nios2-elf/lib/mno-hw-mul\libsmallc.a(lib_a-strlen.o)
 .debug_aranges
                0x00000000000003b8       0x20 d:/tool/nios2eds/bin/gnu/h-x86_64-mingw32/bin/../lib/gcc/nios2-elf/5.3.0/../../../../../H-x86_64-mingw32/nios2-elf/lib/mno-hw-mul\libsmallc.a(lib_a-__atexit.o)
 .debug_aranges
                0x00000000000003d8       0x20 d:/tool/nios2eds/bin/gnu/h-x86_64-mingw32/bin/../lib/gcc/nios2-elf/5.3.0/../../../../../H-x86_64-mingw32/nios2-elf/lib/mno-hw-mul\libsmallc.a(lib_a-__call_atexit.o)
 .debug_aranges
                0x00000000000003f8       0x18 d:/tool/nios2eds/bin/gnu/h-x86_64-mingw32/bin/../lib/gcc/nios2-elf/5.3.0/../../../../../H-x86_64-mingw32/nios2-elf/lib/mno-hw-mul\libsmallc.a(lib_a-impure.o)
 .debug_aranges
                0x0000000000000410       0x20 d:/tool/nios2eds/bin/gnu/h-x86_64-mingw32/bin/../lib/gcc/nios2-elf/5.3.0/mno-hw-mul\libgcc.a(lib2-divmod.o)
 .debug_aranges
                0x0000000000000430       0x20 d:/tool/nios2eds/bin/gnu/h-x86_64-mingw32/bin/../lib/gcc/nios2-elf/5.3.0/mno-hw-mul\libgcc.a(lib2-mul.o)
 .debug_aranges
                0x0000000000000450       0x20 ../hoang_bsp/\libhal_bsp.a(alt_exit.o)

.debug_pubnames
 *(.debug_pubnames)

.debug_info     0x0000000000000000     0x4bb3
 *(.debug_info .gnu.linkonce.wi.*)
 .debug_info    0x0000000000000000       0x50 ../hoang_bsp//obj/HAL/src/crt0.o
 .debug_info    0x0000000000000050       0xfa obj/default/source.o
 .debug_info    0x000000000000014a      0x145 ../hoang_bsp/\libhal_bsp.a(alt_load.o)
 .debug_info    0x000000000000028f      0x131 ../hoang_bsp/\libhal_bsp.a(alt_main.o)
 .debug_info    0x00000000000003c0       0xb0 ../hoang_bsp/\libhal_bsp.a(alt_usleep.o)
 .debug_info    0x0000000000000470      0x3c9 ../hoang_bsp/\libhal_bsp.a(alt_sys_init.o)
 .debug_info    0x0000000000000839      0x3a7 ../hoang_bsp/\libhal_bsp.a(altera_avalon_jtag_uart_fd.o)
 .debug_info    0x0000000000000be0      0x1b2 ../hoang_bsp/\libhal_bsp.a(altera_avalon_jtag_uart_read.o)
 .debug_info    0x0000000000000d92      0x195 ../hoang_bsp/\libhal_bsp.a(altera_avalon_jtag_uart_write.o)
 .debug_info    0x0000000000000f27       0xd7 ../hoang_bsp/\libhal_bsp.a(alt_busy_sleep.o)
 .debug_info    0x0000000000000ffe      0x321 ../hoang_bsp/\libhal_bsp.a(alt_close.o)
 .debug_info    0x000000000000131f       0x92 ../hoang_bsp/\libhal_bsp.a(alt_dcache_flush_all.o)
 .debug_info    0x00000000000013b1      0x49c ../hoang_bsp/\libhal_bsp.a(alt_dev.o)
 .debug_info    0x000000000000184d      0x1a9 ../hoang_bsp/\libhal_bsp.a(alt_dev_llist_insert.o)
 .debug_info    0x00000000000019f6       0x83 ../hoang_bsp/\libhal_bsp.a(alt_do_ctors.o)
 .debug_info    0x0000000000001a79       0x83 ../hoang_bsp/\libhal_bsp.a(alt_do_dtors.o)
 .debug_info    0x0000000000001afc       0xa6 ../hoang_bsp/\libhal_bsp.a(alt_errno.o)
 .debug_info    0x0000000000001ba2       0x92 ../hoang_bsp/\libhal_bsp.a(alt_icache_flush_all.o)
 .debug_info    0x0000000000001c34      0x4a5 ../hoang_bsp/\libhal_bsp.a(alt_io_redirect.o)
 .debug_info    0x00000000000020d9      0x3bb ../hoang_bsp/\libhal_bsp.a(alt_open.o)
 .debug_info    0x0000000000002494      0x2b0 ../hoang_bsp/\libhal_bsp.a(alt_release_fd.o)
 .debug_info    0x0000000000002744       0x92 ../hoang_bsp/\libhal_bsp.a(altera_nios2_gen2_irq.o)
 .debug_info    0x00000000000027d6      0x2e9 ../hoang_bsp/\libhal_bsp.a(alt_find_dev.o)
 .debug_info    0x0000000000002abf      0x2e6 ../hoang_bsp/\libhal_bsp.a(alt_find_file.o)
 .debug_info    0x0000000000002da5      0x310 ../hoang_bsp/\libhal_bsp.a(alt_get_fd.o)
 .debug_info    0x00000000000030b5       0xfe d:/tool/nios2eds/bin/gnu/h-x86_64-mingw32/bin/../lib/gcc/nios2-elf/5.3.0/../../../../../H-x86_64-mingw32/nios2-elf/lib/mno-hw-mul\libsmallc.a(lib_a-atexit.o)
 .debug_info    0x00000000000031b3       0xe5 d:/tool/nios2eds/bin/gnu/h-x86_64-mingw32/bin/../lib/gcc/nios2-elf/5.3.0/../../../../../H-x86_64-mingw32/nios2-elf/lib/mno-hw-mul\libsmallc.a(lib_a-exit.o)
 .debug_info    0x0000000000003298       0x8a d:/tool/nios2eds/bin/gnu/h-x86_64-mingw32/bin/../lib/gcc/nios2-elf/5.3.0/../../../../../H-x86_64-mingw32/nios2-elf/lib/mno-hw-mul\libsmallc.a(lib_a-int_errno.o)
 .debug_info    0x0000000000003322       0xf4 d:/tool/nios2eds/bin/gnu/h-x86_64-mingw32/bin/../lib/gcc/nios2-elf/5.3.0/../../../../../H-x86_64-mingw32/nios2-elf/lib/mno-hw-mul\libsmallc.a(lib_a-memcmp.o)
 .debug_info    0x0000000000003416       0xc9 d:/tool/nios2eds/bin/gnu/h-x86_64-mingw32/bin/../lib/gcc/nios2-elf/5.3.0/../../../../../H-x86_64-mingw32/nios2-elf/lib/mno-hw-mul\libsmallc.a(lib_a-strlen.o)
 .debug_info    0x00000000000034df      0x64a d:/tool/nios2eds/bin/gnu/h-x86_64-mingw32/bin/../lib/gcc/nios2-elf/5.3.0/../../../../../H-x86_64-mingw32/nios2-elf/lib/mno-hw-mul\libsmallc.a(lib_a-__atexit.o)
 .debug_info    0x0000000000003b29      0x67b d:/tool/nios2eds/bin/gnu/h-x86_64-mingw32/bin/../lib/gcc/nios2-elf/5.3.0/../../../../../H-x86_64-mingw32/nios2-elf/lib/mno-hw-mul\libsmallc.a(lib_a-__call_atexit.o)
 .debug_info    0x00000000000041a4      0x5a9 d:/tool/nios2eds/bin/gnu/h-x86_64-mingw32/bin/../lib/gcc/nios2-elf/5.3.0/../../../../../H-x86_64-mingw32/nios2-elf/lib/mno-hw-mul\libsmallc.a(lib_a-impure.o)
 .debug_info    0x000000000000474d      0x2c6 d:/tool/nios2eds/bin/gnu/h-x86_64-mingw32/bin/../lib/gcc/nios2-elf/5.3.0/mno-hw-mul\libgcc.a(lib2-divmod.o)
 .debug_info    0x0000000000004a13       0xb4 d:/tool/nios2eds/bin/gnu/h-x86_64-mingw32/bin/../lib/gcc/nios2-elf/5.3.0/mno-hw-mul\libgcc.a(lib2-mul.o)
 .debug_info    0x0000000000004ac7       0xec ../hoang_bsp/\libhal_bsp.a(alt_exit.o)

.debug_abbrev   0x0000000000000000     0x1bbf
 *(.debug_abbrev)
 .debug_abbrev  0x0000000000000000       0x12 ../hoang_bsp//obj/HAL/src/crt0.o
 .debug_abbrev  0x0000000000000012       0x83 obj/default/source.o
 .debug_abbrev  0x0000000000000095       0x9f ../hoang_bsp/\libhal_bsp.a(alt_load.o)
 .debug_abbrev  0x0000000000000134       0xba ../hoang_bsp/\libhal_bsp.a(alt_main.o)
 .debug_abbrev  0x00000000000001ee       0x60 ../hoang_bsp/\libhal_bsp.a(alt_usleep.o)
 .debug_abbrev  0x000000000000024e      0x157 ../hoang_bsp/\libhal_bsp.a(alt_sys_init.o)
 .debug_abbrev  0x00000000000003a5       0xf7 ../hoang_bsp/\libhal_bsp.a(altera_avalon_jtag_uart_fd.o)
 .debug_abbrev  0x000000000000049c       0xd5 ../hoang_bsp/\libhal_bsp.a(altera_avalon_jtag_uart_read.o)
 .debug_abbrev  0x0000000000000571       0xd5 ../hoang_bsp/\libhal_bsp.a(altera_avalon_jtag_uart_write.o)
 .debug_abbrev  0x0000000000000646       0x7e ../hoang_bsp/\libhal_bsp.a(alt_busy_sleep.o)
 .debug_abbrev  0x00000000000006c4      0x11f ../hoang_bsp/\libhal_bsp.a(alt_close.o)
 .debug_abbrev  0x00000000000007e3       0x42 ../hoang_bsp/\libhal_bsp.a(alt_dcache_flush_all.o)
 .debug_abbrev  0x0000000000000825       0xd9 ../hoang_bsp/\libhal_bsp.a(alt_dev.o)
 .debug_abbrev  0x00000000000008fe      0x114 ../hoang_bsp/\libhal_bsp.a(alt_dev_llist_insert.o)
 .debug_abbrev  0x0000000000000a12       0x79 ../hoang_bsp/\libhal_bsp.a(alt_do_ctors.o)
 .debug_abbrev  0x0000000000000a8b       0x79 ../hoang_bsp/\libhal_bsp.a(alt_do_dtors.o)
 .debug_abbrev  0x0000000000000b04       0x5a ../hoang_bsp/\libhal_bsp.a(alt_errno.o)
 .debug_abbrev  0x0000000000000b5e       0x42 ../hoang_bsp/\libhal_bsp.a(alt_icache_flush_all.o)
 .debug_abbrev  0x0000000000000ba0      0x114 ../hoang_bsp/\libhal_bsp.a(alt_io_redirect.o)
 .debug_abbrev  0x0000000000000cb4      0x148 ../hoang_bsp/\libhal_bsp.a(alt_open.o)
 .debug_abbrev  0x0000000000000dfc       0xde ../hoang_bsp/\libhal_bsp.a(alt_release_fd.o)
 .debug_abbrev  0x0000000000000eda       0x42 ../hoang_bsp/\libhal_bsp.a(altera_nios2_gen2_irq.o)
 .debug_abbrev  0x0000000000000f1c       0xf0 ../hoang_bsp/\libhal_bsp.a(alt_find_dev.o)
 .debug_abbrev  0x000000000000100c       0xf0 ../hoang_bsp/\libhal_bsp.a(alt_find_file.o)
 .debug_abbrev  0x00000000000010fc      0x10d ../hoang_bsp/\libhal_bsp.a(alt_get_fd.o)
 .debug_abbrev  0x0000000000001209       0xaa d:/tool/nios2eds/bin/gnu/h-x86_64-mingw32/bin/../lib/gcc/nios2-elf/5.3.0/../../../../../H-x86_64-mingw32/nios2-elf/lib/mno-hw-mul\libsmallc.a(lib_a-atexit.o)
 .debug_abbrev  0x00000000000012b3       0x8b d:/tool/nios2eds/bin/gnu/h-x86_64-mingw32/bin/../lib/gcc/nios2-elf/5.3.0/../../../../../H-x86_64-mingw32/nios2-elf/lib/mno-hw-mul\libsmallc.a(lib_a-exit.o)
 .debug_abbrev  0x000000000000133e       0x37 d:/tool/nios2eds/bin/gnu/h-x86_64-mingw32/bin/../lib/gcc/nios2-elf/5.3.0/../../../../../H-x86_64-mingw32/nios2-elf/lib/mno-hw-mul\libsmallc.a(lib_a-int_errno.o)
 .debug_abbrev  0x0000000000001375       0x7f d:/tool/nios2eds/bin/gnu/h-x86_64-mingw32/bin/../lib/gcc/nios2-elf/5.3.0/../../../../../H-x86_64-mingw32/nios2-elf/lib/mno-hw-mul\libsmallc.a(lib_a-memcmp.o)
 .debug_abbrev  0x00000000000013f4       0x7f d:/tool/nios2eds/bin/gnu/h-x86_64-mingw32/bin/../lib/gcc/nios2-elf/5.3.0/../../../../../H-x86_64-mingw32/nios2-elf/lib/mno-hw-mul\libsmallc.a(lib_a-strlen.o)
 .debug_abbrev  0x0000000000001473      0x1e6 d:/tool/nios2eds/bin/gnu/h-x86_64-mingw32/bin/../lib/gcc/nios2-elf/5.3.0/../../../../../H-x86_64-mingw32/nios2-elf/lib/mno-hw-mul\libsmallc.a(lib_a-__atexit.o)
 .debug_abbrev  0x0000000000001659      0x1f6 d:/tool/nios2eds/bin/gnu/h-x86_64-mingw32/bin/../lib/gcc/nios2-elf/5.3.0/../../../../../H-x86_64-mingw32/nios2-elf/lib/mno-hw-mul\libsmallc.a(lib_a-__call_atexit.o)
 .debug_abbrev  0x000000000000184f      0x14a d:/tool/nios2eds/bin/gnu/h-x86_64-mingw32/bin/../lib/gcc/nios2-elf/5.3.0/../../../../../H-x86_64-mingw32/nios2-elf/lib/mno-hw-mul\libsmallc.a(lib_a-impure.o)
 .debug_abbrev  0x0000000000001999      0x10e d:/tool/nios2eds/bin/gnu/h-x86_64-mingw32/bin/../lib/gcc/nios2-elf/5.3.0/mno-hw-mul\libgcc.a(lib2-divmod.o)
 .debug_abbrev  0x0000000000001aa7       0x6f d:/tool/nios2eds/bin/gnu/h-x86_64-mingw32/bin/../lib/gcc/nios2-elf/5.3.0/mno-hw-mul\libgcc.a(lib2-mul.o)
 .debug_abbrev  0x0000000000001b16       0xa9 ../hoang_bsp/\libhal_bsp.a(alt_exit.o)

.debug_line     0x0000000000000000     0x1f5e
 *(.debug_line)
 .debug_line    0x0000000000000000       0x66 ../hoang_bsp//obj/HAL/src/crt0.o
 .debug_line    0x0000000000000066      0x117 obj/default/source.o
 .debug_line    0x000000000000017d       0x8e ../hoang_bsp/\libhal_bsp.a(alt_load.o)
 .debug_line    0x000000000000020b       0xa4 ../hoang_bsp/\libhal_bsp.a(alt_main.o)
 .debug_line    0x00000000000002af       0x9e ../hoang_bsp/\libhal_bsp.a(alt_usleep.o)
 .debug_line    0x000000000000034d      0x126 ../hoang_bsp/\libhal_bsp.a(alt_sys_init.o)
 .debug_line    0x0000000000000473      0x112 ../hoang_bsp/\libhal_bsp.a(altera_avalon_jtag_uart_fd.o)
 .debug_line    0x0000000000000585       0xfd ../hoang_bsp/\libhal_bsp.a(altera_avalon_jtag_uart_read.o)
 .debug_line    0x0000000000000682       0xf4 ../hoang_bsp/\libhal_bsp.a(altera_avalon_jtag_uart_write.o)
 .debug_line    0x0000000000000776       0xa2 ../hoang_bsp/\libhal_bsp.a(alt_busy_sleep.o)
 .debug_line    0x0000000000000818      0x156 ../hoang_bsp/\libhal_bsp.a(alt_close.o)
 .debug_line    0x000000000000096e       0x51 ../hoang_bsp/\libhal_bsp.a(alt_dcache_flush_all.o)
 .debug_line    0x00000000000009bf       0xe9 ../hoang_bsp/\libhal_bsp.a(alt_dev.o)
 .debug_line    0x0000000000000aa8       0xcf ../hoang_bsp/\libhal_bsp.a(alt_dev_llist_insert.o)
 .debug_line    0x0000000000000b77       0x59 ../hoang_bsp/\libhal_bsp.a(alt_do_ctors.o)
 .debug_line    0x0000000000000bd0       0x59 ../hoang_bsp/\libhal_bsp.a(alt_do_dtors.o)
 .debug_line    0x0000000000000c29       0x51 ../hoang_bsp/\libhal_bsp.a(alt_errno.o)
 .debug_line    0x0000000000000c7a       0x4f ../hoang_bsp/\libhal_bsp.a(alt_icache_flush_all.o)
 .debug_line    0x0000000000000cc9      0x126 ../hoang_bsp/\libhal_bsp.a(alt_io_redirect.o)
 .debug_line    0x0000000000000def      0x12b ../hoang_bsp/\libhal_bsp.a(alt_open.o)
 .debug_line    0x0000000000000f1a       0xb0 ../hoang_bsp/\libhal_bsp.a(alt_release_fd.o)
 .debug_line    0x0000000000000fca       0x51 ../hoang_bsp/\libhal_bsp.a(altera_nios2_gen2_irq.o)
 .debug_line    0x000000000000101b       0xb5 ../hoang_bsp/\libhal_bsp.a(alt_find_dev.o)
 .debug_line    0x00000000000010d0       0xd1 ../hoang_bsp/\libhal_bsp.a(alt_find_file.o)
 .debug_line    0x00000000000011a1       0xd7 ../hoang_bsp/\libhal_bsp.a(alt_get_fd.o)
 .debug_line    0x0000000000001278       0xe7 d:/tool/nios2eds/bin/gnu/h-x86_64-mingw32/bin/../lib/gcc/nios2-elf/5.3.0/../../../../../H-x86_64-mingw32/nios2-elf/lib/mno-hw-mul\libsmallc.a(lib_a-atexit.o)
 .debug_line    0x000000000000135f      0x159 d:/tool/nios2eds/bin/gnu/h-x86_64-mingw32/bin/../lib/gcc/nios2-elf/5.3.0/../../../../../H-x86_64-mingw32/nios2-elf/lib/mno-hw-mul\libsmallc.a(lib_a-exit.o)
 .debug_line    0x00000000000014b8       0x5f d:/tool/nios2eds/bin/gnu/h-x86_64-mingw32/bin/../lib/gcc/nios2-elf/5.3.0/../../../../../H-x86_64-mingw32/nios2-elf/lib/mno-hw-mul\libsmallc.a(lib_a-int_errno.o)
 .debug_line    0x0000000000001517      0x160 d:/tool/nios2eds/bin/gnu/h-x86_64-mingw32/bin/../lib/gcc/nios2-elf/5.3.0/../../../../../H-x86_64-mingw32/nios2-elf/lib/mno-hw-mul\libsmallc.a(lib_a-memcmp.o)
 .debug_line    0x0000000000001677      0x15c d:/tool/nios2eds/bin/gnu/h-x86_64-mingw32/bin/../lib/gcc/nios2-elf/5.3.0/../../../../../H-x86_64-mingw32/nios2-elf/lib/mno-hw-mul\libsmallc.a(lib_a-strlen.o)
 .debug_line    0x00000000000017d3      0x20d d:/tool/nios2eds/bin/gnu/h-x86_64-mingw32/bin/../lib/gcc/nios2-elf/5.3.0/../../../../../H-x86_64-mingw32/nios2-elf/lib/mno-hw-mul\libsmallc.a(lib_a-__atexit.o)
 .debug_line    0x00000000000019e0      0x232 d:/tool/nios2eds/bin/gnu/h-x86_64-mingw32/bin/../lib/gcc/nios2-elf/5.3.0/../../../../../H-x86_64-mingw32/nios2-elf/lib/mno-hw-mul\libsmallc.a(lib_a-__call_atexit.o)
 .debug_line    0x0000000000001c12      0x156 d:/tool/nios2eds/bin/gnu/h-x86_64-mingw32/bin/../lib/gcc/nios2-elf/5.3.0/../../../../../H-x86_64-mingw32/nios2-elf/lib/mno-hw-mul\libsmallc.a(lib_a-impure.o)
 .debug_line    0x0000000000001d68      0x105 d:/tool/nios2eds/bin/gnu/h-x86_64-mingw32/bin/../lib/gcc/nios2-elf/5.3.0/mno-hw-mul\libgcc.a(lib2-divmod.o)
 .debug_line    0x0000000000001e6d       0x80 d:/tool/nios2eds/bin/gnu/h-x86_64-mingw32/bin/../lib/gcc/nios2-elf/5.3.0/mno-hw-mul\libgcc.a(lib2-mul.o)
 .debug_line    0x0000000000001eed       0x71 ../hoang_bsp/\libhal_bsp.a(alt_exit.o)

.debug_frame    0x0000000000000000      0x80c
 *(.debug_frame)
 .debug_frame   0x0000000000000000       0x2c obj/default/source.o
 .debug_frame   0x000000000000002c       0x5c ../hoang_bsp/\libhal_bsp.a(alt_load.o)
 .debug_frame   0x0000000000000088       0x2c ../hoang_bsp/\libhal_bsp.a(alt_main.o)
 .debug_frame   0x00000000000000b4       0x38 ../hoang_bsp/\libhal_bsp.a(alt_usleep.o)
 .debug_frame   0x00000000000000ec       0x88 ../hoang_bsp/\libhal_bsp.a(alt_sys_init.o)
 .debug_frame   0x0000000000000174       0x60 ../hoang_bsp/\libhal_bsp.a(altera_avalon_jtag_uart_fd.o)
 .debug_frame   0x00000000000001d4       0x34 ../hoang_bsp/\libhal_bsp.a(altera_avalon_jtag_uart_read.o)
 .debug_frame   0x0000000000000208       0x34 ../hoang_bsp/\libhal_bsp.a(altera_avalon_jtag_uart_write.o)
 .debug_frame   0x000000000000023c       0x38 ../hoang_bsp/\libhal_bsp.a(alt_busy_sleep.o)
 .debug_frame   0x0000000000000274       0x60 ../hoang_bsp/\libhal_bsp.a(alt_close.o)
 .debug_frame   0x00000000000002d4       0x34 ../hoang_bsp/\libhal_bsp.a(alt_dcache_flush_all.o)
 .debug_frame   0x0000000000000308       0x34 ../hoang_bsp/\libhal_bsp.a(alt_dev.o)
 .debug_frame   0x000000000000033c       0x60 ../hoang_bsp/\libhal_bsp.a(alt_dev_llist_insert.o)
 .debug_frame   0x000000000000039c       0x38 ../hoang_bsp/\libhal_bsp.a(alt_do_ctors.o)
 .debug_frame   0x00000000000003d4       0x38 ../hoang_bsp/\libhal_bsp.a(alt_do_dtors.o)
 .debug_frame   0x000000000000040c       0x34 ../hoang_bsp/\libhal_bsp.a(alt_icache_flush_all.o)
 .debug_frame   0x0000000000000440       0x64 ../hoang_bsp/\libhal_bsp.a(alt_io_redirect.o)
 .debug_frame   0x00000000000004a4       0x8c ../hoang_bsp/\libhal_bsp.a(alt_open.o)
 .debug_frame   0x0000000000000530       0x3c ../hoang_bsp/\libhal_bsp.a(alt_release_fd.o)
 .debug_frame   0x000000000000056c       0x34 ../hoang_bsp/\libhal_bsp.a(altera_nios2_gen2_irq.o)
 .debug_frame   0x00000000000005a0       0x38 ../hoang_bsp/\libhal_bsp.a(alt_find_dev.o)
 .debug_frame   0x00000000000005d8       0x38 ../hoang_bsp/\libhal_bsp.a(alt_find_file.o)
 .debug_frame   0x0000000000000610       0x3c ../hoang_bsp/\libhal_bsp.a(alt_get_fd.o)
 .debug_frame   0x000000000000064c       0x20 d:/tool/nios2eds/bin/gnu/h-x86_64-mingw32/bin/../lib/gcc/nios2-elf/5.3.0/../../../../../H-x86_64-mingw32/nios2-elf/lib/mno-hw-mul\libsmallc.a(lib_a-atexit.o)
 .debug_frame   0x000000000000066c       0x28 d:/tool/nios2eds/bin/gnu/h-x86_64-mingw32/bin/../lib/gcc/nios2-elf/5.3.0/../../../../../H-x86_64-mingw32/nios2-elf/lib/mno-hw-mul\libsmallc.a(lib_a-exit.o)
 .debug_frame   0x0000000000000694       0x20 d:/tool/nios2eds/bin/gnu/h-x86_64-mingw32/bin/../lib/gcc/nios2-elf/5.3.0/../../../../../H-x86_64-mingw32/nios2-elf/lib/mno-hw-mul\libsmallc.a(lib_a-memcmp.o)
 .debug_frame   0x00000000000006b4       0x20 d:/tool/nios2eds/bin/gnu/h-x86_64-mingw32/bin/../lib/gcc/nios2-elf/5.3.0/../../../../../H-x86_64-mingw32/nios2-elf/lib/mno-hw-mul\libsmallc.a(lib_a-strlen.o)
 .debug_frame   0x00000000000006d4       0x48 d:/tool/nios2eds/bin/gnu/h-x86_64-mingw32/bin/../lib/gcc/nios2-elf/5.3.0/../../../../../H-x86_64-mingw32/nios2-elf/lib/mno-hw-mul\libsmallc.a(lib_a-__atexit.o)
 .debug_frame   0x000000000000071c       0x54 d:/tool/nios2eds/bin/gnu/h-x86_64-mingw32/bin/../lib/gcc/nios2-elf/5.3.0/../../../../../H-x86_64-mingw32/nios2-elf/lib/mno-hw-mul\libsmallc.a(lib_a-__call_atexit.o)
 .debug_frame   0x0000000000000770       0x50 d:/tool/nios2eds/bin/gnu/h-x86_64-mingw32/bin/../lib/gcc/nios2-elf/5.3.0/mno-hw-mul\libgcc.a(lib2-divmod.o)
 .debug_frame   0x00000000000007c0       0x20 d:/tool/nios2eds/bin/gnu/h-x86_64-mingw32/bin/../lib/gcc/nios2-elf/5.3.0/mno-hw-mul\libgcc.a(lib2-mul.o)
 .debug_frame   0x00000000000007e0       0x2c ../hoang_bsp/\libhal_bsp.a(alt_exit.o)

.debug_str      0x0000000000000000     0x12a6
 *(.debug_str)
 .debug_str     0x0000000000000000       0xec obj/default/source.o
                                        0x133 (size before relaxing)
 .debug_str     0x00000000000000ec      0x10d ../hoang_bsp/\libhal_bsp.a(alt_load.o)
                                        0x1f4 (size before relaxing)
 .debug_str     0x00000000000001f9       0x70 ../hoang_bsp/\libhal_bsp.a(alt_main.o)
                                        0x17f (size before relaxing)
 .debug_str     0x0000000000000269       0x27 ../hoang_bsp/\libhal_bsp.a(alt_usleep.o)
                                        0x12a (size before relaxing)
 .debug_str     0x0000000000000290      0x157 ../hoang_bsp/\libhal_bsp.a(alt_sys_init.o)
                                        0x2b6 (size before relaxing)
 .debug_str     0x00000000000003e7       0x77 ../hoang_bsp/\libhal_bsp.a(altera_avalon_jtag_uart_fd.o)
                                        0x2b7 (size before relaxing)
 .debug_str     0x000000000000045e       0x48 ../hoang_bsp/\libhal_bsp.a(altera_avalon_jtag_uart_read.o)
                                        0x201 (size before relaxing)
 .debug_str     0x00000000000004a6       0x4a ../hoang_bsp/\libhal_bsp.a(altera_avalon_jtag_uart_write.o)
                                        0x1f7 (size before relaxing)
 .debug_str     0x00000000000004f0       0x42 ../hoang_bsp/\libhal_bsp.a(alt_busy_sleep.o)
                                        0x14d (size before relaxing)
 .debug_str     0x0000000000000532       0x44 ../hoang_bsp/\libhal_bsp.a(alt_close.o)
                                        0x1ed (size before relaxing)
 .debug_str     0x0000000000000576       0x34 ../hoang_bsp/\libhal_bsp.a(alt_dcache_flush_all.o)
                                        0x137 (size before relaxing)
 .debug_str     0x00000000000005aa      0x120 ../hoang_bsp/\libhal_bsp.a(alt_dev.o)
                                        0x2e7 (size before relaxing)
 .debug_str     0x00000000000006ca       0x4b ../hoang_bsp/\libhal_bsp.a(alt_dev_llist_insert.o)
                                        0x1ae (size before relaxing)
 .debug_str     0x0000000000000715       0x48 ../hoang_bsp/\libhal_bsp.a(alt_do_ctors.o)
                                         0xb2 (size before relaxing)
 .debug_str     0x000000000000075d       0x4c ../hoang_bsp/\libhal_bsp.a(alt_do_dtors.o)
                                         0xb1 (size before relaxing)
 .debug_str     0x00000000000007a9       0x14 ../hoang_bsp/\libhal_bsp.a(alt_errno.o)
                                        0x127 (size before relaxing)
 .debug_str     0x00000000000007bd       0x34 ../hoang_bsp/\libhal_bsp.a(alt_icache_flush_all.o)
                                        0x137 (size before relaxing)
 .debug_str     0x00000000000007f1       0x56 ../hoang_bsp/\libhal_bsp.a(alt_io_redirect.o)
                                        0x2f8 (size before relaxing)
 .debug_str     0x0000000000000847       0x36 ../hoang_bsp/\libhal_bsp.a(alt_open.o)
                                        0x22d (size before relaxing)
 .debug_str     0x000000000000087d       0x28 ../hoang_bsp/\libhal_bsp.a(alt_release_fd.o)
                                        0x1b5 (size before relaxing)
 .debug_str     0x00000000000008a5       0x3b ../hoang_bsp/\libhal_bsp.a(altera_nios2_gen2_irq.o)
                                        0x13e (size before relaxing)
 .debug_str     0x00000000000008e0       0x24 ../hoang_bsp/\libhal_bsp.a(alt_find_dev.o)
                                        0x1ce (size before relaxing)
 .debug_str     0x0000000000000904       0x26 ../hoang_bsp/\libhal_bsp.a(alt_find_file.o)
                                        0x1dc (size before relaxing)
 .debug_str     0x000000000000092a       0x30 ../hoang_bsp/\libhal_bsp.a(alt_get_fd.o)
                                        0x1fe (size before relaxing)
 .debug_str     0x000000000000095a      0x177 d:/tool/nios2eds/bin/gnu/h-x86_64-mingw32/bin/../lib/gcc/nios2-elf/5.3.0/../../../../../H-x86_64-mingw32/nios2-elf/lib/mno-hw-mul\libsmallc.a(lib_a-atexit.o)
                                        0x21c (size before relaxing)
 .debug_str     0x0000000000000ad1       0x4c d:/tool/nios2eds/bin/gnu/h-x86_64-mingw32/bin/../lib/gcc/nios2-elf/5.3.0/../../../../../H-x86_64-mingw32/nios2-elf/lib/mno-hw-mul\libsmallc.a(lib_a-exit.o)
                                        0x1f0 (size before relaxing)
 .debug_str     0x0000000000000b1d       0xd3 d:/tool/nios2eds/bin/gnu/h-x86_64-mingw32/bin/../lib/gcc/nios2-elf/5.3.0/../../../../../H-x86_64-mingw32/nios2-elf/lib/mno-hw-mul\libsmallc.a(lib_a-int_errno.o)
                                        0x1d8 (size before relaxing)
 .debug_str     0x0000000000000bf0       0xe0 d:/tool/nios2eds/bin/gnu/h-x86_64-mingw32/bin/../lib/gcc/nios2-elf/5.3.0/../../../../../H-x86_64-mingw32/nios2-elf/lib/mno-hw-mul\libsmallc.a(lib_a-memcmp.o)
                                        0x1df (size before relaxing)
 .debug_str     0x0000000000000cd0       0x44 d:/tool/nios2eds/bin/gnu/h-x86_64-mingw32/bin/../lib/gcc/nios2-elf/5.3.0/../../../../../H-x86_64-mingw32/nios2-elf/lib/mno-hw-mul\libsmallc.a(lib_a-strlen.o)
                                        0x1e5 (size before relaxing)
 .debug_str     0x0000000000000d14      0x2f4 d:/tool/nios2eds/bin/gnu/h-x86_64-mingw32/bin/../lib/gcc/nios2-elf/5.3.0/../../../../../H-x86_64-mingw32/nios2-elf/lib/mno-hw-mul\libsmallc.a(lib_a-__atexit.o)
                                        0x4ff (size before relaxing)
 .debug_str     0x0000000000001008       0x65 d:/tool/nios2eds/bin/gnu/h-x86_64-mingw32/bin/../lib/gcc/nios2-elf/5.3.0/../../../../../H-x86_64-mingw32/nios2-elf/lib/mno-hw-mul\libsmallc.a(lib_a-__call_atexit.o)
                                        0x4eb (size before relaxing)
 .debug_str     0x000000000000106d       0x48 d:/tool/nios2eds/bin/gnu/h-x86_64-mingw32/bin/../lib/gcc/nios2-elf/5.3.0/../../../../../H-x86_64-mingw32/nios2-elf/lib/mno-hw-mul\libsmallc.a(lib_a-impure.o)
                                        0x4be (size before relaxing)
 .debug_str     0x00000000000010b5      0x187 d:/tool/nios2eds/bin/gnu/h-x86_64-mingw32/bin/../lib/gcc/nios2-elf/5.3.0/mno-hw-mul\libgcc.a(lib2-divmod.o)
                                        0x1d2 (size before relaxing)
 .debug_str     0x000000000000123c       0x40 d:/tool/nios2eds/bin/gnu/h-x86_64-mingw32/bin/../lib/gcc/nios2-elf/5.3.0/mno-hw-mul\libgcc.a(lib2-mul.o)
                                        0x193 (size before relaxing)
 .debug_str     0x000000000000127c       0x2a ../hoang_bsp/\libhal_bsp.a(alt_exit.o)
                                        0x133 (size before relaxing)

.debug_loc      0x0000000000000000      0x974
 *(.debug_loc)
 .debug_loc     0x0000000000000000       0x2c d:/tool/nios2eds/bin/gnu/h-x86_64-mingw32/bin/../lib/gcc/nios2-elf/5.3.0/../../../../../H-x86_64-mingw32/nios2-elf/lib/mno-hw-mul\libsmallc.a(lib_a-atexit.o)
 .debug_loc     0x000000000000002c       0x1e d:/tool/nios2eds/bin/gnu/h-x86_64-mingw32/bin/../lib/gcc/nios2-elf/5.3.0/../../../../../H-x86_64-mingw32/nios2-elf/lib/mno-hw-mul\libsmallc.a(lib_a-exit.o)
 .debug_loc     0x000000000000004a       0x94 d:/tool/nios2eds/bin/gnu/h-x86_64-mingw32/bin/../lib/gcc/nios2-elf/5.3.0/../../../../../H-x86_64-mingw32/nios2-elf/lib/mno-hw-mul\libsmallc.a(lib_a-memcmp.o)
 .debug_loc     0x00000000000000de       0x1e d:/tool/nios2eds/bin/gnu/h-x86_64-mingw32/bin/../lib/gcc/nios2-elf/5.3.0/../../../../../H-x86_64-mingw32/nios2-elf/lib/mno-hw-mul\libsmallc.a(lib_a-strlen.o)
 .debug_loc     0x00000000000000fc      0x1c0 d:/tool/nios2eds/bin/gnu/h-x86_64-mingw32/bin/../lib/gcc/nios2-elf/5.3.0/../../../../../H-x86_64-mingw32/nios2-elf/lib/mno-hw-mul\libsmallc.a(lib_a-__atexit.o)
 .debug_loc     0x00000000000002bc      0x157 d:/tool/nios2eds/bin/gnu/h-x86_64-mingw32/bin/../lib/gcc/nios2-elf/5.3.0/../../../../../H-x86_64-mingw32/nios2-elf/lib/mno-hw-mul\libsmallc.a(lib_a-__call_atexit.o)
 .debug_loc     0x0000000000000413      0x4ce d:/tool/nios2eds/bin/gnu/h-x86_64-mingw32/bin/../lib/gcc/nios2-elf/5.3.0/mno-hw-mul\libgcc.a(lib2-divmod.o)
 .debug_loc     0x00000000000008e1       0x93 d:/tool/nios2eds/bin/gnu/h-x86_64-mingw32/bin/../lib/gcc/nios2-elf/5.3.0/mno-hw-mul\libgcc.a(lib2-mul.o)

.debug_macinfo
 *(.debug_macinfo)

.debug_weaknames
 *(.debug_weaknames)

.debug_funcnames
 *(.debug_funcnames)

.debug_typenames
 *(.debug_typenames)

.debug_varnames
 *(.debug_varnames)

.debug_alt_sim_info
                0x0000000000000000       0x40
 *(.debug_alt_sim_info)
 .debug_alt_sim_info
                0x0000000000000000       0x10 ../hoang_bsp//obj/HAL/src/crt0.o
 .debug_alt_sim_info
                0x0000000000000010       0x30 ../hoang_bsp/\libhal_bsp.a(alt_busy_sleep.o)
                0x0000000000010000                __alt_data_end = 0x10000
                0x0000000000010000                PROVIDE (__alt_stack_pointer, __alt_data_end)
                [!provide]                        PROVIDE (__alt_stack_limit, __alt_stack_base)
                [!provide]                        PROVIDE (__alt_heap_start, end)
                [!provide]                        PROVIDE (__alt_heap_limit, 0x10000)
OUTPUT(hoang.elf elf32-littlenios2)

.debug_ranges   0x0000000000000000      0x110
 .debug_ranges  0x0000000000000000       0x20 ../hoang_bsp//obj/HAL/src/crt0.o
 .debug_ranges  0x0000000000000020       0x18 ../hoang_bsp/\libhal_bsp.a(altera_avalon_jtag_uart_read.o)
 .debug_ranges  0x0000000000000038       0x10 d:/tool/nios2eds/bin/gnu/h-x86_64-mingw32/bin/../lib/gcc/nios2-elf/5.3.0/../../../../../H-x86_64-mingw32/nios2-elf/lib/mno-hw-mul\libsmallc.a(lib_a-atexit.o)
 .debug_ranges  0x0000000000000048       0x10 d:/tool/nios2eds/bin/gnu/h-x86_64-mingw32/bin/../lib/gcc/nios2-elf/5.3.0/../../../../../H-x86_64-mingw32/nios2-elf/lib/mno-hw-mul\libsmallc.a(lib_a-exit.o)
 .debug_ranges  0x0000000000000058       0x10 d:/tool/nios2eds/bin/gnu/h-x86_64-mingw32/bin/../lib/gcc/nios2-elf/5.3.0/../../../../../H-x86_64-mingw32/nios2-elf/lib/mno-hw-mul\libsmallc.a(lib_a-memcmp.o)
 .debug_ranges  0x0000000000000068       0x10 d:/tool/nios2eds/bin/gnu/h-x86_64-mingw32/bin/../lib/gcc/nios2-elf/5.3.0/../../../../../H-x86_64-mingw32/nios2-elf/lib/mno-hw-mul\libsmallc.a(lib_a-strlen.o)
 .debug_ranges  0x0000000000000078       0x10 d:/tool/nios2eds/bin/gnu/h-x86_64-mingw32/bin/../lib/gcc/nios2-elf/5.3.0/../../../../../H-x86_64-mingw32/nios2-elf/lib/mno-hw-mul\libsmallc.a(lib_a-__atexit.o)
 .debug_ranges  0x0000000000000088       0x28 d:/tool/nios2eds/bin/gnu/h-x86_64-mingw32/bin/../lib/gcc/nios2-elf/5.3.0/../../../../../H-x86_64-mingw32/nios2-elf/lib/mno-hw-mul\libsmallc.a(lib_a-__call_atexit.o)
 .debug_ranges  0x00000000000000b0       0x60 d:/tool/nios2eds/bin/gnu/h-x86_64-mingw32/bin/../lib/gcc/nios2-elf/5.3.0/mno-hw-mul\libgcc.a(lib2-divmod.o)
