Archive member included to satisfy reference by file (symbol)

c:/soc/nios2eds/bin/gnu/h-x86_64-mingw32/bin/../lib/gcc/nios2-elf/5.3.0/../../../../../H-x86_64-mingw32/nios2-elf/lib/mno-hw-mul\libsmallc.a(lib_a-printf.o)
                              obj/default/source.o (printf)
c:/soc/nios2eds/bin/gnu/h-x86_64-mingw32/bin/../lib/gcc/nios2-elf/5.3.0/../../../../../H-x86_64-mingw32/nios2-elf/lib/mno-hw-mul\libsmallc.a(lib_a-vfprintf.o)
                              c:/soc/nios2eds/bin/gnu/h-x86_64-mingw32/bin/../lib/gcc/nios2-elf/5.3.0/../../../../../H-x86_64-mingw32/nios2-elf/lib/mno-hw-mul\libsmallc.a(lib_a-printf.o) (___vfprintf_internal_r)
c:/soc/nios2eds/bin/gnu/h-x86_64-mingw32/bin/../lib/gcc/nios2-elf/5.3.0/../../../../../H-x86_64-mingw32/nios2-elf/lib/mno-hw-mul\libsmallc.a(lib_a-fvwrite_small_dev.o)
                              c:/soc/nios2eds/bin/gnu/h-x86_64-mingw32/bin/../lib/gcc/nios2-elf/5.3.0/../../../../../H-x86_64-mingw32/nios2-elf/lib/mno-hw-mul\libsmallc.a(lib_a-printf.o) (__sfvwrite_small_dev)
c:/soc/nios2eds/bin/gnu/h-x86_64-mingw32/bin/../lib/gcc/nios2-elf/5.3.0/../../../../../H-x86_64-mingw32/nios2-elf/lib/mno-hw-mul\libsmallc.a(lib_a-impure.o)
                              c:/soc/nios2eds/bin/gnu/h-x86_64-mingw32/bin/../lib/gcc/nios2-elf/5.3.0/../../../../../H-x86_64-mingw32/nios2-elf/lib/mno-hw-mul\libsmallc.a(lib_a-printf.o) (_impure_ptr)
c:/soc/nios2eds/bin/gnu/h-x86_64-mingw32/bin/../lib/gcc/nios2-elf/5.3.0/../../../../../H-x86_64-mingw32/nios2-elf/lib/mno-hw-mul\libsmallc.a(lib_a-strlen.o)
                              c:/soc/nios2eds/bin/gnu/h-x86_64-mingw32/bin/../lib/gcc/nios2-elf/5.3.0/../../../../../H-x86_64-mingw32/nios2-elf/lib/mno-hw-mul\libsmallc.a(lib_a-vfprintf.o) (strlen)
c:/soc/nios2eds/bin/gnu/h-x86_64-mingw32/bin/../lib/gcc/nios2-elf/5.3.0/../../../../../H-x86_64-mingw32/nios2-elf/lib/mno-hw-mul\libsmallc.a(lib_a-writer.o)
                              c:/soc/nios2eds/bin/gnu/h-x86_64-mingw32/bin/../lib/gcc/nios2-elf/5.3.0/../../../../../H-x86_64-mingw32/nios2-elf/lib/mno-hw-mul\libsmallc.a(lib_a-fvwrite_small_dev.o) (_write_r)
c:/soc/nios2eds/bin/gnu/h-x86_64-mingw32/bin/../lib/gcc/nios2-elf/5.3.0/../../../../../H-x86_64-mingw32/nios2-elf/lib/mno-hw-mul\libsmallc.a(lib_a-int_errno.o)
                              c:/soc/nios2eds/bin/gnu/h-x86_64-mingw32/bin/../lib/gcc/nios2-elf/5.3.0/../../../../../H-x86_64-mingw32/nios2-elf/lib/mno-hw-mul\libsmallc.a(lib_a-writer.o) (errno)
c:/soc/nios2eds/bin/gnu/h-x86_64-mingw32/bin/../lib/gcc/nios2-elf/5.3.0/mno-hw-mul\libgcc.a(lib2-divmod.o)
                              c:/soc/nios2eds/bin/gnu/h-x86_64-mingw32/bin/../lib/gcc/nios2-elf/5.3.0/../../../../../H-x86_64-mingw32/nios2-elf/lib/mno-hw-mul\libsmallc.a(lib_a-vfprintf.o) (__udivsi3)
c:/soc/nios2eds/bin/gnu/h-x86_64-mingw32/bin/../lib/gcc/nios2-elf/5.3.0/mno-hw-mul\libgcc.a(lib2-mul.o)
                              c:/soc/nios2eds/bin/gnu/h-x86_64-mingw32/bin/../lib/gcc/nios2-elf/5.3.0/../../../../../H-x86_64-mingw32/nios2-elf/lib/mno-hw-mul\libsmallc.a(lib_a-vfprintf.o) (__mulsi3)
../Arm_bsp/\libhal_bsp.a(alt_load.o)
                              ../Arm_bsp//obj/HAL/src/crt0.o (alt_load)
../Arm_bsp/\libhal_bsp.a(alt_main.o)
                              ../Arm_bsp//obj/HAL/src/crt0.o (alt_main)
../Arm_bsp/\libhal_bsp.a(alt_usleep.o)
                              obj/default/source.o (usleep)
../Arm_bsp/\libhal_bsp.a(alt_write.o)
                              c:/soc/nios2eds/bin/gnu/h-x86_64-mingw32/bin/../lib/gcc/nios2-elf/5.3.0/../../../../../H-x86_64-mingw32/nios2-elf/lib/mno-hw-mul\libsmallc.a(lib_a-writer.o) (write)
../Arm_bsp/\libhal_bsp.a(alt_sys_init.o)
                              ../Arm_bsp/\libhal_bsp.a(alt_main.o) (alt_irq_init)
../Arm_bsp/\libhal_bsp.a(altera_avalon_jtag_uart_fd.o)
                              ../Arm_bsp/\libhal_bsp.a(alt_sys_init.o) (altera_avalon_jtag_uart_read_fd)
../Arm_bsp/\libhal_bsp.a(altera_avalon_jtag_uart_read.o)
                              ../Arm_bsp/\libhal_bsp.a(altera_avalon_jtag_uart_fd.o) (altera_avalon_jtag_uart_read)
../Arm_bsp/\libhal_bsp.a(altera_avalon_jtag_uart_write.o)
                              ../Arm_bsp/\libhal_bsp.a(altera_avalon_jtag_uart_fd.o) (altera_avalon_jtag_uart_write)
../Arm_bsp/\libhal_bsp.a(alt_busy_sleep.o)
                              ../Arm_bsp/\libhal_bsp.a(alt_usleep.o) (alt_busy_sleep)
../Arm_bsp/\libhal_bsp.a(alt_close.o)
                              ../Arm_bsp/\libhal_bsp.a(alt_main.o) (close)
../Arm_bsp/\libhal_bsp.a(alt_dcache_flush_all.o)
                              ../Arm_bsp/\libhal_bsp.a(alt_load.o) (alt_dcache_flush_all)
../Arm_bsp/\libhal_bsp.a(alt_dev.o)
                              ../Arm_bsp/\libhal_bsp.a(alt_sys_init.o) (alt_dev_list)
../Arm_bsp/\libhal_bsp.a(alt_dev_llist_insert.o)
                              ../Arm_bsp/\libhal_bsp.a(alt_sys_init.o) (alt_dev_llist_insert)
../Arm_bsp/\libhal_bsp.a(alt_do_ctors.o)
                              ../Arm_bsp/\libhal_bsp.a(alt_main.o) (_do_ctors)
../Arm_bsp/\libhal_bsp.a(alt_do_dtors.o)
                              ../Arm_bsp/\libhal_bsp.a(alt_main.o) (_do_dtors)
../Arm_bsp/\libhal_bsp.a(alt_errno.o)
                              ../Arm_bsp/\libhal_bsp.a(alt_write.o) (alt_errno)
../Arm_bsp/\libhal_bsp.a(alt_icache_flush_all.o)
                              ../Arm_bsp/\libhal_bsp.a(alt_load.o) (alt_icache_flush_all)
../Arm_bsp/\libhal_bsp.a(alt_io_redirect.o)
                              ../Arm_bsp/\libhal_bsp.a(alt_main.o) (alt_io_redirect)
../Arm_bsp/\libhal_bsp.a(alt_open.o)
                              ../Arm_bsp/\libhal_bsp.a(alt_io_redirect.o) (open)
../Arm_bsp/\libhal_bsp.a(alt_release_fd.o)
                              ../Arm_bsp/\libhal_bsp.a(alt_close.o) (alt_release_fd)
../Arm_bsp/\libhal_bsp.a(altera_nios2_gen2_irq.o)
                              ../Arm_bsp/\libhal_bsp.a(alt_sys_init.o) (altera_nios2_gen2_irq_init)
../Arm_bsp/\libhal_bsp.a(alt_find_dev.o)
                              ../Arm_bsp/\libhal_bsp.a(alt_open.o) (alt_find_dev)
../Arm_bsp/\libhal_bsp.a(alt_find_file.o)
                              ../Arm_bsp/\libhal_bsp.a(alt_open.o) (alt_find_file)
../Arm_bsp/\libhal_bsp.a(alt_get_fd.o)
                              ../Arm_bsp/\libhal_bsp.a(alt_open.o) (alt_get_fd)
c:/soc/nios2eds/bin/gnu/h-x86_64-mingw32/bin/../lib/gcc/nios2-elf/5.3.0/../../../../../H-x86_64-mingw32/nios2-elf/lib/mno-hw-mul\libsmallc.a(lib_a-atexit.o)
                              ../Arm_bsp/\libhal_bsp.a(alt_main.o) (atexit)
c:/soc/nios2eds/bin/gnu/h-x86_64-mingw32/bin/../lib/gcc/nios2-elf/5.3.0/../../../../../H-x86_64-mingw32/nios2-elf/lib/mno-hw-mul\libsmallc.a(lib_a-exit.o)
                              ../Arm_bsp/\libhal_bsp.a(alt_main.o) (exit)
c:/soc/nios2eds/bin/gnu/h-x86_64-mingw32/bin/../lib/gcc/nios2-elf/5.3.0/../../../../../H-x86_64-mingw32/nios2-elf/lib/mno-hw-mul\libsmallc.a(lib_a-memcmp.o)
                              ../Arm_bsp/\libhal_bsp.a(alt_find_dev.o) (memcmp)
c:/soc/nios2eds/bin/gnu/h-x86_64-mingw32/bin/../lib/gcc/nios2-elf/5.3.0/../../../../../H-x86_64-mingw32/nios2-elf/lib/mno-hw-mul\libsmallc.a(lib_a-__atexit.o)
                              c:/soc/nios2eds/bin/gnu/h-x86_64-mingw32/bin/../lib/gcc/nios2-elf/5.3.0/../../../../../H-x86_64-mingw32/nios2-elf/lib/mno-hw-mul\libsmallc.a(lib_a-atexit.o) (__register_exitproc)
c:/soc/nios2eds/bin/gnu/h-x86_64-mingw32/bin/../lib/gcc/nios2-elf/5.3.0/../../../../../H-x86_64-mingw32/nios2-elf/lib/mno-hw-mul\libsmallc.a(lib_a-__call_atexit.o)
                              c:/soc/nios2eds/bin/gnu/h-x86_64-mingw32/bin/../lib/gcc/nios2-elf/5.3.0/../../../../../H-x86_64-mingw32/nios2-elf/lib/mno-hw-mul\libsmallc.a(lib_a-exit.o) (__call_exitprocs)
../Arm_bsp/\libhal_bsp.a(alt_exit.o)
                              c:/soc/nios2eds/bin/gnu/h-x86_64-mingw32/bin/../lib/gcc/nios2-elf/5.3.0/../../../../../H-x86_64-mingw32/nios2-elf/lib/mno-hw-mul\libsmallc.a(lib_a-exit.o) (_exit)

Allocating common symbols
Common symbol       size              file

errno               0x4               c:/soc/nios2eds/bin/gnu/h-x86_64-mingw32/bin/../lib/gcc/nios2-elf/5.3.0/../../../../../H-x86_64-mingw32/nios2-elf/lib/mno-hw-mul\libsmallc.a(lib_a-int_errno.o)

Memory Configuration

Name             Origin             Length             Attributes
reset            0x0000000000008000 0x0000000000000020
onchip_memory2_0 0x0000000000008020 0x0000000000007fe0
*default*        0x0000000000000000 0xffffffffffffffff

Linker script and memory map

LOAD ../Arm_bsp//obj/HAL/src/crt0.o
LOAD obj/default/source.o
LOAD c:/soc/nios2eds/bin/gnu/h-x86_64-mingw32/bin/../lib/gcc/nios2-elf/5.3.0/../../../../../H-x86_64-mingw32/nios2-elf/lib/mno-hw-mul\libstdc++.a
LOAD c:/soc/nios2eds/bin/gnu/h-x86_64-mingw32/bin/../lib/gcc/nios2-elf/5.3.0/../../../../../H-x86_64-mingw32/nios2-elf/lib/mno-hw-mul\libm.a
LOAD c:/soc/nios2eds/bin/gnu/h-x86_64-mingw32/bin/../lib/gcc/nios2-elf/5.3.0/mno-hw-mul\libgcc.a
START GROUP
LOAD c:/soc/nios2eds/bin/gnu/h-x86_64-mingw32/bin/../lib/gcc/nios2-elf/5.3.0/../../../../../H-x86_64-mingw32/nios2-elf/lib/mno-hw-mul\libsmallc.a
LOAD c:/soc/nios2eds/bin/gnu/h-x86_64-mingw32/bin/../lib/gcc/nios2-elf/5.3.0/mno-hw-mul\libgcc.a
LOAD ../Arm_bsp/\libhal_bsp.a
LOAD c:/soc/nios2eds/bin/gnu/h-x86_64-mingw32/bin/../lib/gcc/nios2-elf/5.3.0/../../../../../H-x86_64-mingw32/nios2-elf/lib/mno-hw-mul\libm.a
END GROUP
LOAD c:/soc/nios2eds/bin/gnu/h-x86_64-mingw32/bin/../lib/gcc/nios2-elf/5.3.0/mno-hw-mul\libgcc.a
                0x0000000000008000                __alt_mem_onchip_memory2_0 = 0x8000

.entry          0x0000000000008000       0x20
 *(.entry)
 .entry         0x0000000000008000       0x20 ../Arm_bsp//obj/HAL/src/crt0.o
                0x0000000000008000                __reset

.exceptions     0x0000000000008020        0x0
                0x0000000000008020                PROVIDE (__ram_exceptions_start, ABSOLUTE (.))
                0x0000000000008020                . = ALIGN (0x20)
 *(.irq)
 *(.exceptions.entry.label)
 *(.exceptions.entry.user)
 *(.exceptions.entry.ecc_fatal)
 *(.exceptions.entry)
 *(.exceptions.irqtest.user)
 *(.exceptions.irqtest)
 *(.exceptions.irqhandler.user)
 *(.exceptions.irqhandler)
 *(.exceptions.irqreturn.user)
 *(.exceptions.irqreturn)
 *(.exceptions.notirq.label)
 *(.exceptions.notirq.user)
 *(.exceptions.notirq)
 *(.exceptions.soft.user)
 *(.exceptions.soft)
 *(.exceptions.unknown.user)
 *(.exceptions.unknown)
 *(.exceptions.exit.label)
 *(.exceptions.exit.user)
 *(.exceptions.exit)
 *(.exceptions)
                0x0000000000008020                PROVIDE (__ram_exceptions_end, ABSOLUTE (.))
                0x0000000000008020                PROVIDE (__flash_exceptions_start, LOADADDR (.exceptions))

.text           0x0000000000008020     0x1e98
                [!provide]                        PROVIDE (stext, ABSOLUTE (.))
 *(.interp)
 *(.hash)
 *(.dynsym)
 *(.dynstr)
 *(.gnu.version)
 *(.gnu.version_d)
 *(.gnu.version_r)
 *(.rel.init)
 *(.rela.init)
 *(.rel.text .rel.text.* .rel.gnu.linkonce.t.*)
 *(.rela.text .rela.text.* .rela.gnu.linkonce.t.*)
 *(.rel.fini)
 *(.rela.fini)
 *(.rel.rodata .rel.rodata.* .rel.gnu.linkonce.r.*)
 *(.rela.rodata .rela.rodata.* .rela.gnu.linkonce.r.*)
 *(.rel.data .rel.data.* .rel.gnu.linkonce.d.*)
 *(.rela.data .rela.data.* .rela.gnu.linkonce.d.*)
 *(.rel.tdata .rel.tdata.* .rel.gnu.linkonce.td.*)
 *(.rela.tdata .rela.tdata.* .rela.gnu.linkonce.td.*)
 *(.rel.tbss .rel.tbss.* .rel.gnu.linkonce.tb.*)
 *(.rela.tbss .rela.tbss.* .rela.gnu.linkonce.tb.*)
 *(.rel.ctors)
 *(.rela.ctors)
 *(.rel.dtors)
 *(.rela.dtors)
 *(.rel.got)
 *(.rela.got)
 *(.rel.sdata .rel.sdata.* .rel.gnu.linkonce.s.*)
 *(.rela.sdata .rela.sdata.* .rela.gnu.linkonce.s.*)
 *(.rel.sbss .rel.sbss.* .rel.gnu.linkonce.sb.*)
 *(.rela.sbss .rela.sbss.* .rela.gnu.linkonce.sb.*)
 *(.rel.sdata2 .rel.sdata2.* .rel.gnu.linkonce.s2.*)
 *(.rela.sdata2 .rela.sdata2.* .rela.gnu.linkonce.s2.*)
 *(.rel.sbss2 .rel.sbss2.* .rel.gnu.linkonce.sb2.*)
 *(.rela.sbss2 .rela.sbss2.* .rela.gnu.linkonce.sb2.*)
 *(.rel.bss .rel.bss.* .rel.gnu.linkonce.b.*)
 *(.rela.bss .rela.bss.* .rela.gnu.linkonce.b.*)
 *(.rel.plt)
 *(.rela.plt)
 *(.rel.dyn)
 *(.init)
 *(.plt)
 *(.text .stub .text.* .gnu.linkonce.t.*)
 .text          0x0000000000008020       0x3c ../Arm_bsp//obj/HAL/src/crt0.o
                0x0000000000008020                _start
 .text          0x000000000000805c       0x84 obj/default/source.o
                0x000000000000805c                main
 .text          0x00000000000080e0        0x0 c:/soc/nios2eds/bin/gnu/h-x86_64-mingw32/bin/../lib/gcc/nios2-elf/5.3.0/../../../../../H-x86_64-mingw32/nios2-elf/lib/mno-hw-mul\libsmallc.a(lib_a-printf.o)
 .text._printf_r
                0x00000000000080e0       0x3c c:/soc/nios2eds/bin/gnu/h-x86_64-mingw32/bin/../lib/gcc/nios2-elf/5.3.0/../../../../../H-x86_64-mingw32/nios2-elf/lib/mno-hw-mul\libsmallc.a(lib_a-printf.o)
                0x00000000000080e0                _printf_r
 .text.printf   0x000000000000811c       0x4c c:/soc/nios2eds/bin/gnu/h-x86_64-mingw32/bin/../lib/gcc/nios2-elf/5.3.0/../../../../../H-x86_64-mingw32/nios2-elf/lib/mno-hw-mul\libsmallc.a(lib_a-printf.o)
                0x000000000000811c                printf
 .text          0x0000000000008168        0x0 c:/soc/nios2eds/bin/gnu/h-x86_64-mingw32/bin/../lib/gcc/nios2-elf/5.3.0/../../../../../H-x86_64-mingw32/nios2-elf/lib/mno-hw-mul\libsmallc.a(lib_a-vfprintf.o)
 .text.print_repeat
                0x0000000000008168       0x6c c:/soc/nios2eds/bin/gnu/h-x86_64-mingw32/bin/../lib/gcc/nios2-elf/5.3.0/../../../../../H-x86_64-mingw32/nios2-elf/lib/mno-hw-mul\libsmallc.a(lib_a-vfprintf.o)
 .text.___vfprintf_internal_r
                0x00000000000081d4      0x52c c:/soc/nios2eds/bin/gnu/h-x86_64-mingw32/bin/../lib/gcc/nios2-elf/5.3.0/../../../../../H-x86_64-mingw32/nios2-elf/lib/mno-hw-mul\libsmallc.a(lib_a-vfprintf.o)
                0x00000000000081d4                ___vfprintf_internal_r
 .text.__vfprintf_internal
                0x0000000000008700       0x1c c:/soc/nios2eds/bin/gnu/h-x86_64-mingw32/bin/../lib/gcc/nios2-elf/5.3.0/../../../../../H-x86_64-mingw32/nios2-elf/lib/mno-hw-mul\libsmallc.a(lib_a-vfprintf.o)
                0x0000000000008700                __vfprintf_internal
 .text          0x000000000000871c        0x0 c:/soc/nios2eds/bin/gnu/h-x86_64-mingw32/bin/../lib/gcc/nios2-elf/5.3.0/../../../../../H-x86_64-mingw32/nios2-elf/lib/mno-hw-mul\libsmallc.a(lib_a-fvwrite_small_dev.o)
 .text.__sfvwrite_small_dev
                0x000000000000871c       0xb8 c:/soc/nios2eds/bin/gnu/h-x86_64-mingw32/bin/../lib/gcc/nios2-elf/5.3.0/../../../../../H-x86_64-mingw32/nios2-elf/lib/mno-hw-mul\libsmallc.a(lib_a-fvwrite_small_dev.o)
                0x000000000000871c                __sfvwrite_small_dev
 .text          0x00000000000087d4        0x0 c:/soc/nios2eds/bin/gnu/h-x86_64-mingw32/bin/../lib/gcc/nios2-elf/5.3.0/../../../../../H-x86_64-mingw32/nios2-elf/lib/mno-hw-mul\libsmallc.a(lib_a-impure.o)
 .text          0x00000000000087d4        0x0 c:/soc/nios2eds/bin/gnu/h-x86_64-mingw32/bin/../lib/gcc/nios2-elf/5.3.0/../../../../../H-x86_64-mingw32/nios2-elf/lib/mno-hw-mul\libsmallc.a(lib_a-strlen.o)
 .text.strlen   0x00000000000087d4       0x1c c:/soc/nios2eds/bin/gnu/h-x86_64-mingw32/bin/../lib/gcc/nios2-elf/5.3.0/../../../../../H-x86_64-mingw32/nios2-elf/lib/mno-hw-mul\libsmallc.a(lib_a-strlen.o)
                0x00000000000087d4                strlen
 .text          0x00000000000087f0        0x0 c:/soc/nios2eds/bin/gnu/h-x86_64-mingw32/bin/../lib/gcc/nios2-elf/5.3.0/../../../../../H-x86_64-mingw32/nios2-elf/lib/mno-hw-mul\libsmallc.a(lib_a-writer.o)
 .text._write_r
                0x00000000000087f0       0x58 c:/soc/nios2eds/bin/gnu/h-x86_64-mingw32/bin/../lib/gcc/nios2-elf/5.3.0/../../../../../H-x86_64-mingw32/nios2-elf/lib/mno-hw-mul\libsmallc.a(lib_a-writer.o)
                0x00000000000087f0                _write_r
 .text          0x0000000000008848        0x0 c:/soc/nios2eds/bin/gnu/h-x86_64-mingw32/bin/../lib/gcc/nios2-elf/5.3.0/../../../../../H-x86_64-mingw32/nios2-elf/lib/mno-hw-mul\libsmallc.a(lib_a-int_errno.o)
 .text          0x0000000000008848      0x1b4 c:/soc/nios2eds/bin/gnu/h-x86_64-mingw32/bin/../lib/gcc/nios2-elf/5.3.0/mno-hw-mul\libgcc.a(lib2-divmod.o)
                0x0000000000008848                __divsi3
                0x00000000000088cc                __modsi3
                0x0000000000008940                __udivsi3
                0x00000000000089a4                __umodsi3
 .text          0x00000000000089fc       0x28 c:/soc/nios2eds/bin/gnu/h-x86_64-mingw32/bin/../lib/gcc/nios2-elf/5.3.0/mno-hw-mul\libgcc.a(lib2-mul.o)
                0x00000000000089fc                __mulsi3
 .text          0x0000000000008a24       0xec ../Arm_bsp/\libhal_bsp.a(alt_load.o)
                0x0000000000008a8c                alt_load
 .text          0x0000000000008b10       0x7c ../Arm_bsp/\libhal_bsp.a(alt_main.o)
                0x0000000000008b10                alt_main
 .text          0x0000000000008b8c       0x30 ../Arm_bsp/\libhal_bsp.a(alt_usleep.o)
                0x0000000000008b8c                usleep
 .text          0x0000000000008bbc      0x13c ../Arm_bsp/\libhal_bsp.a(alt_write.o)
                0x0000000000008bf8                write
 .text          0x0000000000008cf8       0xa0 ../Arm_bsp/\libhal_bsp.a(alt_sys_init.o)
                0x0000000000008d2c                alt_irq_init
                0x0000000000008d64                alt_sys_init
 .text          0x0000000000008d98       0xc0 ../Arm_bsp/\libhal_bsp.a(altera_avalon_jtag_uart_fd.o)
                0x0000000000008d98                altera_avalon_jtag_uart_read_fd
                0x0000000000008df8                altera_avalon_jtag_uart_write_fd
 .text          0x0000000000008e58       0xec ../Arm_bsp/\libhal_bsp.a(altera_avalon_jtag_uart_read.o)
                0x0000000000008e58                altera_avalon_jtag_uart_read
 .text          0x0000000000008f44       0x94 ../Arm_bsp/\libhal_bsp.a(altera_avalon_jtag_uart_write.o)
                0x0000000000008f44                altera_avalon_jtag_uart_write
 .text          0x0000000000008fd8      0x158 ../Arm_bsp/\libhal_bsp.a(alt_busy_sleep.o)
                0x0000000000008fd8                alt_busy_sleep
 .text          0x0000000000009130      0x114 ../Arm_bsp/\libhal_bsp.a(alt_close.o)
                0x000000000000916c                close
 .text          0x0000000000009244       0x20 ../Arm_bsp/\libhal_bsp.a(alt_dcache_flush_all.o)
                0x0000000000009244                alt_dcache_flush_all
 .text          0x0000000000009264       0x2c ../Arm_bsp/\libhal_bsp.a(alt_dev.o)
 .text          0x0000000000009290       0xe0 ../Arm_bsp/\libhal_bsp.a(alt_dev_llist_insert.o)
                0x00000000000092cc                alt_dev_llist_insert
 .text          0x0000000000009370       0x60 ../Arm_bsp/\libhal_bsp.a(alt_do_ctors.o)
                0x0000000000009370                _do_ctors
 .text          0x00000000000093d0       0x60 ../Arm_bsp/\libhal_bsp.a(alt_do_dtors.o)
                0x00000000000093d0                _do_dtors
 .text          0x0000000000009430        0x0 ../Arm_bsp/\libhal_bsp.a(alt_errno.o)
 .text          0x0000000000009430       0x20 ../Arm_bsp/\libhal_bsp.a(alt_icache_flush_all.o)
                0x0000000000009430                alt_icache_flush_all
 .text          0x0000000000009450      0x160 ../Arm_bsp/\libhal_bsp.a(alt_io_redirect.o)
                0x0000000000009534                alt_io_redirect
 .text          0x00000000000095b0      0x284 ../Arm_bsp/\libhal_bsp.a(alt_open.o)
                0x00000000000096d8                open
 .text          0x0000000000009834       0x84 ../Arm_bsp/\libhal_bsp.a(alt_release_fd.o)
                0x0000000000009834                alt_release_fd
 .text          0x00000000000098b8       0x24 ../Arm_bsp/\libhal_bsp.a(altera_nios2_gen2_irq.o)
                0x00000000000098b8                altera_nios2_gen2_irq_init
 .text          0x00000000000098dc       0x90 ../Arm_bsp/\libhal_bsp.a(alt_find_dev.o)
                0x00000000000098dc                alt_find_dev
 .text          0x000000000000996c      0x108 ../Arm_bsp/\libhal_bsp.a(alt_find_file.o)
                0x000000000000996c                alt_find_file
 .text          0x0000000000009a74       0xc4 ../Arm_bsp/\libhal_bsp.a(alt_get_fd.o)
                0x0000000000009a74                alt_get_fd
 .text          0x0000000000009b38        0x0 c:/soc/nios2eds/bin/gnu/h-x86_64-mingw32/bin/../lib/gcc/nios2-elf/5.3.0/../../../../../H-x86_64-mingw32/nios2-elf/lib/mno-hw-mul\libsmallc.a(lib_a-atexit.o)
 .text.atexit   0x0000000000009b38       0x14 c:/soc/nios2eds/bin/gnu/h-x86_64-mingw32/bin/../lib/gcc/nios2-elf/5.3.0/../../../../../H-x86_64-mingw32/nios2-elf/lib/mno-hw-mul\libsmallc.a(lib_a-atexit.o)
                0x0000000000009b38                atexit
 .text          0x0000000000009b4c        0x0 c:/soc/nios2eds/bin/gnu/h-x86_64-mingw32/bin/../lib/gcc/nios2-elf/5.3.0/../../../../../H-x86_64-mingw32/nios2-elf/lib/mno-hw-mul\libsmallc.a(lib_a-exit.o)
 .text.exit     0x0000000000009b4c       0x20 c:/soc/nios2eds/bin/gnu/h-x86_64-mingw32/bin/../lib/gcc/nios2-elf/5.3.0/../../../../../H-x86_64-mingw32/nios2-elf/lib/mno-hw-mul\libsmallc.a(lib_a-exit.o)
                0x0000000000009b4c                exit
 .text          0x0000000000009b6c        0x0 c:/soc/nios2eds/bin/gnu/h-x86_64-mingw32/bin/../lib/gcc/nios2-elf/5.3.0/../../../../../H-x86_64-mingw32/nios2-elf/lib/mno-hw-mul\libsmallc.a(lib_a-memcmp.o)
 .text.memcmp   0x0000000000009b6c       0x30 c:/soc/nios2eds/bin/gnu/h-x86_64-mingw32/bin/../lib/gcc/nios2-elf/5.3.0/../../../../../H-x86_64-mingw32/nios2-elf/lib/mno-hw-mul\libsmallc.a(lib_a-memcmp.o)
                0x0000000000009b6c                memcmp
 .text          0x0000000000009b9c        0x0 c:/soc/nios2eds/bin/gnu/h-x86_64-mingw32/bin/../lib/gcc/nios2-elf/5.3.0/../../../../../H-x86_64-mingw32/nios2-elf/lib/mno-hw-mul\libsmallc.a(lib_a-__atexit.o)
 .text.__register_exitproc
                0x0000000000009b9c      0x158 c:/soc/nios2eds/bin/gnu/h-x86_64-mingw32/bin/../lib/gcc/nios2-elf/5.3.0/../../../../../H-x86_64-mingw32/nios2-elf/lib/mno-hw-mul\libsmallc.a(lib_a-__atexit.o)
                0x0000000000009b9c                __register_exitproc
 .text          0x0000000000009cf4        0x0 c:/soc/nios2eds/bin/gnu/h-x86_64-mingw32/bin/../lib/gcc/nios2-elf/5.3.0/../../../../../H-x86_64-mingw32/nios2-elf/lib/mno-hw-mul\libsmallc.a(lib_a-__call_atexit.o)
 .text.__call_exitprocs
                0x0000000000009cf4      0x190 c:/soc/nios2eds/bin/gnu/h-x86_64-mingw32/bin/../lib/gcc/nios2-elf/5.3.0/../../../../../H-x86_64-mingw32/nios2-elf/lib/mno-hw-mul\libsmallc.a(lib_a-__call_atexit.o)
                0x0000000000009cf4                __call_exitprocs
 .text          0x0000000000009e84       0x34 ../Arm_bsp/\libhal_bsp.a(alt_exit.o)
                0x0000000000009e84                _exit
 *(.gnu.warning.*)
 *(.fini)
                [!provide]                        PROVIDE (__etext, ABSOLUTE (.))
                [!provide]                        PROVIDE (_etext, ABSOLUTE (.))
                [!provide]                        PROVIDE (etext, ABSOLUTE (.))
 *(.eh_frame_hdr)
                0x0000000000009eb8                . = ALIGN (0x4)
                [!provide]                        PROVIDE (__preinit_array_start, ABSOLUTE (.))
 *(.preinit_array)
                [!provide]                        PROVIDE (__preinit_array_end, ABSOLUTE (.))
                [!provide]                        PROVIDE (__init_array_start, ABSOLUTE (.))
 *(.init_array)
                [!provide]                        PROVIDE (__init_array_end, ABSOLUTE (.))
                [!provide]                        PROVIDE (__fini_array_start, ABSOLUTE (.))
 *(.fini_array)
                [!provide]                        PROVIDE (__fini_array_end, ABSOLUTE (.))
 *(.eh_frame)
 *(.gcc_except_table .gcc_except_table.*)
 *(.dynamic)
                0x0000000000009eb8                PROVIDE (__CTOR_LIST__, ABSOLUTE (.))
 *(.ctors)
 *(SORT(.ctors.*))
                0x0000000000009eb8                PROVIDE (__CTOR_END__, ABSOLUTE (.))
                0x0000000000009eb8                PROVIDE (__DTOR_LIST__, ABSOLUTE (.))
 *(.dtors)
 *(SORT(.dtors.*))
                0x0000000000009eb8                PROVIDE (__DTOR_END__, ABSOLUTE (.))
 *(.jcr)
                0x0000000000009eb8                . = ALIGN (0x4)

.rodata         0x0000000000009eb8       0x58
                0x0000000000009eb8                PROVIDE (__ram_rodata_start, ABSOLUTE (.))
                0x0000000000009eb8                . = ALIGN (0x4)
 *(.rodata .rodata.* .gnu.linkonce.r.*)
 .rodata        0x0000000000009eb8       0x24 obj/default/source.o
 .rodata        0x0000000000009edc       0x11 ../Arm_bsp/\libhal_bsp.a(alt_main.o)
 *fill*         0x0000000000009eed        0x3 
 .rodata        0x0000000000009ef0       0x11 ../Arm_bsp/\libhal_bsp.a(alt_sys_init.o)
 *fill*         0x0000000000009f01        0x3 
 .rodata        0x0000000000009f04        0xa ../Arm_bsp/\libhal_bsp.a(alt_dev.o)
 *(.rodata1)
                0x0000000000009f10                . = ALIGN (0x4)
 *fill*         0x0000000000009f0e        0x2 
                0x0000000000009f10                PROVIDE (__ram_rodata_end, ABSOLUTE (.))
                0x0000000000009eb8                PROVIDE (__flash_rodata_start, LOADADDR (.rodata))

.rwdata         0x0000000000009f10      0x2dc load address 0x000000000000a1ec
                0x0000000000009f10                PROVIDE (__ram_rwdata_start, ABSOLUTE (.))
                0x0000000000009f10                . = ALIGN (0x4)
 *(.got.plt)
 *(.got)
 *(.data1)
 *(.data .data.* .gnu.linkonce.d.*)
 .data          0x0000000000009f10        0x0 ../Arm_bsp//obj/HAL/src/crt0.o
 .data          0x0000000000009f10        0x0 obj/default/source.o
 .data          0x0000000000009f10        0x0 c:/soc/nios2eds/bin/gnu/h-x86_64-mingw32/bin/../lib/gcc/nios2-elf/5.3.0/../../../../../H-x86_64-mingw32/nios2-elf/lib/mno-hw-mul\libsmallc.a(lib_a-printf.o)
 .data          0x0000000000009f10        0x0 c:/soc/nios2eds/bin/gnu/h-x86_64-mingw32/bin/../lib/gcc/nios2-elf/5.3.0/../../../../../H-x86_64-mingw32/nios2-elf/lib/mno-hw-mul\libsmallc.a(lib_a-vfprintf.o)
 .data          0x0000000000009f10        0x0 c:/soc/nios2eds/bin/gnu/h-x86_64-mingw32/bin/../lib/gcc/nios2-elf/5.3.0/../../../../../H-x86_64-mingw32/nios2-elf/lib/mno-hw-mul\libsmallc.a(lib_a-fvwrite_small_dev.o)
 .data          0x0000000000009f10        0x0 c:/soc/nios2eds/bin/gnu/h-x86_64-mingw32/bin/../lib/gcc/nios2-elf/5.3.0/../../../../../H-x86_64-mingw32/nios2-elf/lib/mno-hw-mul\libsmallc.a(lib_a-impure.o)
 .data.impure_data
                0x0000000000009f10       0xe0 c:/soc/nios2eds/bin/gnu/h-x86_64-mingw32/bin/../lib/gcc/nios2-elf/5.3.0/../../../../../H-x86_64-mingw32/nios2-elf/lib/mno-hw-mul\libsmallc.a(lib_a-impure.o)
 .data          0x0000000000009ff0        0x0 c:/soc/nios2eds/bin/gnu/h-x86_64-mingw32/bin/../lib/gcc/nios2-elf/5.3.0/../../../../../H-x86_64-mingw32/nios2-elf/lib/mno-hw-mul\libsmallc.a(lib_a-strlen.o)
 .data          0x0000000000009ff0        0x0 c:/soc/nios2eds/bin/gnu/h-x86_64-mingw32/bin/../lib/gcc/nios2-elf/5.3.0/../../../../../H-x86_64-mingw32/nios2-elf/lib/mno-hw-mul\libsmallc.a(lib_a-writer.o)
 .data          0x0000000000009ff0        0x0 c:/soc/nios2eds/bin/gnu/h-x86_64-mingw32/bin/../lib/gcc/nios2-elf/5.3.0/../../../../../H-x86_64-mingw32/nios2-elf/lib/mno-hw-mul\libsmallc.a(lib_a-int_errno.o)
 .data          0x0000000000009ff0        0x0 c:/soc/nios2eds/bin/gnu/h-x86_64-mingw32/bin/../lib/gcc/nios2-elf/5.3.0/mno-hw-mul\libgcc.a(lib2-divmod.o)
 .data          0x0000000000009ff0        0x0 c:/soc/nios2eds/bin/gnu/h-x86_64-mingw32/bin/../lib/gcc/nios2-elf/5.3.0/mno-hw-mul\libgcc.a(lib2-mul.o)
 .data          0x0000000000009ff0        0x0 ../Arm_bsp/\libhal_bsp.a(alt_load.o)
 .data          0x0000000000009ff0        0x0 ../Arm_bsp/\libhal_bsp.a(alt_main.o)
 .data          0x0000000000009ff0        0x0 ../Arm_bsp/\libhal_bsp.a(alt_usleep.o)
 .data          0x0000000000009ff0        0x0 ../Arm_bsp/\libhal_bsp.a(alt_write.o)
 .data          0x0000000000009ff0       0x2c ../Arm_bsp/\libhal_bsp.a(alt_sys_init.o)
 .data          0x000000000000a01c        0x0 ../Arm_bsp/\libhal_bsp.a(altera_avalon_jtag_uart_fd.o)
 .data          0x000000000000a01c        0x0 ../Arm_bsp/\libhal_bsp.a(altera_avalon_jtag_uart_read.o)
 .data          0x000000000000a01c        0x0 ../Arm_bsp/\libhal_bsp.a(altera_avalon_jtag_uart_write.o)
 .data          0x000000000000a01c        0x0 ../Arm_bsp/\libhal_bsp.a(alt_busy_sleep.o)
 .data          0x000000000000a01c        0x0 ../Arm_bsp/\libhal_bsp.a(alt_close.o)
 .data          0x000000000000a01c        0x0 ../Arm_bsp/\libhal_bsp.a(alt_dcache_flush_all.o)
 .data          0x000000000000a01c      0x1a8 ../Arm_bsp/\libhal_bsp.a(alt_dev.o)
                0x000000000000a01c                alt_dev_null
                0x000000000000a044                alt_fd_list
 .data          0x000000000000a1c4        0x0 ../Arm_bsp/\libhal_bsp.a(alt_dev_llist_insert.o)
 .data          0x000000000000a1c4        0x0 ../Arm_bsp/\libhal_bsp.a(alt_do_ctors.o)
 .data          0x000000000000a1c4        0x0 ../Arm_bsp/\libhal_bsp.a(alt_do_dtors.o)
 .data          0x000000000000a1c4        0x0 ../Arm_bsp/\libhal_bsp.a(alt_errno.o)
 .data          0x000000000000a1c4        0x0 ../Arm_bsp/\libhal_bsp.a(alt_icache_flush_all.o)
 .data          0x000000000000a1c4        0x0 ../Arm_bsp/\libhal_bsp.a(alt_io_redirect.o)
 .data          0x000000000000a1c4        0x0 ../Arm_bsp/\libhal_bsp.a(alt_open.o)
 .data          0x000000000000a1c4        0x0 ../Arm_bsp/\libhal_bsp.a(alt_release_fd.o)
 .data          0x000000000000a1c4        0x0 ../Arm_bsp/\libhal_bsp.a(altera_nios2_gen2_irq.o)
 .data          0x000000000000a1c4        0x0 ../Arm_bsp/\libhal_bsp.a(alt_find_dev.o)
 .data          0x000000000000a1c4        0x0 ../Arm_bsp/\libhal_bsp.a(alt_find_file.o)
 .data          0x000000000000a1c4        0x0 ../Arm_bsp/\libhal_bsp.a(alt_get_fd.o)
 .data          0x000000000000a1c4        0x0 c:/soc/nios2eds/bin/gnu/h-x86_64-mingw32/bin/../lib/gcc/nios2-elf/5.3.0/../../../../../H-x86_64-mingw32/nios2-elf/lib/mno-hw-mul\libsmallc.a(lib_a-atexit.o)
 .data          0x000000000000a1c4        0x0 c:/soc/nios2eds/bin/gnu/h-x86_64-mingw32/bin/../lib/gcc/nios2-elf/5.3.0/../../../../../H-x86_64-mingw32/nios2-elf/lib/mno-hw-mul\libsmallc.a(lib_a-exit.o)
 .data          0x000000000000a1c4        0x0 c:/soc/nios2eds/bin/gnu/h-x86_64-mingw32/bin/../lib/gcc/nios2-elf/5.3.0/../../../../../H-x86_64-mingw32/nios2-elf/lib/mno-hw-mul\libsmallc.a(lib_a-memcmp.o)
 .data          0x000000000000a1c4        0x0 c:/soc/nios2eds/bin/gnu/h-x86_64-mingw32/bin/../lib/gcc/nios2-elf/5.3.0/../../../../../H-x86_64-mingw32/nios2-elf/lib/mno-hw-mul\libsmallc.a(lib_a-__atexit.o)
 .data          0x000000000000a1c4        0x0 c:/soc/nios2eds/bin/gnu/h-x86_64-mingw32/bin/../lib/gcc/nios2-elf/5.3.0/../../../../../H-x86_64-mingw32/nios2-elf/lib/mno-hw-mul\libsmallc.a(lib_a-__call_atexit.o)
 .data          0x000000000000a1c4        0x0 ../Arm_bsp/\libhal_bsp.a(alt_exit.o)
                0x00000000000121c4                _gp = ABSOLUTE ((. + 0x8000))
                [!provide]                        PROVIDE (gp, _gp)
 *(.rwdata .rwdata.*)
 *(.sdata .sdata.* .gnu.linkonce.s.*)
 .sdata         0x000000000000a1c4        0x8 obj/default/source.o
                0x000000000000a1c4                switch_base
                0x000000000000a1c8                hex0
 .sdata._global_impure_ptr
                0x000000000000a1cc        0x4 c:/soc/nios2eds/bin/gnu/h-x86_64-mingw32/bin/../lib/gcc/nios2-elf/5.3.0/../../../../../H-x86_64-mingw32/nios2-elf/lib/mno-hw-mul\libsmallc.a(lib_a-impure.o)
                0x000000000000a1cc                _global_impure_ptr
 .sdata._impure_ptr
                0x000000000000a1d0        0x4 c:/soc/nios2eds/bin/gnu/h-x86_64-mingw32/bin/../lib/gcc/nios2-elf/5.3.0/../../../../../H-x86_64-mingw32/nios2-elf/lib/mno-hw-mul\libsmallc.a(lib_a-impure.o)
                0x000000000000a1d0                _impure_ptr
 .sdata         0x000000000000a1d4       0x14 ../Arm_bsp/\libhal_bsp.a(alt_dev.o)
                0x000000000000a1d4                alt_fs_list
                0x000000000000a1dc                alt_dev_list
                0x000000000000a1e4                alt_max_fd
 .sdata         0x000000000000a1e8        0x4 ../Arm_bsp/\libhal_bsp.a(alt_errno.o)
                0x000000000000a1e8                alt_errno
 *(.sdata2 .sdata2.* .gnu.linkonce.s2.*)
                0x000000000000a1ec                . = ALIGN (0x4)
                0x000000000000a1ec                _edata = ABSOLUTE (.)
                [!provide]                        PROVIDE (edata, ABSOLUTE (.))
                0x000000000000a1ec                PROVIDE (__ram_rwdata_end, ABSOLUTE (.))
                0x000000000000a1ec                PROVIDE (__flash_rwdata_start, LOADADDR (.rwdata))

.bss            0x000000000000a4c8       0x10
                0x000000000000a4c8                __bss_start = ABSOLUTE (.)
                [!provide]                        PROVIDE (__sbss_start, ABSOLUTE (.))
                [!provide]                        PROVIDE (___sbss_start, ABSOLUTE (.))
 *(.dynsbss)
 *(.sbss .sbss.* .gnu.linkonce.sb.*)
 .sbss          0x000000000000a4c8        0x4 c:/soc/nios2eds/bin/gnu/h-x86_64-mingw32/bin/../lib/gcc/nios2-elf/5.3.0/../../../../../H-x86_64-mingw32/nios2-elf/lib/mno-hw-mul\libsmallc.a(lib_a-int_errno.o)
                0x000000000000a4c8                errno
 .sbss          0x000000000000a4cc        0xc ../Arm_bsp/\libhal_bsp.a(alt_main.o)
                0x000000000000a4cc                alt_argc
                0x000000000000a4d0                alt_argv
                0x000000000000a4d4                alt_envp
 *(.sbss2 .sbss2.* .gnu.linkonce.sb2.*)
 *(.scommon)
                [!provide]                        PROVIDE (__sbss_end, ABSOLUTE (.))
                [!provide]                        PROVIDE (___sbss_end, ABSOLUTE (.))
 *(.dynbss)
 *(.bss .bss.* .gnu.linkonce.b.*)
 .bss           0x000000000000a4d8        0x0 ../Arm_bsp//obj/HAL/src/crt0.o
 .bss           0x000000000000a4d8        0x0 obj/default/source.o
 .bss           0x000000000000a4d8        0x0 c:/soc/nios2eds/bin/gnu/h-x86_64-mingw32/bin/../lib/gcc/nios2-elf/5.3.0/../../../../../H-x86_64-mingw32/nios2-elf/lib/mno-hw-mul\libsmallc.a(lib_a-printf.o)
 .bss           0x000000000000a4d8        0x0 c:/soc/nios2eds/bin/gnu/h-x86_64-mingw32/bin/../lib/gcc/nios2-elf/5.3.0/../../../../../H-x86_64-mingw32/nios2-elf/lib/mno-hw-mul\libsmallc.a(lib_a-vfprintf.o)
 .bss           0x000000000000a4d8        0x0 c:/soc/nios2eds/bin/gnu/h-x86_64-mingw32/bin/../lib/gcc/nios2-elf/5.3.0/../../../../../H-x86_64-mingw32/nios2-elf/lib/mno-hw-mul\libsmallc.a(lib_a-fvwrite_small_dev.o)
 .bss           0x000000000000a4d8        0x0 c:/soc/nios2eds/bin/gnu/h-x86_64-mingw32/bin/../lib/gcc/nios2-elf/5.3.0/../../../../../H-x86_64-mingw32/nios2-elf/lib/mno-hw-mul\libsmallc.a(lib_a-impure.o)
 .bss           0x000000000000a4d8        0x0 c:/soc/nios2eds/bin/gnu/h-x86_64-mingw32/bin/../lib/gcc/nios2-elf/5.3.0/../../../../../H-x86_64-mingw32/nios2-elf/lib/mno-hw-mul\libsmallc.a(lib_a-strlen.o)
 .bss           0x000000000000a4d8        0x0 c:/soc/nios2eds/bin/gnu/h-x86_64-mingw32/bin/../lib/gcc/nios2-elf/5.3.0/../../../../../H-x86_64-mingw32/nios2-elf/lib/mno-hw-mul\libsmallc.a(lib_a-writer.o)
 .bss           0x000000000000a4d8        0x0 c:/soc/nios2eds/bin/gnu/h-x86_64-mingw32/bin/../lib/gcc/nios2-elf/5.3.0/../../../../../H-x86_64-mingw32/nios2-elf/lib/mno-hw-mul\libsmallc.a(lib_a-int_errno.o)
 .bss           0x000000000000a4d8        0x0 c:/soc/nios2eds/bin/gnu/h-x86_64-mingw32/bin/../lib/gcc/nios2-elf/5.3.0/mno-hw-mul\libgcc.a(lib2-divmod.o)
 .bss           0x000000000000a4d8        0x0 c:/soc/nios2eds/bin/gnu/h-x86_64-mingw32/bin/../lib/gcc/nios2-elf/5.3.0/mno-hw-mul\libgcc.a(lib2-mul.o)
 .bss           0x000000000000a4d8        0x0 ../Arm_bsp/\libhal_bsp.a(alt_load.o)
 .bss           0x000000000000a4d8        0x0 ../Arm_bsp/\libhal_bsp.a(alt_main.o)
 .bss           0x000000000000a4d8        0x0 ../Arm_bsp/\libhal_bsp.a(alt_usleep.o)
 .bss           0x000000000000a4d8        0x0 ../Arm_bsp/\libhal_bsp.a(alt_write.o)
 .bss           0x000000000000a4d8        0x0 ../Arm_bsp/\libhal_bsp.a(alt_sys_init.o)
 .bss           0x000000000000a4d8        0x0 ../Arm_bsp/\libhal_bsp.a(altera_avalon_jtag_uart_fd.o)
 .bss           0x000000000000a4d8        0x0 ../Arm_bsp/\libhal_bsp.a(altera_avalon_jtag_uart_read.o)
 .bss           0x000000000000a4d8        0x0 ../Arm_bsp/\libhal_bsp.a(altera_avalon_jtag_uart_write.o)
 .bss           0x000000000000a4d8        0x0 ../Arm_bsp/\libhal_bsp.a(alt_busy_sleep.o)
 .bss           0x000000000000a4d8        0x0 ../Arm_bsp/\libhal_bsp.a(alt_close.o)
 .bss           0x000000000000a4d8        0x0 ../Arm_bsp/\libhal_bsp.a(alt_dcache_flush_all.o)
 .bss           0x000000000000a4d8        0x0 ../Arm_bsp/\libhal_bsp.a(alt_dev.o)
 .bss           0x000000000000a4d8        0x0 ../Arm_bsp/\libhal_bsp.a(alt_dev_llist_insert.o)
 .bss           0x000000000000a4d8        0x0 ../Arm_bsp/\libhal_bsp.a(alt_do_ctors.o)
 .bss           0x000000000000a4d8        0x0 ../Arm_bsp/\libhal_bsp.a(alt_do_dtors.o)
 .bss           0x000000000000a4d8        0x0 ../Arm_bsp/\libhal_bsp.a(alt_errno.o)
 .bss           0x000000000000a4d8        0x0 ../Arm_bsp/\libhal_bsp.a(alt_icache_flush_all.o)
 .bss           0x000000000000a4d8        0x0 ../Arm_bsp/\libhal_bsp.a(alt_io_redirect.o)
 .bss           0x000000000000a4d8        0x0 ../Arm_bsp/\libhal_bsp.a(alt_open.o)
 .bss           0x000000000000a4d8        0x0 ../Arm_bsp/\libhal_bsp.a(alt_release_fd.o)
 .bss           0x000000000000a4d8        0x0 ../Arm_bsp/\libhal_bsp.a(altera_nios2_gen2_irq.o)
 .bss           0x000000000000a4d8        0x0 ../Arm_bsp/\libhal_bsp.a(alt_find_dev.o)
 .bss           0x000000000000a4d8        0x0 ../Arm_bsp/\libhal_bsp.a(alt_find_file.o)
 .bss           0x000000000000a4d8        0x0 ../Arm_bsp/\libhal_bsp.a(alt_get_fd.o)
 .bss           0x000000000000a4d8        0x0 c:/soc/nios2eds/bin/gnu/h-x86_64-mingw32/bin/../lib/gcc/nios2-elf/5.3.0/../../../../../H-x86_64-mingw32/nios2-elf/lib/mno-hw-mul\libsmallc.a(lib_a-atexit.o)
 .bss           0x000000000000a4d8        0x0 c:/soc/nios2eds/bin/gnu/h-x86_64-mingw32/bin/../lib/gcc/nios2-elf/5.3.0/../../../../../H-x86_64-mingw32/nios2-elf/lib/mno-hw-mul\libsmallc.a(lib_a-exit.o)
 .bss           0x000000000000a4d8        0x0 c:/soc/nios2eds/bin/gnu/h-x86_64-mingw32/bin/../lib/gcc/nios2-elf/5.3.0/../../../../../H-x86_64-mingw32/nios2-elf/lib/mno-hw-mul\libsmallc.a(lib_a-memcmp.o)
 .bss           0x000000000000a4d8        0x0 c:/soc/nios2eds/bin/gnu/h-x86_64-mingw32/bin/../lib/gcc/nios2-elf/5.3.0/../../../../../H-x86_64-mingw32/nios2-elf/lib/mno-hw-mul\libsmallc.a(lib_a-__atexit.o)
 .bss           0x000000000000a4d8        0x0 c:/soc/nios2eds/bin/gnu/h-x86_64-mingw32/bin/../lib/gcc/nios2-elf/5.3.0/../../../../../H-x86_64-mingw32/nios2-elf/lib/mno-hw-mul\libsmallc.a(lib_a-__call_atexit.o)
 .bss           0x000000000000a4d8        0x0 ../Arm_bsp/\libhal_bsp.a(alt_exit.o)
 *(COMMON)
                0x000000000000a4d8                . = ALIGN (0x4)
                0x000000000000a4d8                __bss_end = ABSOLUTE (.)

.onchip_memory2_0
                0x000000000000a4d8        0x0
                [!provide]                        PROVIDE (_alt_partition_onchip_memory2_0_start, ABSOLUTE (.))
 *(.onchip_memory2_0 .onchip_memory2_0. onchip_memory2_0.*)
                0x000000000000a4d8                . = ALIGN (0x4)
                [!provide]                        PROVIDE (_alt_partition_onchip_memory2_0_end, ABSOLUTE (.))
                0x000000000000a4d8                _end = ABSOLUTE (.)
                0x000000000000a4d8                end = ABSOLUTE (.)
                0x000000000000a4d8                __alt_stack_base = ABSOLUTE (.)
                [!provide]                        PROVIDE (_alt_partition_onchip_memory2_0_load_addr, LOADADDR (.onchip_memory2_0))

.stab
 *(.stab)

.stabstr
 *(.stabstr)

.stab.excl
 *(.stab.excl)

.stab.exclstr
 *(.stab.exclstr)

.stab.index
 *(.stab.index)

.stab.indexstr
 *(.stab.indexstr)

.comment        0x0000000000000000       0x23
 *(.comment)
 .comment       0x0000000000000000       0x23 obj/default/source.o
                                         0x24 (size before relaxing)
 .comment       0x0000000000000023       0x24 c:/soc/nios2eds/bin/gnu/h-x86_64-mingw32/bin/../lib/gcc/nios2-elf/5.3.0/../../../../../H-x86_64-mingw32/nios2-elf/lib/mno-hw-mul\libsmallc.a(lib_a-printf.o)
 .comment       0x0000000000000023       0x24 c:/soc/nios2eds/bin/gnu/h-x86_64-mingw32/bin/../lib/gcc/nios2-elf/5.3.0/../../../../../H-x86_64-mingw32/nios2-elf/lib/mno-hw-mul\libsmallc.a(lib_a-vfprintf.o)
 .comment       0x0000000000000023       0x24 c:/soc/nios2eds/bin/gnu/h-x86_64-mingw32/bin/../lib/gcc/nios2-elf/5.3.0/../../../../../H-x86_64-mingw32/nios2-elf/lib/mno-hw-mul\libsmallc.a(lib_a-fvwrite_small_dev.o)
 .comment       0x0000000000000023       0x24 c:/soc/nios2eds/bin/gnu/h-x86_64-mingw32/bin/../lib/gcc/nios2-elf/5.3.0/../../../../../H-x86_64-mingw32/nios2-elf/lib/mno-hw-mul\libsmallc.a(lib_a-impure.o)
 .comment       0x0000000000000023       0x24 c:/soc/nios2eds/bin/gnu/h-x86_64-mingw32/bin/../lib/gcc/nios2-elf/5.3.0/../../../../../H-x86_64-mingw32/nios2-elf/lib/mno-hw-mul\libsmallc.a(lib_a-strlen.o)
 .comment       0x0000000000000023       0x24 c:/soc/nios2eds/bin/gnu/h-x86_64-mingw32/bin/../lib/gcc/nios2-elf/5.3.0/../../../../../H-x86_64-mingw32/nios2-elf/lib/mno-hw-mul\libsmallc.a(lib_a-writer.o)
 .comment       0x0000000000000023       0x24 c:/soc/nios2eds/bin/gnu/h-x86_64-mingw32/bin/../lib/gcc/nios2-elf/5.3.0/../../../../../H-x86_64-mingw32/nios2-elf/lib/mno-hw-mul\libsmallc.a(lib_a-int_errno.o)
 .comment       0x0000000000000023       0x24 c:/soc/nios2eds/bin/gnu/h-x86_64-mingw32/bin/../lib/gcc/nios2-elf/5.3.0/mno-hw-mul\libgcc.a(lib2-divmod.o)
 .comment       0x0000000000000023       0x24 c:/soc/nios2eds/bin/gnu/h-x86_64-mingw32/bin/../lib/gcc/nios2-elf/5.3.0/mno-hw-mul\libgcc.a(lib2-mul.o)
 .comment       0x0000000000000023       0x24 ../Arm_bsp/\libhal_bsp.a(alt_load.o)
 .comment       0x0000000000000023       0x24 ../Arm_bsp/\libhal_bsp.a(alt_main.o)
 .comment       0x0000000000000023       0x24 ../Arm_bsp/\libhal_bsp.a(alt_usleep.o)
 .comment       0x0000000000000023       0x24 ../Arm_bsp/\libhal_bsp.a(alt_write.o)
 .comment       0x0000000000000023       0x24 ../Arm_bsp/\libhal_bsp.a(alt_sys_init.o)
 .comment       0x0000000000000023       0x24 ../Arm_bsp/\libhal_bsp.a(altera_avalon_jtag_uart_fd.o)
 .comment       0x0000000000000023       0x24 ../Arm_bsp/\libhal_bsp.a(altera_avalon_jtag_uart_read.o)
 .comment       0x0000000000000023       0x24 ../Arm_bsp/\libhal_bsp.a(altera_avalon_jtag_uart_write.o)
 .comment       0x0000000000000023       0x24 ../Arm_bsp/\libhal_bsp.a(alt_busy_sleep.o)
 .comment       0x0000000000000023       0x24 ../Arm_bsp/\libhal_bsp.a(alt_close.o)
 .comment       0x0000000000000023       0x24 ../Arm_bsp/\libhal_bsp.a(alt_dcache_flush_all.o)
 .comment       0x0000000000000023       0x24 ../Arm_bsp/\libhal_bsp.a(alt_dev.o)
 .comment       0x0000000000000023       0x24 ../Arm_bsp/\libhal_bsp.a(alt_dev_llist_insert.o)
 .comment       0x0000000000000023       0x24 ../Arm_bsp/\libhal_bsp.a(alt_do_ctors.o)
 .comment       0x0000000000000023       0x24 ../Arm_bsp/\libhal_bsp.a(alt_do_dtors.o)
 .comment       0x0000000000000023       0x24 ../Arm_bsp/\libhal_bsp.a(alt_errno.o)
 .comment       0x0000000000000023       0x24 ../Arm_bsp/\libhal_bsp.a(alt_icache_flush_all.o)
 .comment       0x0000000000000023       0x24 ../Arm_bsp/\libhal_bsp.a(alt_io_redirect.o)
 .comment       0x0000000000000023       0x24 ../Arm_bsp/\libhal_bsp.a(alt_open.o)
 .comment       0x0000000000000023       0x24 ../Arm_bsp/\libhal_bsp.a(alt_release_fd.o)
 .comment       0x0000000000000023       0x24 ../Arm_bsp/\libhal_bsp.a(altera_nios2_gen2_irq.o)
 .comment       0x0000000000000023       0x24 ../Arm_bsp/\libhal_bsp.a(alt_find_dev.o)
 .comment       0x0000000000000023       0x24 ../Arm_bsp/\libhal_bsp.a(alt_find_file.o)
 .comment       0x0000000000000023       0x24 ../Arm_bsp/\libhal_bsp.a(alt_get_fd.o)
 .comment       0x0000000000000023       0x24 c:/soc/nios2eds/bin/gnu/h-x86_64-mingw32/bin/../lib/gcc/nios2-elf/5.3.0/../../../../../H-x86_64-mingw32/nios2-elf/lib/mno-hw-mul\libsmallc.a(lib_a-atexit.o)
 .comment       0x0000000000000023       0x24 c:/soc/nios2eds/bin/gnu/h-x86_64-mingw32/bin/../lib/gcc/nios2-elf/5.3.0/../../../../../H-x86_64-mingw32/nios2-elf/lib/mno-hw-mul\libsmallc.a(lib_a-exit.o)
 .comment       0x0000000000000023       0x24 c:/soc/nios2eds/bin/gnu/h-x86_64-mingw32/bin/../lib/gcc/nios2-elf/5.3.0/../../../../../H-x86_64-mingw32/nios2-elf/lib/mno-hw-mul\libsmallc.a(lib_a-memcmp.o)
 .comment       0x0000000000000023       0x24 c:/soc/nios2eds/bin/gnu/h-x86_64-mingw32/bin/../lib/gcc/nios2-elf/5.3.0/../../../../../H-x86_64-mingw32/nios2-elf/lib/mno-hw-mul\libsmallc.a(lib_a-__atexit.o)
 .comment       0x0000000000000023       0x24 c:/soc/nios2eds/bin/gnu/h-x86_64-mingw32/bin/../lib/gcc/nios2-elf/5.3.0/../../../../../H-x86_64-mingw32/nios2-elf/lib/mno-hw-mul\libsmallc.a(lib_a-__call_atexit.o)
 .comment       0x0000000000000023       0x24 ../Arm_bsp/\libhal_bsp.a(alt_exit.o)

.debug
 *(.debug)

.line
 *(.line)

.debug_srcinfo
 *(.debug_srcinfo)

.debug_sfnames
 *(.debug_sfnames)

.debug_aranges  0x0000000000000000      0x528
 *(.debug_aranges)
 .debug_aranges
                0x0000000000000000       0x28 ../Arm_bsp//obj/HAL/src/crt0.o
 .debug_aranges
                0x0000000000000028       0x20 obj/default/source.o
 .debug_aranges
                0x0000000000000048       0x28 c:/soc/nios2eds/bin/gnu/h-x86_64-mingw32/bin/../lib/gcc/nios2-elf/5.3.0/../../../../../H-x86_64-mingw32/nios2-elf/lib/mno-hw-mul\libsmallc.a(lib_a-printf.o)
 .debug_aranges
                0x0000000000000070       0x30 c:/soc/nios2eds/bin/gnu/h-x86_64-mingw32/bin/../lib/gcc/nios2-elf/5.3.0/../../../../../H-x86_64-mingw32/nios2-elf/lib/mno-hw-mul\libsmallc.a(lib_a-vfprintf.o)
 .debug_aranges
                0x00000000000000a0       0x20 c:/soc/nios2eds/bin/gnu/h-x86_64-mingw32/bin/../lib/gcc/nios2-elf/5.3.0/../../../../../H-x86_64-mingw32/nios2-elf/lib/mno-hw-mul\libsmallc.a(lib_a-fvwrite_small_dev.o)
 .debug_aranges
                0x00000000000000c0       0x18 c:/soc/nios2eds/bin/gnu/h-x86_64-mingw32/bin/../lib/gcc/nios2-elf/5.3.0/../../../../../H-x86_64-mingw32/nios2-elf/lib/mno-hw-mul\libsmallc.a(lib_a-impure.o)
 .debug_aranges
                0x00000000000000d8       0x20 c:/soc/nios2eds/bin/gnu/h-x86_64-mingw32/bin/../lib/gcc/nios2-elf/5.3.0/../../../../../H-x86_64-mingw32/nios2-elf/lib/mno-hw-mul\libsmallc.a(lib_a-strlen.o)
 .debug_aranges
                0x00000000000000f8       0x20 c:/soc/nios2eds/bin/gnu/h-x86_64-mingw32/bin/../lib/gcc/nios2-elf/5.3.0/../../../../../H-x86_64-mingw32/nios2-elf/lib/mno-hw-mul\libsmallc.a(lib_a-writer.o)
 .debug_aranges
                0x0000000000000118       0x18 c:/soc/nios2eds/bin/gnu/h-x86_64-mingw32/bin/../lib/gcc/nios2-elf/5.3.0/../../../../../H-x86_64-mingw32/nios2-elf/lib/mno-hw-mul\libsmallc.a(lib_a-int_errno.o)
 .debug_aranges
                0x0000000000000130       0x20 c:/soc/nios2eds/bin/gnu/h-x86_64-mingw32/bin/../lib/gcc/nios2-elf/5.3.0/mno-hw-mul\libgcc.a(lib2-divmod.o)
 .debug_aranges
                0x0000000000000150       0x20 c:/soc/nios2eds/bin/gnu/h-x86_64-mingw32/bin/../lib/gcc/nios2-elf/5.3.0/mno-hw-mul\libgcc.a(lib2-mul.o)
 .debug_aranges
                0x0000000000000170       0x20 ../Arm_bsp/\libhal_bsp.a(alt_load.o)
 .debug_aranges
                0x0000000000000190       0x20 ../Arm_bsp/\libhal_bsp.a(alt_main.o)
 .debug_aranges
                0x00000000000001b0       0x20 ../Arm_bsp/\libhal_bsp.a(alt_usleep.o)
 .debug_aranges
                0x00000000000001d0       0x20 ../Arm_bsp/\libhal_bsp.a(alt_write.o)
 .debug_aranges
                0x00000000000001f0       0x20 ../Arm_bsp/\libhal_bsp.a(alt_sys_init.o)
 .debug_aranges
                0x0000000000000210       0x20 ../Arm_bsp/\libhal_bsp.a(altera_avalon_jtag_uart_fd.o)
 .debug_aranges
                0x0000000000000230       0x20 ../Arm_bsp/\libhal_bsp.a(altera_avalon_jtag_uart_read.o)
 .debug_aranges
                0x0000000000000250       0x20 ../Arm_bsp/\libhal_bsp.a(altera_avalon_jtag_uart_write.o)
 .debug_aranges
                0x0000000000000270       0x20 ../Arm_bsp/\libhal_bsp.a(alt_busy_sleep.o)
 .debug_aranges
                0x0000000000000290       0x20 ../Arm_bsp/\libhal_bsp.a(alt_close.o)
 .debug_aranges
                0x00000000000002b0       0x20 ../Arm_bsp/\libhal_bsp.a(alt_dcache_flush_all.o)
 .debug_aranges
                0x00000000000002d0       0x20 ../Arm_bsp/\libhal_bsp.a(alt_dev.o)
 .debug_aranges
                0x00000000000002f0       0x20 ../Arm_bsp/\libhal_bsp.a(alt_dev_llist_insert.o)
 .debug_aranges
                0x0000000000000310       0x20 ../Arm_bsp/\libhal_bsp.a(alt_do_ctors.o)
 .debug_aranges
                0x0000000000000330       0x20 ../Arm_bsp/\libhal_bsp.a(alt_do_dtors.o)
 .debug_aranges
                0x0000000000000350       0x18 ../Arm_bsp/\libhal_bsp.a(alt_errno.o)
 .debug_aranges
                0x0000000000000368       0x20 ../Arm_bsp/\libhal_bsp.a(alt_icache_flush_all.o)
 .debug_aranges
                0x0000000000000388       0x20 ../Arm_bsp/\libhal_bsp.a(alt_io_redirect.o)
 .debug_aranges
                0x00000000000003a8       0x20 ../Arm_bsp/\libhal_bsp.a(alt_open.o)
 .debug_aranges
                0x00000000000003c8       0x20 ../Arm_bsp/\libhal_bsp.a(alt_release_fd.o)
 .debug_aranges
                0x00000000000003e8       0x20 ../Arm_bsp/\libhal_bsp.a(altera_nios2_gen2_irq.o)
 .debug_aranges
                0x0000000000000408       0x20 ../Arm_bsp/\libhal_bsp.a(alt_find_dev.o)
 .debug_aranges
                0x0000000000000428       0x20 ../Arm_bsp/\libhal_bsp.a(alt_find_file.o)
 .debug_aranges
                0x0000000000000448       0x20 ../Arm_bsp/\libhal_bsp.a(alt_get_fd.o)
 .debug_aranges
                0x0000000000000468       0x20 c:/soc/nios2eds/bin/gnu/h-x86_64-mingw32/bin/../lib/gcc/nios2-elf/5.3.0/../../../../../H-x86_64-mingw32/nios2-elf/lib/mno-hw-mul\libsmallc.a(lib_a-atexit.o)
 .debug_aranges
                0x0000000000000488       0x20 c:/soc/nios2eds/bin/gnu/h-x86_64-mingw32/bin/../lib/gcc/nios2-elf/5.3.0/../../../../../H-x86_64-mingw32/nios2-elf/lib/mno-hw-mul\libsmallc.a(lib_a-exit.o)
 .debug_aranges
                0x00000000000004a8       0x20 c:/soc/nios2eds/bin/gnu/h-x86_64-mingw32/bin/../lib/gcc/nios2-elf/5.3.0/../../../../../H-x86_64-mingw32/nios2-elf/lib/mno-hw-mul\libsmallc.a(lib_a-memcmp.o)
 .debug_aranges
                0x00000000000004c8       0x20 c:/soc/nios2eds/bin/gnu/h-x86_64-mingw32/bin/../lib/gcc/nios2-elf/5.3.0/../../../../../H-x86_64-mingw32/nios2-elf/lib/mno-hw-mul\libsmallc.a(lib_a-__atexit.o)
 .debug_aranges
                0x00000000000004e8       0x20 c:/soc/nios2eds/bin/gnu/h-x86_64-mingw32/bin/../lib/gcc/nios2-elf/5.3.0/../../../../../H-x86_64-mingw32/nios2-elf/lib/mno-hw-mul\libsmallc.a(lib_a-__call_atexit.o)
 .debug_aranges
                0x0000000000000508       0x20 ../Arm_bsp/\libhal_bsp.a(alt_exit.o)

.debug_pubnames
 *(.debug_pubnames)

.debug_info     0x0000000000000000     0x6e9e
 *(.debug_info .gnu.linkonce.wi.*)
 .debug_info    0x0000000000000000       0x58 ../Arm_bsp//obj/HAL/src/crt0.o
 .debug_info    0x0000000000000058      0x107 obj/default/source.o
 .debug_info    0x000000000000015f      0x699 c:/soc/nios2eds/bin/gnu/h-x86_64-mingw32/bin/../lib/gcc/nios2-elf/5.3.0/../../../../../H-x86_64-mingw32/nios2-elf/lib/mno-hw-mul\libsmallc.a(lib_a-printf.o)
 .debug_info    0x00000000000007f8      0xb2b c:/soc/nios2eds/bin/gnu/h-x86_64-mingw32/bin/../lib/gcc/nios2-elf/5.3.0/../../../../../H-x86_64-mingw32/nios2-elf/lib/mno-hw-mul\libsmallc.a(lib_a-vfprintf.o)
 .debug_info    0x0000000000001323      0x62b c:/soc/nios2eds/bin/gnu/h-x86_64-mingw32/bin/../lib/gcc/nios2-elf/5.3.0/../../../../../H-x86_64-mingw32/nios2-elf/lib/mno-hw-mul\libsmallc.a(lib_a-fvwrite_small_dev.o)
 .debug_info    0x000000000000194e      0x5a9 c:/soc/nios2eds/bin/gnu/h-x86_64-mingw32/bin/../lib/gcc/nios2-elf/5.3.0/../../../../../H-x86_64-mingw32/nios2-elf/lib/mno-hw-mul\libsmallc.a(lib_a-impure.o)
 .debug_info    0x0000000000001ef7       0xc9 c:/soc/nios2eds/bin/gnu/h-x86_64-mingw32/bin/../lib/gcc/nios2-elf/5.3.0/../../../../../H-x86_64-mingw32/nios2-elf/lib/mno-hw-mul\libsmallc.a(lib_a-strlen.o)
 .debug_info    0x0000000000001fc0      0x630 c:/soc/nios2eds/bin/gnu/h-x86_64-mingw32/bin/../lib/gcc/nios2-elf/5.3.0/../../../../../H-x86_64-mingw32/nios2-elf/lib/mno-hw-mul\libsmallc.a(lib_a-writer.o)
 .debug_info    0x00000000000025f0       0x8a c:/soc/nios2eds/bin/gnu/h-x86_64-mingw32/bin/../lib/gcc/nios2-elf/5.3.0/../../../../../H-x86_64-mingw32/nios2-elf/lib/mno-hw-mul\libsmallc.a(lib_a-int_errno.o)
 .debug_info    0x000000000000267a      0x2c6 c:/soc/nios2eds/bin/gnu/h-x86_64-mingw32/bin/../lib/gcc/nios2-elf/5.3.0/mno-hw-mul\libgcc.a(lib2-divmod.o)
 .debug_info    0x0000000000002940       0xb4 c:/soc/nios2eds/bin/gnu/h-x86_64-mingw32/bin/../lib/gcc/nios2-elf/5.3.0/mno-hw-mul\libgcc.a(lib2-mul.o)
 .debug_info    0x00000000000029f4      0x145 ../Arm_bsp/\libhal_bsp.a(alt_load.o)
 .debug_info    0x0000000000002b39      0x131 ../Arm_bsp/\libhal_bsp.a(alt_main.o)
 .debug_info    0x0000000000002c6a       0xb0 ../Arm_bsp/\libhal_bsp.a(alt_usleep.o)
 .debug_info    0x0000000000002d1a      0x4b7 ../Arm_bsp/\libhal_bsp.a(alt_write.o)
 .debug_info    0x00000000000031d1      0x3c9 ../Arm_bsp/\libhal_bsp.a(alt_sys_init.o)
 .debug_info    0x000000000000359a      0x3a7 ../Arm_bsp/\libhal_bsp.a(altera_avalon_jtag_uart_fd.o)
 .debug_info    0x0000000000003941      0x1b2 ../Arm_bsp/\libhal_bsp.a(altera_avalon_jtag_uart_read.o)
 .debug_info    0x0000000000003af3      0x195 ../Arm_bsp/\libhal_bsp.a(altera_avalon_jtag_uart_write.o)
 .debug_info    0x0000000000003c88       0xd7 ../Arm_bsp/\libhal_bsp.a(alt_busy_sleep.o)
 .debug_info    0x0000000000003d5f      0x321 ../Arm_bsp/\libhal_bsp.a(alt_close.o)
 .debug_info    0x0000000000004080       0x92 ../Arm_bsp/\libhal_bsp.a(alt_dcache_flush_all.o)
 .debug_info    0x0000000000004112      0x49c ../Arm_bsp/\libhal_bsp.a(alt_dev.o)
 .debug_info    0x00000000000045ae      0x1a9 ../Arm_bsp/\libhal_bsp.a(alt_dev_llist_insert.o)
 .debug_info    0x0000000000004757       0x83 ../Arm_bsp/\libhal_bsp.a(alt_do_ctors.o)
 .debug_info    0x00000000000047da       0x83 ../Arm_bsp/\libhal_bsp.a(alt_do_dtors.o)
 .debug_info    0x000000000000485d       0xa6 ../Arm_bsp/\libhal_bsp.a(alt_errno.o)
 .debug_info    0x0000000000004903       0x92 ../Arm_bsp/\libhal_bsp.a(alt_icache_flush_all.o)
 .debug_info    0x0000000000004995      0x4a5 ../Arm_bsp/\libhal_bsp.a(alt_io_redirect.o)
 .debug_info    0x0000000000004e3a      0x3bb ../Arm_bsp/\libhal_bsp.a(alt_open.o)
 .debug_info    0x00000000000051f5      0x2b0 ../Arm_bsp/\libhal_bsp.a(alt_release_fd.o)
 .debug_info    0x00000000000054a5       0x92 ../Arm_bsp/\libhal_bsp.a(altera_nios2_gen2_irq.o)
 .debug_info    0x0000000000005537      0x2e9 ../Arm_bsp/\libhal_bsp.a(alt_find_dev.o)
 .debug_info    0x0000000000005820      0x2e6 ../Arm_bsp/\libhal_bsp.a(alt_find_file.o)
 .debug_info    0x0000000000005b06      0x310 ../Arm_bsp/\libhal_bsp.a(alt_get_fd.o)
 .debug_info    0x0000000000005e16       0xfe c:/soc/nios2eds/bin/gnu/h-x86_64-mingw32/bin/../lib/gcc/nios2-elf/5.3.0/../../../../../H-x86_64-mingw32/nios2-elf/lib/mno-hw-mul\libsmallc.a(lib_a-atexit.o)
 .debug_info    0x0000000000005f14       0xe5 c:/soc/nios2eds/bin/gnu/h-x86_64-mingw32/bin/../lib/gcc/nios2-elf/5.3.0/../../../../../H-x86_64-mingw32/nios2-elf/lib/mno-hw-mul\libsmallc.a(lib_a-exit.o)
 .debug_info    0x0000000000005ff9       0xf4 c:/soc/nios2eds/bin/gnu/h-x86_64-mingw32/bin/../lib/gcc/nios2-elf/5.3.0/../../../../../H-x86_64-mingw32/nios2-elf/lib/mno-hw-mul\libsmallc.a(lib_a-memcmp.o)
 .debug_info    0x00000000000060ed      0x64a c:/soc/nios2eds/bin/gnu/h-x86_64-mingw32/bin/../lib/gcc/nios2-elf/5.3.0/../../../../../H-x86_64-mingw32/nios2-elf/lib/mno-hw-mul\libsmallc.a(lib_a-__atexit.o)
 .debug_info    0x0000000000006737      0x67b c:/soc/nios2eds/bin/gnu/h-x86_64-mingw32/bin/../lib/gcc/nios2-elf/5.3.0/../../../../../H-x86_64-mingw32/nios2-elf/lib/mno-hw-mul\libsmallc.a(lib_a-__call_atexit.o)
 .debug_info    0x0000000000006db2       0xec ../Arm_bsp/\libhal_bsp.a(alt_exit.o)

.debug_abbrev   0x0000000000000000     0x24e3
 *(.debug_abbrev)
 .debug_abbrev  0x0000000000000000       0x12 ../Arm_bsp//obj/HAL/src/crt0.o
 .debug_abbrev  0x0000000000000012       0x83 obj/default/source.o
 .debug_abbrev  0x0000000000000095      0x1ee c:/soc/nios2eds/bin/gnu/h-x86_64-mingw32/bin/../lib/gcc/nios2-elf/5.3.0/../../../../../H-x86_64-mingw32/nios2-elf/lib/mno-hw-mul\libsmallc.a(lib_a-printf.o)
 .debug_abbrev  0x0000000000000283      0x2a1 c:/soc/nios2eds/bin/gnu/h-x86_64-mingw32/bin/../lib/gcc/nios2-elf/5.3.0/../../../../../H-x86_64-mingw32/nios2-elf/lib/mno-hw-mul\libsmallc.a(lib_a-vfprintf.o)
 .debug_abbrev  0x0000000000000524      0x1bc c:/soc/nios2eds/bin/gnu/h-x86_64-mingw32/bin/../lib/gcc/nios2-elf/5.3.0/../../../../../H-x86_64-mingw32/nios2-elf/lib/mno-hw-mul\libsmallc.a(lib_a-fvwrite_small_dev.o)
 .debug_abbrev  0x00000000000006e0      0x14a c:/soc/nios2eds/bin/gnu/h-x86_64-mingw32/bin/../lib/gcc/nios2-elf/5.3.0/../../../../../H-x86_64-mingw32/nios2-elf/lib/mno-hw-mul\libsmallc.a(lib_a-impure.o)
 .debug_abbrev  0x000000000000082a       0x7f c:/soc/nios2eds/bin/gnu/h-x86_64-mingw32/bin/../lib/gcc/nios2-elf/5.3.0/../../../../../H-x86_64-mingw32/nios2-elf/lib/mno-hw-mul\libsmallc.a(lib_a-strlen.o)
 .debug_abbrev  0x00000000000008a9      0x1a6 c:/soc/nios2eds/bin/gnu/h-x86_64-mingw32/bin/../lib/gcc/nios2-elf/5.3.0/../../../../../H-x86_64-mingw32/nios2-elf/lib/mno-hw-mul\libsmallc.a(lib_a-writer.o)
 .debug_abbrev  0x0000000000000a4f       0x37 c:/soc/nios2eds/bin/gnu/h-x86_64-mingw32/bin/../lib/gcc/nios2-elf/5.3.0/../../../../../H-x86_64-mingw32/nios2-elf/lib/mno-hw-mul\libsmallc.a(lib_a-int_errno.o)
 .debug_abbrev  0x0000000000000a86      0x10e c:/soc/nios2eds/bin/gnu/h-x86_64-mingw32/bin/../lib/gcc/nios2-elf/5.3.0/mno-hw-mul\libgcc.a(lib2-divmod.o)
 .debug_abbrev  0x0000000000000b94       0x6f c:/soc/nios2eds/bin/gnu/h-x86_64-mingw32/bin/../lib/gcc/nios2-elf/5.3.0/mno-hw-mul\libgcc.a(lib2-mul.o)
 .debug_abbrev  0x0000000000000c03       0x9f ../Arm_bsp/\libhal_bsp.a(alt_load.o)
 .debug_abbrev  0x0000000000000ca2       0xba ../Arm_bsp/\libhal_bsp.a(alt_main.o)
 .debug_abbrev  0x0000000000000d5c       0x60 ../Arm_bsp/\libhal_bsp.a(alt_usleep.o)
 .debug_abbrev  0x0000000000000dbc      0x133 ../Arm_bsp/\libhal_bsp.a(alt_write.o)
 .debug_abbrev  0x0000000000000eef      0x157 ../Arm_bsp/\libhal_bsp.a(alt_sys_init.o)
 .debug_abbrev  0x0000000000001046       0xf7 ../Arm_bsp/\libhal_bsp.a(altera_avalon_jtag_uart_fd.o)
 .debug_abbrev  0x000000000000113d       0xd5 ../Arm_bsp/\libhal_bsp.a(altera_avalon_jtag_uart_read.o)
 .debug_abbrev  0x0000000000001212       0xd5 ../Arm_bsp/\libhal_bsp.a(altera_avalon_jtag_uart_write.o)
 .debug_abbrev  0x00000000000012e7       0x7e ../Arm_bsp/\libhal_bsp.a(alt_busy_sleep.o)
 .debug_abbrev  0x0000000000001365      0x11f ../Arm_bsp/\libhal_bsp.a(alt_close.o)
 .debug_abbrev  0x0000000000001484       0x42 ../Arm_bsp/\libhal_bsp.a(alt_dcache_flush_all.o)
 .debug_abbrev  0x00000000000014c6       0xd9 ../Arm_bsp/\libhal_bsp.a(alt_dev.o)
 .debug_abbrev  0x000000000000159f      0x114 ../Arm_bsp/\libhal_bsp.a(alt_dev_llist_insert.o)
 .debug_abbrev  0x00000000000016b3       0x79 ../Arm_bsp/\libhal_bsp.a(alt_do_ctors.o)
 .debug_abbrev  0x000000000000172c       0x79 ../Arm_bsp/\libhal_bsp.a(alt_do_dtors.o)
 .debug_abbrev  0x00000000000017a5       0x5a ../Arm_bsp/\libhal_bsp.a(alt_errno.o)
 .debug_abbrev  0x00000000000017ff       0x42 ../Arm_bsp/\libhal_bsp.a(alt_icache_flush_all.o)
 .debug_abbrev  0x0000000000001841      0x114 ../Arm_bsp/\libhal_bsp.a(alt_io_redirect.o)
 .debug_abbrev  0x0000000000001955      0x148 ../Arm_bsp/\libhal_bsp.a(alt_open.o)
 .debug_abbrev  0x0000000000001a9d       0xde ../Arm_bsp/\libhal_bsp.a(alt_release_fd.o)
 .debug_abbrev  0x0000000000001b7b       0x42 ../Arm_bsp/\libhal_bsp.a(altera_nios2_gen2_irq.o)
 .debug_abbrev  0x0000000000001bbd       0xf0 ../Arm_bsp/\libhal_bsp.a(alt_find_dev.o)
 .debug_abbrev  0x0000000000001cad       0xf0 ../Arm_bsp/\libhal_bsp.a(alt_find_file.o)
 .debug_abbrev  0x0000000000001d9d      0x10d ../Arm_bsp/\libhal_bsp.a(alt_get_fd.o)
 .debug_abbrev  0x0000000000001eaa       0xaa c:/soc/nios2eds/bin/gnu/h-x86_64-mingw32/bin/../lib/gcc/nios2-elf/5.3.0/../../../../../H-x86_64-mingw32/nios2-elf/lib/mno-hw-mul\libsmallc.a(lib_a-atexit.o)
 .debug_abbrev  0x0000000000001f54       0x8b c:/soc/nios2eds/bin/gnu/h-x86_64-mingw32/bin/../lib/gcc/nios2-elf/5.3.0/../../../../../H-x86_64-mingw32/nios2-elf/lib/mno-hw-mul\libsmallc.a(lib_a-exit.o)
 .debug_abbrev  0x0000000000001fdf       0x7f c:/soc/nios2eds/bin/gnu/h-x86_64-mingw32/bin/../lib/gcc/nios2-elf/5.3.0/../../../../../H-x86_64-mingw32/nios2-elf/lib/mno-hw-mul\libsmallc.a(lib_a-memcmp.o)
 .debug_abbrev  0x000000000000205e      0x1e6 c:/soc/nios2eds/bin/gnu/h-x86_64-mingw32/bin/../lib/gcc/nios2-elf/5.3.0/../../../../../H-x86_64-mingw32/nios2-elf/lib/mno-hw-mul\libsmallc.a(lib_a-__atexit.o)
 .debug_abbrev  0x0000000000002244      0x1f6 c:/soc/nios2eds/bin/gnu/h-x86_64-mingw32/bin/../lib/gcc/nios2-elf/5.3.0/../../../../../H-x86_64-mingw32/nios2-elf/lib/mno-hw-mul\libsmallc.a(lib_a-__call_atexit.o)
 .debug_abbrev  0x000000000000243a       0xa9 ../Arm_bsp/\libhal_bsp.a(alt_exit.o)

.debug_line     0x0000000000000000     0x2a55
 *(.debug_line)
 .debug_line    0x0000000000000000       0x66 ../Arm_bsp//obj/HAL/src/crt0.o
 .debug_line    0x0000000000000066      0x126 obj/default/source.o
 .debug_line    0x000000000000018c      0x203 c:/soc/nios2eds/bin/gnu/h-x86_64-mingw32/bin/../lib/gcc/nios2-elf/5.3.0/../../../../../H-x86_64-mingw32/nios2-elf/lib/mno-hw-mul\libsmallc.a(lib_a-printf.o)
 .debug_line    0x000000000000038f      0x351 c:/soc/nios2eds/bin/gnu/h-x86_64-mingw32/bin/../lib/gcc/nios2-elf/5.3.0/../../../../../H-x86_64-mingw32/nios2-elf/lib/mno-hw-mul\libsmallc.a(lib_a-vfprintf.o)
 .debug_line    0x00000000000006e0      0x1f0 c:/soc/nios2eds/bin/gnu/h-x86_64-mingw32/bin/../lib/gcc/nios2-elf/5.3.0/../../../../../H-x86_64-mingw32/nios2-elf/lib/mno-hw-mul\libsmallc.a(lib_a-fvwrite_small_dev.o)
 .debug_line    0x00000000000008d0      0x156 c:/soc/nios2eds/bin/gnu/h-x86_64-mingw32/bin/../lib/gcc/nios2-elf/5.3.0/../../../../../H-x86_64-mingw32/nios2-elf/lib/mno-hw-mul\libsmallc.a(lib_a-impure.o)
 .debug_line    0x0000000000000a26      0x15c c:/soc/nios2eds/bin/gnu/h-x86_64-mingw32/bin/../lib/gcc/nios2-elf/5.3.0/../../../../../H-x86_64-mingw32/nios2-elf/lib/mno-hw-mul\libsmallc.a(lib_a-strlen.o)
 .debug_line    0x0000000000000b82      0x1ed c:/soc/nios2eds/bin/gnu/h-x86_64-mingw32/bin/../lib/gcc/nios2-elf/5.3.0/../../../../../H-x86_64-mingw32/nios2-elf/lib/mno-hw-mul\libsmallc.a(lib_a-writer.o)
 .debug_line    0x0000000000000d6f       0x5f c:/soc/nios2eds/bin/gnu/h-x86_64-mingw32/bin/../lib/gcc/nios2-elf/5.3.0/../../../../../H-x86_64-mingw32/nios2-elf/lib/mno-hw-mul\libsmallc.a(lib_a-int_errno.o)
 .debug_line    0x0000000000000dce      0x105 c:/soc/nios2eds/bin/gnu/h-x86_64-mingw32/bin/../lib/gcc/nios2-elf/5.3.0/mno-hw-mul\libgcc.a(lib2-divmod.o)
 .debug_line    0x0000000000000ed3       0x80 c:/soc/nios2eds/bin/gnu/h-x86_64-mingw32/bin/../lib/gcc/nios2-elf/5.3.0/mno-hw-mul\libgcc.a(lib2-mul.o)
 .debug_line    0x0000000000000f53       0x8e ../Arm_bsp/\libhal_bsp.a(alt_load.o)
 .debug_line    0x0000000000000fe1       0xa4 ../Arm_bsp/\libhal_bsp.a(alt_main.o)
 .debug_line    0x0000000000001085       0x9d ../Arm_bsp/\libhal_bsp.a(alt_usleep.o)
 .debug_line    0x0000000000001122      0x1bb ../Arm_bsp/\libhal_bsp.a(alt_write.o)
 .debug_line    0x00000000000012dd      0x126 ../Arm_bsp/\libhal_bsp.a(alt_sys_init.o)
 .debug_line    0x0000000000001403      0x112 ../Arm_bsp/\libhal_bsp.a(altera_avalon_jtag_uart_fd.o)
 .debug_line    0x0000000000001515       0xfd ../Arm_bsp/\libhal_bsp.a(altera_avalon_jtag_uart_read.o)
 .debug_line    0x0000000000001612       0xf4 ../Arm_bsp/\libhal_bsp.a(altera_avalon_jtag_uart_write.o)
 .debug_line    0x0000000000001706       0xa2 ../Arm_bsp/\libhal_bsp.a(alt_busy_sleep.o)
 .debug_line    0x00000000000017a8      0x155 ../Arm_bsp/\libhal_bsp.a(alt_close.o)
 .debug_line    0x00000000000018fd       0x51 ../Arm_bsp/\libhal_bsp.a(alt_dcache_flush_all.o)
 .debug_line    0x000000000000194e       0xe8 ../Arm_bsp/\libhal_bsp.a(alt_dev.o)
 .debug_line    0x0000000000001a36       0xcf ../Arm_bsp/\libhal_bsp.a(alt_dev_llist_insert.o)
 .debug_line    0x0000000000001b05       0x59 ../Arm_bsp/\libhal_bsp.a(alt_do_ctors.o)
 .debug_line    0x0000000000001b5e       0x59 ../Arm_bsp/\libhal_bsp.a(alt_do_dtors.o)
 .debug_line    0x0000000000001bb7       0x51 ../Arm_bsp/\libhal_bsp.a(alt_errno.o)
 .debug_line    0x0000000000001c08       0x4f ../Arm_bsp/\libhal_bsp.a(alt_icache_flush_all.o)
 .debug_line    0x0000000000001c57      0x125 ../Arm_bsp/\libhal_bsp.a(alt_io_redirect.o)
 .debug_line    0x0000000000001d7c      0x12b ../Arm_bsp/\libhal_bsp.a(alt_open.o)
 .debug_line    0x0000000000001ea7       0xb0 ../Arm_bsp/\libhal_bsp.a(alt_release_fd.o)
 .debug_line    0x0000000000001f57       0x51 ../Arm_bsp/\libhal_bsp.a(altera_nios2_gen2_irq.o)
 .debug_line    0x0000000000001fa8       0xb5 ../Arm_bsp/\libhal_bsp.a(alt_find_dev.o)
 .debug_line    0x000000000000205d       0xd1 ../Arm_bsp/\libhal_bsp.a(alt_find_file.o)
 .debug_line    0x000000000000212e       0xd7 ../Arm_bsp/\libhal_bsp.a(alt_get_fd.o)
 .debug_line    0x0000000000002205       0xe7 c:/soc/nios2eds/bin/gnu/h-x86_64-mingw32/bin/../lib/gcc/nios2-elf/5.3.0/../../../../../H-x86_64-mingw32/nios2-elf/lib/mno-hw-mul\libsmallc.a(lib_a-atexit.o)
 .debug_line    0x00000000000022ec      0x159 c:/soc/nios2eds/bin/gnu/h-x86_64-mingw32/bin/../lib/gcc/nios2-elf/5.3.0/../../../../../H-x86_64-mingw32/nios2-elf/lib/mno-hw-mul\libsmallc.a(lib_a-exit.o)
 .debug_line    0x0000000000002445      0x160 c:/soc/nios2eds/bin/gnu/h-x86_64-mingw32/bin/../lib/gcc/nios2-elf/5.3.0/../../../../../H-x86_64-mingw32/nios2-elf/lib/mno-hw-mul\libsmallc.a(lib_a-memcmp.o)
 .debug_line    0x00000000000025a5      0x20d c:/soc/nios2eds/bin/gnu/h-x86_64-mingw32/bin/../lib/gcc/nios2-elf/5.3.0/../../../../../H-x86_64-mingw32/nios2-elf/lib/mno-hw-mul\libsmallc.a(lib_a-__atexit.o)
 .debug_line    0x00000000000027b2      0x232 c:/soc/nios2eds/bin/gnu/h-x86_64-mingw32/bin/../lib/gcc/nios2-elf/5.3.0/../../../../../H-x86_64-mingw32/nios2-elf/lib/mno-hw-mul\libsmallc.a(lib_a-__call_atexit.o)
 .debug_line    0x00000000000029e4       0x71 ../Arm_bsp/\libhal_bsp.a(alt_exit.o)

.debug_frame    0x0000000000000000      0x9d0
 *(.debug_frame)
 .debug_frame   0x0000000000000000       0x2c obj/default/source.o
 .debug_frame   0x000000000000002c       0x48 c:/soc/nios2eds/bin/gnu/h-x86_64-mingw32/bin/../lib/gcc/nios2-elf/5.3.0/../../../../../H-x86_64-mingw32/nios2-elf/lib/mno-hw-mul\libsmallc.a(lib_a-printf.o)
 .debug_frame   0x0000000000000074       0x8c c:/soc/nios2eds/bin/gnu/h-x86_64-mingw32/bin/../lib/gcc/nios2-elf/5.3.0/../../../../../H-x86_64-mingw32/nios2-elf/lib/mno-hw-mul\libsmallc.a(lib_a-vfprintf.o)
 .debug_frame   0x0000000000000100       0x58 c:/soc/nios2eds/bin/gnu/h-x86_64-mingw32/bin/../lib/gcc/nios2-elf/5.3.0/../../../../../H-x86_64-mingw32/nios2-elf/lib/mno-hw-mul\libsmallc.a(lib_a-fvwrite_small_dev.o)
 .debug_frame   0x0000000000000158       0x20 c:/soc/nios2eds/bin/gnu/h-x86_64-mingw32/bin/../lib/gcc/nios2-elf/5.3.0/../../../../../H-x86_64-mingw32/nios2-elf/lib/mno-hw-mul\libsmallc.a(lib_a-strlen.o)
 .debug_frame   0x0000000000000178       0x38 c:/soc/nios2eds/bin/gnu/h-x86_64-mingw32/bin/../lib/gcc/nios2-elf/5.3.0/../../../../../H-x86_64-mingw32/nios2-elf/lib/mno-hw-mul\libsmallc.a(lib_a-writer.o)
 .debug_frame   0x00000000000001b0       0x50 c:/soc/nios2eds/bin/gnu/h-x86_64-mingw32/bin/../lib/gcc/nios2-elf/5.3.0/mno-hw-mul\libgcc.a(lib2-divmod.o)
 .debug_frame   0x0000000000000200       0x20 c:/soc/nios2eds/bin/gnu/h-x86_64-mingw32/bin/../lib/gcc/nios2-elf/5.3.0/mno-hw-mul\libgcc.a(lib2-mul.o)
 .debug_frame   0x0000000000000220       0x5c ../Arm_bsp/\libhal_bsp.a(alt_load.o)
 .debug_frame   0x000000000000027c       0x2c ../Arm_bsp/\libhal_bsp.a(alt_main.o)
 .debug_frame   0x00000000000002a8       0x38 ../Arm_bsp/\libhal_bsp.a(alt_usleep.o)
 .debug_frame   0x00000000000002e0       0x60 ../Arm_bsp/\libhal_bsp.a(alt_write.o)
 .debug_frame   0x0000000000000340       0x88 ../Arm_bsp/\libhal_bsp.a(alt_sys_init.o)
 .debug_frame   0x00000000000003c8       0x60 ../Arm_bsp/\libhal_bsp.a(altera_avalon_jtag_uart_fd.o)
 .debug_frame   0x0000000000000428       0x34 ../Arm_bsp/\libhal_bsp.a(altera_avalon_jtag_uart_read.o)
 .debug_frame   0x000000000000045c       0x34 ../Arm_bsp/\libhal_bsp.a(altera_avalon_jtag_uart_write.o)
 .debug_frame   0x0000000000000490       0x38 ../Arm_bsp/\libhal_bsp.a(alt_busy_sleep.o)
 .debug_frame   0x00000000000004c8       0x60 ../Arm_bsp/\libhal_bsp.a(alt_close.o)
 .debug_frame   0x0000000000000528       0x34 ../Arm_bsp/\libhal_bsp.a(alt_dcache_flush_all.o)
 .debug_frame   0x000000000000055c       0x34 ../Arm_bsp/\libhal_bsp.a(alt_dev.o)
 .debug_frame   0x0000000000000590       0x60 ../Arm_bsp/\libhal_bsp.a(alt_dev_llist_insert.o)
 .debug_frame   0x00000000000005f0       0x38 ../Arm_bsp/\libhal_bsp.a(alt_do_ctors.o)
 .debug_frame   0x0000000000000628       0x38 ../Arm_bsp/\libhal_bsp.a(alt_do_dtors.o)
 .debug_frame   0x0000000000000660       0x34 ../Arm_bsp/\libhal_bsp.a(alt_icache_flush_all.o)
 .debug_frame   0x0000000000000694       0x64 ../Arm_bsp/\libhal_bsp.a(alt_io_redirect.o)
 .debug_frame   0x00000000000006f8       0x8c ../Arm_bsp/\libhal_bsp.a(alt_open.o)
 .debug_frame   0x0000000000000784       0x3c ../Arm_bsp/\libhal_bsp.a(alt_release_fd.o)
 .debug_frame   0x00000000000007c0       0x34 ../Arm_bsp/\libhal_bsp.a(altera_nios2_gen2_irq.o)
 .debug_frame   0x00000000000007f4       0x38 ../Arm_bsp/\libhal_bsp.a(alt_find_dev.o)
 .debug_frame   0x000000000000082c       0x38 ../Arm_bsp/\libhal_bsp.a(alt_find_file.o)
 .debug_frame   0x0000000000000864       0x3c ../Arm_bsp/\libhal_bsp.a(alt_get_fd.o)
 .debug_frame   0x00000000000008a0       0x20 c:/soc/nios2eds/bin/gnu/h-x86_64-mingw32/bin/../lib/gcc/nios2-elf/5.3.0/../../../../../H-x86_64-mingw32/nios2-elf/lib/mno-hw-mul\libsmallc.a(lib_a-atexit.o)
 .debug_frame   0x00000000000008c0       0x28 c:/soc/nios2eds/bin/gnu/h-x86_64-mingw32/bin/../lib/gcc/nios2-elf/5.3.0/../../../../../H-x86_64-mingw32/nios2-elf/lib/mno-hw-mul\libsmallc.a(lib_a-exit.o)
 .debug_frame   0x00000000000008e8       0x20 c:/soc/nios2eds/bin/gnu/h-x86_64-mingw32/bin/../lib/gcc/nios2-elf/5.3.0/../../../../../H-x86_64-mingw32/nios2-elf/lib/mno-hw-mul\libsmallc.a(lib_a-memcmp.o)
 .debug_frame   0x0000000000000908       0x48 c:/soc/nios2eds/bin/gnu/h-x86_64-mingw32/bin/../lib/gcc/nios2-elf/5.3.0/../../../../../H-x86_64-mingw32/nios2-elf/lib/mno-hw-mul\libsmallc.a(lib_a-__atexit.o)
 .debug_frame   0x0000000000000950       0x54 c:/soc/nios2eds/bin/gnu/h-x86_64-mingw32/bin/../lib/gcc/nios2-elf/5.3.0/../../../../../H-x86_64-mingw32/nios2-elf/lib/mno-hw-mul\libsmallc.a(lib_a-__call_atexit.o)
 .debug_frame   0x00000000000009a4       0x2c ../Arm_bsp/\libhal_bsp.a(alt_exit.o)

.debug_str      0x0000000000000000     0x16a6
 *(.debug_str)
 .debug_str     0x0000000000000000       0xfa obj/default/source.o
                                        0x141 (size before relaxing)
 .debug_str     0x00000000000000fa      0x429 c:/soc/nios2eds/bin/gnu/h-x86_64-mingw32/bin/../lib/gcc/nios2-elf/5.3.0/../../../../../H-x86_64-mingw32/nios2-elf/lib/mno-hw-mul\libsmallc.a(lib_a-printf.o)
                                        0x504 (size before relaxing)
 .debug_str     0x0000000000000523      0x1ff c:/soc/nios2eds/bin/gnu/h-x86_64-mingw32/bin/../lib/gcc/nios2-elf/5.3.0/../../../../../H-x86_64-mingw32/nios2-elf/lib/mno-hw-mul\libsmallc.a(lib_a-vfprintf.o)
                                        0x67f (size before relaxing)
 .debug_str     0x0000000000000722       0x78 c:/soc/nios2eds/bin/gnu/h-x86_64-mingw32/bin/../lib/gcc/nios2-elf/5.3.0/../../../../../H-x86_64-mingw32/nios2-elf/lib/mno-hw-mul\libsmallc.a(lib_a-fvwrite_small_dev.o)
                                        0x4d4 (size before relaxing)
 .debug_str     0x000000000000079a       0xef c:/soc/nios2eds/bin/gnu/h-x86_64-mingw32/bin/../lib/gcc/nios2-elf/5.3.0/../../../../../H-x86_64-mingw32/nios2-elf/lib/mno-hw-mul\libsmallc.a(lib_a-impure.o)
                                        0x4be (size before relaxing)
 .debug_str     0x0000000000000889       0xd2 c:/soc/nios2eds/bin/gnu/h-x86_64-mingw32/bin/../lib/gcc/nios2-elf/5.3.0/../../../../../H-x86_64-mingw32/nios2-elf/lib/mno-hw-mul\libsmallc.a(lib_a-strlen.o)
                                        0x1e5 (size before relaxing)
 .debug_str     0x000000000000095b       0x45 c:/soc/nios2eds/bin/gnu/h-x86_64-mingw32/bin/../lib/gcc/nios2-elf/5.3.0/../../../../../H-x86_64-mingw32/nios2-elf/lib/mno-hw-mul\libsmallc.a(lib_a-writer.o)
                                        0x4b8 (size before relaxing)
 .debug_str     0x00000000000009a0       0x3f c:/soc/nios2eds/bin/gnu/h-x86_64-mingw32/bin/../lib/gcc/nios2-elf/5.3.0/../../../../../H-x86_64-mingw32/nios2-elf/lib/mno-hw-mul\libsmallc.a(lib_a-int_errno.o)
                                        0x1d8 (size before relaxing)
 .debug_str     0x00000000000009df      0x187 c:/soc/nios2eds/bin/gnu/h-x86_64-mingw32/bin/../lib/gcc/nios2-elf/5.3.0/mno-hw-mul\libgcc.a(lib2-divmod.o)
                                        0x1d2 (size before relaxing)
 .debug_str     0x0000000000000b66       0x40 c:/soc/nios2eds/bin/gnu/h-x86_64-mingw32/bin/../lib/gcc/nios2-elf/5.3.0/mno-hw-mul\libgcc.a(lib2-mul.o)
                                        0x193 (size before relaxing)
 .debug_str     0x0000000000000ba6      0x115 ../Arm_bsp/\libhal_bsp.a(alt_load.o)
                                        0x1fc (size before relaxing)
 .debug_str     0x0000000000000cbb       0x70 ../Arm_bsp/\libhal_bsp.a(alt_main.o)
                                        0x187 (size before relaxing)
 .debug_str     0x0000000000000d2b       0x27 ../Arm_bsp/\libhal_bsp.a(alt_usleep.o)
                                        0x132 (size before relaxing)
 .debug_str     0x0000000000000d52      0x15f ../Arm_bsp/\libhal_bsp.a(alt_write.o)
                                        0x2e2 (size before relaxing)
 .debug_str     0x0000000000000eb1      0x100 ../Arm_bsp/\libhal_bsp.a(alt_sys_init.o)
                                        0x2be (size before relaxing)
 .debug_str     0x0000000000000fb1       0x77 ../Arm_bsp/\libhal_bsp.a(altera_avalon_jtag_uart_fd.o)
                                        0x2bf (size before relaxing)
 .debug_str     0x0000000000001028       0x48 ../Arm_bsp/\libhal_bsp.a(altera_avalon_jtag_uart_read.o)
                                        0x209 (size before relaxing)
 .debug_str     0x0000000000001070       0x4a ../Arm_bsp/\libhal_bsp.a(altera_avalon_jtag_uart_write.o)
                                        0x1ff (size before relaxing)
 .debug_str     0x00000000000010ba       0x42 ../Arm_bsp/\libhal_bsp.a(alt_busy_sleep.o)
                                        0x155 (size before relaxing)
 .debug_str     0x00000000000010fc       0x1b ../Arm_bsp/\libhal_bsp.a(alt_close.o)
                                        0x1f5 (size before relaxing)
 .debug_str     0x0000000000001117       0x34 ../Arm_bsp/\libhal_bsp.a(alt_dcache_flush_all.o)
                                        0x13f (size before relaxing)
 .debug_str     0x000000000000114b       0x50 ../Arm_bsp/\libhal_bsp.a(alt_dev.o)
                                        0x2ef (size before relaxing)
 .debug_str     0x000000000000119b       0x4b ../Arm_bsp/\libhal_bsp.a(alt_dev_llist_insert.o)
                                        0x1b6 (size before relaxing)
 .debug_str     0x00000000000011e6       0x48 ../Arm_bsp/\libhal_bsp.a(alt_do_ctors.o)
                                         0xba (size before relaxing)
 .debug_str     0x000000000000122e       0x4c ../Arm_bsp/\libhal_bsp.a(alt_do_dtors.o)
                                         0xb9 (size before relaxing)
 .debug_str     0x000000000000127a       0x14 ../Arm_bsp/\libhal_bsp.a(alt_errno.o)
                                        0x12f (size before relaxing)
 .debug_str     0x000000000000128e       0x34 ../Arm_bsp/\libhal_bsp.a(alt_icache_flush_all.o)
                                        0x13f (size before relaxing)
 .debug_str     0x00000000000012c2       0x56 ../Arm_bsp/\libhal_bsp.a(alt_io_redirect.o)
                                        0x300 (size before relaxing)
 .debug_str     0x0000000000001318       0x36 ../Arm_bsp/\libhal_bsp.a(alt_open.o)
                                        0x235 (size before relaxing)
 .debug_str     0x000000000000134e       0x28 ../Arm_bsp/\libhal_bsp.a(alt_release_fd.o)
                                        0x1bd (size before relaxing)
 .debug_str     0x0000000000001376       0x3b ../Arm_bsp/\libhal_bsp.a(altera_nios2_gen2_irq.o)
                                        0x146 (size before relaxing)
 .debug_str     0x00000000000013b1       0x24 ../Arm_bsp/\libhal_bsp.a(alt_find_dev.o)
                                        0x1d6 (size before relaxing)
 .debug_str     0x00000000000013d5       0x26 ../Arm_bsp/\libhal_bsp.a(alt_find_file.o)
                                        0x1e4 (size before relaxing)
 .debug_str     0x00000000000013fb       0x30 ../Arm_bsp/\libhal_bsp.a(alt_get_fd.o)
                                        0x206 (size before relaxing)
 .debug_str     0x000000000000142b      0x116 c:/soc/nios2eds/bin/gnu/h-x86_64-mingw32/bin/../lib/gcc/nios2-elf/5.3.0/../../../../../H-x86_64-mingw32/nios2-elf/lib/mno-hw-mul\libsmallc.a(lib_a-atexit.o)
                                        0x21c (size before relaxing)
 .debug_str     0x0000000000001541       0x4c c:/soc/nios2eds/bin/gnu/h-x86_64-mingw32/bin/../lib/gcc/nios2-elf/5.3.0/../../../../../H-x86_64-mingw32/nios2-elf/lib/mno-hw-mul\libsmallc.a(lib_a-exit.o)
                                        0x1f0 (size before relaxing)
 .debug_str     0x000000000000158d       0x44 c:/soc/nios2eds/bin/gnu/h-x86_64-mingw32/bin/../lib/gcc/nios2-elf/5.3.0/../../../../../H-x86_64-mingw32/nios2-elf/lib/mno-hw-mul\libsmallc.a(lib_a-memcmp.o)
                                        0x1df (size before relaxing)
 .debug_str     0x00000000000015d1       0x46 c:/soc/nios2eds/bin/gnu/h-x86_64-mingw32/bin/../lib/gcc/nios2-elf/5.3.0/../../../../../H-x86_64-mingw32/nios2-elf/lib/mno-hw-mul\libsmallc.a(lib_a-__atexit.o)
                                        0x4ff (size before relaxing)
 .debug_str     0x0000000000001617       0x65 c:/soc/nios2eds/bin/gnu/h-x86_64-mingw32/bin/../lib/gcc/nios2-elf/5.3.0/../../../../../H-x86_64-mingw32/nios2-elf/lib/mno-hw-mul\libsmallc.a(lib_a-__call_atexit.o)
                                        0x4eb (size before relaxing)
 .debug_str     0x000000000000167c       0x2a ../Arm_bsp/\libhal_bsp.a(alt_exit.o)
                                        0x13b (size before relaxing)

.debug_loc      0x0000000000000000     0x1543
 *(.debug_loc)
 .debug_loc     0x0000000000000000       0xc6 c:/soc/nios2eds/bin/gnu/h-x86_64-mingw32/bin/../lib/gcc/nios2-elf/5.3.0/../../../../../H-x86_64-mingw32/nios2-elf/lib/mno-hw-mul\libsmallc.a(lib_a-printf.o)
 .debug_loc     0x00000000000000c6      0x954 c:/soc/nios2eds/bin/gnu/h-x86_64-mingw32/bin/../lib/gcc/nios2-elf/5.3.0/../../../../../H-x86_64-mingw32/nios2-elf/lib/mno-hw-mul\libsmallc.a(lib_a-vfprintf.o)
 .debug_loc     0x0000000000000a1a      0x110 c:/soc/nios2eds/bin/gnu/h-x86_64-mingw32/bin/../lib/gcc/nios2-elf/5.3.0/../../../../../H-x86_64-mingw32/nios2-elf/lib/mno-hw-mul\libsmallc.a(lib_a-fvwrite_small_dev.o)
 .debug_loc     0x0000000000000b2a       0x1e c:/soc/nios2eds/bin/gnu/h-x86_64-mingw32/bin/../lib/gcc/nios2-elf/5.3.0/../../../../../H-x86_64-mingw32/nios2-elf/lib/mno-hw-mul\libsmallc.a(lib_a-strlen.o)
 .debug_loc     0x0000000000000b48       0xa5 c:/soc/nios2eds/bin/gnu/h-x86_64-mingw32/bin/../lib/gcc/nios2-elf/5.3.0/../../../../../H-x86_64-mingw32/nios2-elf/lib/mno-hw-mul\libsmallc.a(lib_a-writer.o)
 .debug_loc     0x0000000000000bed      0x4ce c:/soc/nios2eds/bin/gnu/h-x86_64-mingw32/bin/../lib/gcc/nios2-elf/5.3.0/mno-hw-mul\libgcc.a(lib2-divmod.o)
 .debug_loc     0x00000000000010bb       0x93 c:/soc/nios2eds/bin/gnu/h-x86_64-mingw32/bin/../lib/gcc/nios2-elf/5.3.0/mno-hw-mul\libgcc.a(lib2-mul.o)
 .debug_loc     0x000000000000114e       0x2c c:/soc/nios2eds/bin/gnu/h-x86_64-mingw32/bin/../lib/gcc/nios2-elf/5.3.0/../../../../../H-x86_64-mingw32/nios2-elf/lib/mno-hw-mul\libsmallc.a(lib_a-atexit.o)
 .debug_loc     0x000000000000117a       0x1e c:/soc/nios2eds/bin/gnu/h-x86_64-mingw32/bin/../lib/gcc/nios2-elf/5.3.0/../../../../../H-x86_64-mingw32/nios2-elf/lib/mno-hw-mul\libsmallc.a(lib_a-exit.o)
 .debug_loc     0x0000000000001198       0x94 c:/soc/nios2eds/bin/gnu/h-x86_64-mingw32/bin/../lib/gcc/nios2-elf/5.3.0/../../../../../H-x86_64-mingw32/nios2-elf/lib/mno-hw-mul\libsmallc.a(lib_a-memcmp.o)
 .debug_loc     0x000000000000122c      0x1c0 c:/soc/nios2eds/bin/gnu/h-x86_64-mingw32/bin/../lib/gcc/nios2-elf/5.3.0/../../../../../H-x86_64-mingw32/nios2-elf/lib/mno-hw-mul\libsmallc.a(lib_a-__atexit.o)
 .debug_loc     0x00000000000013ec      0x157 c:/soc/nios2eds/bin/gnu/h-x86_64-mingw32/bin/../lib/gcc/nios2-elf/5.3.0/../../../../../H-x86_64-mingw32/nios2-elf/lib/mno-hw-mul\libsmallc.a(lib_a-__call_atexit.o)

.debug_macinfo
 *(.debug_macinfo)

.debug_weaknames
 *(.debug_weaknames)

.debug_funcnames
 *(.debug_funcnames)

.debug_typenames
 *(.debug_typenames)

.debug_varnames
 *(.debug_varnames)

.debug_alt_sim_info
                0x0000000000000000       0x40
 *(.debug_alt_sim_info)
 .debug_alt_sim_info
                0x0000000000000000       0x10 ../Arm_bsp//obj/HAL/src/crt0.o
 .debug_alt_sim_info
                0x0000000000000010       0x30 ../Arm_bsp/\libhal_bsp.a(alt_busy_sleep.o)
                0x0000000000010000                __alt_data_end = 0x10000
                0x0000000000010000                PROVIDE (__alt_stack_pointer, __alt_data_end)
                [!provide]                        PROVIDE (__alt_stack_limit, __alt_stack_base)
                [!provide]                        PROVIDE (__alt_heap_start, end)
                [!provide]                        PROVIDE (__alt_heap_limit, 0x10000)
OUTPUT(Arm.elf elf32-littlenios2)

.debug_ranges   0x0000000000000000      0x228
 .debug_ranges  0x0000000000000000       0x20 ../Arm_bsp//obj/HAL/src/crt0.o
 .debug_ranges  0x0000000000000020       0x18 c:/soc/nios2eds/bin/gnu/h-x86_64-mingw32/bin/../lib/gcc/nios2-elf/5.3.0/../../../../../H-x86_64-mingw32/nios2-elf/lib/mno-hw-mul\libsmallc.a(lib_a-printf.o)
 .debug_ranges  0x0000000000000038       0xc8 c:/soc/nios2eds/bin/gnu/h-x86_64-mingw32/bin/../lib/gcc/nios2-elf/5.3.0/../../../../../H-x86_64-mingw32/nios2-elf/lib/mno-hw-mul\libsmallc.a(lib_a-vfprintf.o)
 .debug_ranges  0x0000000000000100       0x28 c:/soc/nios2eds/bin/gnu/h-x86_64-mingw32/bin/../lib/gcc/nios2-elf/5.3.0/../../../../../H-x86_64-mingw32/nios2-elf/lib/mno-hw-mul\libsmallc.a(lib_a-fvwrite_small_dev.o)
 .debug_ranges  0x0000000000000128       0x10 c:/soc/nios2eds/bin/gnu/h-x86_64-mingw32/bin/../lib/gcc/nios2-elf/5.3.0/../../../../../H-x86_64-mingw32/nios2-elf/lib/mno-hw-mul\libsmallc.a(lib_a-strlen.o)
 .debug_ranges  0x0000000000000138       0x10 c:/soc/nios2eds/bin/gnu/h-x86_64-mingw32/bin/../lib/gcc/nios2-elf/5.3.0/../../../../../H-x86_64-mingw32/nios2-elf/lib/mno-hw-mul\libsmallc.a(lib_a-writer.o)
 .debug_ranges  0x0000000000000148       0x60 c:/soc/nios2eds/bin/gnu/h-x86_64-mingw32/bin/../lib/gcc/nios2-elf/5.3.0/mno-hw-mul\libgcc.a(lib2-divmod.o)
 .debug_ranges  0x00000000000001a8       0x18 ../Arm_bsp/\libhal_bsp.a(altera_avalon_jtag_uart_read.o)
 .debug_ranges  0x00000000000001c0       0x10 c:/soc/nios2eds/bin/gnu/h-x86_64-mingw32/bin/../lib/gcc/nios2-elf/5.3.0/../../../../../H-x86_64-mingw32/nios2-elf/lib/mno-hw-mul\libsmallc.a(lib_a-atexit.o)
 .debug_ranges  0x00000000000001d0       0x10 c:/soc/nios2eds/bin/gnu/h-x86_64-mingw32/bin/../lib/gcc/nios2-elf/5.3.0/../../../../../H-x86_64-mingw32/nios2-elf/lib/mno-hw-mul\libsmallc.a(lib_a-exit.o)
 .debug_ranges  0x00000000000001e0       0x10 c:/soc/nios2eds/bin/gnu/h-x86_64-mingw32/bin/../lib/gcc/nios2-elf/5.3.0/../../../../../H-x86_64-mingw32/nios2-elf/lib/mno-hw-mul\libsmallc.a(lib_a-memcmp.o)
 .debug_ranges  0x00000000000001f0       0x10 c:/soc/nios2eds/bin/gnu/h-x86_64-mingw32/bin/../lib/gcc/nios2-elf/5.3.0/../../../../../H-x86_64-mingw32/nios2-elf/lib/mno-hw-mul\libsmallc.a(lib_a-__atexit.o)
 .debug_ranges  0x0000000000000200       0x28 c:/soc/nios2eds/bin/gnu/h-x86_64-mingw32/bin/../lib/gcc/nios2-elf/5.3.0/../../../../../H-x86_64-mingw32/nios2-elf/lib/mno-hw-mul\libsmallc.a(lib_a-__call_atexit.o)
